<html>
<body>
<pre>
<h1>礦ision Build Log</h1>
<h2>Tool Versions:</h2>
IDE-Version: μVision V5.14.0.0
Copyright (C) 2015 ARM Ltd and ARM Germany GmbH. All rights reserved.
License Information: EWRWE Administrator, WER, LIC=ZB445-GKZ4Z-V1YP8-3SA3M-ST458-ZM3F8
 
Tool Versions:
Toolchain:       MDK-ARM Standard  Version: 5.14.0.0
Toolchain Path:  C:\Keil_v5\ARM\ARMCC\Bin
C Compiler:      Armcc.exe V5.05 update 1 (build 106)
Assembler:       Armasm.exe V5.05 update 1 (build 106)
Linker/Locator:  ArmLink.exe V5.05 update 1 (build 106)
Library Manager: ArmAr.exe V5.05 update 1 (build 106)
Hex Converter:   FromElf.exe V5.05 update 1 (build 106)
CPU DLL:         SARMCM3.DLL V5.14.0.0
Dialog DLL:      DARMSTM.DLL V1.65.0.0
Target DLL:      CMSIS_AGDI.dll V1.21.0.0
Dialog DLL:      TARMSTM.DLL V1.64.0.0
 
<h2>Project:</h2>
E:\stm32项目\工训赛-物流小车\程序\参考\中景园电子ZJY096S0700WG01技术资料\02-0.96OLED程序源码\IIC模块例程\STM32例程\03-0.96OLED显示屏STM32F103ZET6_IIC例程\USER\OLED.uvprojx
Project File Date:  02/19/2019

<h2>Output:</h2>
Build target 'Target 1'
compiling main.c...
linking...
Program Size: Code=7692 RO-data=8032 RW-data=2100 ZI-data=2988  
FromELF: creating hex file...
"..\OBJ\OLED.axf" - 0 Error(s), 0 Warning(s).

<h2>Collection of Component include folders:</h2>
  E:\stm32项目\工训赛-物流小车\程序\参考\中景园电子ZJY096S0700WG01技术资料\02-0.96OLED程序源码\IIC模块例程\STM32例程\03-0.96OLED显示屏STM32F103ZET6_IIC例程\USER\RTE
  C:\Keil_v5\ARM\PACK\Keil\STM32F1xx_DFP\1.1.0\Device\Include

<h2>Collection of Component Files used:</h2>
</pre>
</body>
</html>
