<html>
<body>
<pre>
<h1>礦ision Build Log</h1>
<h2>Tool Versions:</h2>
IDE-Version: μVision V5.25.3.0
Copyright (C) 2018 ARM Ltd and ARM Germany GmbH. All rights reserved.
License Information: kkk 1344081134@qq.com, 酷酷酷, LIC=FQQDY-IV09M-SE3H0-BI6GB-2GW9W-HB722
 
Tool Versions:
Toolchain:       MDK-ARM Professional  Version: 5.18
Toolchain Path:  C:\Keil5\ARM\ARMCC\Bin
C Compiler:      Armcc.exe V5.06 update 1 (build 61)
Assembler:       Armasm.exe V5.06 update 1 (build 61)
Linker/Locator:  ArmLink.exe V5.06 update 1 (build 61)
Library Manager: ArmAr.exe V5.06 update 1 (build 61)
Hex Converter:   FromElf.exe V5.06 update 1 (build 61)
CPU DLL:         SARMCM3.DLL V5.18
Dialog DLL:      DARMSTM.DLL V1.65.0.0
Target DLL:      CMSIS_AGDI.dll V1.25.7.0
Dialog DLL:      TARMSTM.DLL V1.64.0.0
 
<h2>Project:</h2>
E:\Demo\工训赛-物流小车\程序\工巡赛\车\USER\PWM.uvprojx
Project File Date:  04/09/2021

<h2>Output:</h2>
*** Using Compiler 'V5.06 update 1 (build 61)', folder: 'C:\Keil5\ARM\ARMCC\Bin'
Build target 'PWM'
compiling stm32f10x_it.c...
compiling system_stm32f10x.c...
compiling key.c...
compiling led.c...
compiling timer.c...
compiling oled.c...
compiling main.c...
main.c(52): warning:  #223-D: function "Motor_Init" declared implicitly
  	Motor_Init();
main.c(41): warning:  #177-D: variable "problem_temp" was declared but never referenced
  	u8 problem_temp = 0;                                    /* ??时??量 K1?薷? K0确定?蟾?值??全??problem */
main.c(185): warning:  #223-D: function "Incremental_PI_A" declared implicitly
       PWMA=Incremental_PI_A ( Encoder_A,A_AIM);		
main.c(186): warning:  #223-D: function "Incremental_PI_B" declared implicitly
  		 PWMB=Incremental_PI_B ( Encoder_B,B_AIM);	
main.c(187): warning:  #223-D: function "Incremental_PI_C" declared implicitly
  		 PWMC=Incremental_PI_C ( Encoder_C,C_AIM);	
main.c(188): warning:  #223-D: function "Incremental_PI_D" declared implicitly
  		 PWMD=Incremental_PI_D ( Encoder_D,D_AIM);	
main.c: 6 warnings, 0 errors
compiling DataScope_DP.C...
compiling control.c...
compiling pstwo.c...
compiling encoder.c...
..\HARDWARE\ENCODER\encoder.c(243): warning:  #9-D: nested comment is not allowed
  	/* ?讯?时?鞒?始化为??????模式 */ 
..\HARDWARE\ENCODER\encoder.c: 1 warning, 0 errors
compiling show.c...
compiling vl53l0x_api.c...
compiling vl53l0x_api_calibration.c...
compiling vl53l0x_api_core.c...
compiling vl53l0x_cali.c...
compiling vl53l0x.c...
compiling vl53l0x_gen.c...
compiling vl53l0x_api_strings.c...
compiling vl53l0x_api_ranging.c...
compiling vl53l0x_it.c...
compiling vl53l0x_i2c.c...
compiling 24cxx.c...
compiling delay.c...
compiling vl53l0x_platform.c...
compiling usart.c...
compiling myiic.c...
assembling startup_stm32f10x_hd.s...
compiling core_cm3.c...
compiling sys.c...
compiling misc.c...
compiling stm32f10x_gpio.c...
compiling stm32f10x_usart.c...
compiling stm32f10x_exti.c...
compiling stm32f10x_rcc.c...
compiling stm32f10x_tim.c...
linking...
Program Size: Code=50774 RO-data=22126 RW-data=6344 ZI-data=4120  
FromELF: creating hex file...
"..\OBJ\PWM.axf" - 0 Error(s), 7 Warning(s).

<h2>Software Packages used:</h2>

Package Vendor: Keil
                http://www.keil.com/pack/Keil.STM32F1xx_DFP.1.0.5.pack
                Keil.STM32F1xx_DFP.1.0.5
                STMicroelectronics STM32F1 Series Device Support, Drivers and Examples

<h2>Collection of Component include folders:</h2>
  .\RTE\_PWM
  C:\Keil5\ARM\PACK\Keil\STM32F1xx_DFP\1.0.5\Device\Include

<h2>Collection of Component Files used:</h2>
Build Time Elapsed:  00:00:12
</pre>
</body>
</html>
