<html>
<body>
<pre>
<h1>礦ision Build Log</h1>
<h2>Tool Versions:</h2>
IDE-Version: μVision V5.25.3.0
Copyright (C) 2018 ARM Ltd and ARM Germany GmbH. All rights reserved.
License Information: kkk 1344081134@qq.com, 酷酷酷, LIC=FQQDY-IV09M-SE3H0-BI6GB-2GW9W-HB722
 
Tool Versions:
Toolchain:       MDK-ARM Professional  Version: 5.18
Toolchain Path:  C:\Keil5\ARM\ARMCC\Bin
C Compiler:      Armcc.exe V5.06 update 1 (build 61)
Assembler:       Armasm.exe V5.06 update 1 (build 61)
Linker/Locator:  ArmLink.exe V5.06 update 1 (build 61)
Library Manager: ArmAr.exe V5.06 update 1 (build 61)
Hex Converter:   FromElf.exe V5.06 update 1 (build 61)
CPU DLL:         SARMCM3.DLL V5.18
Dialog DLL:      DCM.DLL V1.13.6.0
Target DLL:      CMSIS_AGDI.dll V1.25.7.0
Dialog DLL:      TCM.DLL V1.14.8.0
 
<h2>Project:</h2>
E:\Demo\工训赛-物流小车\程序\510驱动板\USER\PWM.uvprojx
Project File Date:  03/24/2021

<h2>Output:</h2>
*** Using Compiler 'V5.06 update 1 (build 61)', folder: 'C:\Keil5\ARM\ARMCC\Bin'
Build target 'PWM'
compiling control.c...
..\HARDWARE\CONTROL\control.c(369): warning:  #940-D: missing return statement at end of non-void function "paral"
  }
..\HARDWARE\CONTROL\control.c(373): warning:  #223-D: function "MoveY" declared implicitly
  	MoveY(y - Y);
..\HARDWARE\CONTROL\control.c(374): warning:  #940-D: missing return statement at end of non-void function "MoveTo"
  }
..\HARDWARE\CONTROL\control.c(394): warning:  #940-D: missing return statement at end of non-void function "MoveX"
  }
..\HARDWARE\CONTROL\control.c(377): warning:  #177-D: variable "temp" was declared but never referenced
  	int temp = 0;
..\HARDWARE\CONTROL\control.c(414): warning:  #940-D: missing return statement at end of non-void function "MoveY"
  }
..\HARDWARE\CONTROL\control.c(397): warning:  #177-D: variable "temp" was declared but never referenced
  	int temp = 0;
..\HARDWARE\CONTROL\control.c(434): warning:  #940-D: missing return statement at end of non-void function "MoveX_T"
  }
..\HARDWARE\CONTROL\control.c(417): warning:  #177-D: variable "temp" was declared but never referenced
  	int temp = 0;
..\HARDWARE\CONTROL\control.c(454): warning:  #940-D: missing return statement at end of non-void function "MOveY_T"
  }
..\HARDWARE\CONTROL\control.c(437): warning:  #177-D: variable "temp" was declared but never referenced
  	int temp = 0;
..\HARDWARE\CONTROL\control.c: 11 warnings, 0 errors
linking...
Program Size: Code=28842 RO-data=8306 RW-data=496 ZI-data=3840  
FromELF: creating hex file...
"..\OBJ\PWM.axf" - 0 Error(s), 11 Warning(s).

<h2>Software Packages used:</h2>

Package Vendor: Keil
                http://www.keil.com/pack/Keil.STM32F1xx_DFP.1.0.5.pack
                Keil.STM32F1xx_DFP.1.0.5
                STMicroelectronics STM32F1 Series Device Support, Drivers and Examples

<h2>Collection of Component include folders:</h2>
  .\RTE\_PWM
  C:\Keil5\ARM\PACK\Keil\STM32F1xx_DFP\1.0.5\Device\Include

<h2>Collection of Component Files used:</h2>
Build Time Elapsed:  00:00:03
</pre>
</body>
</html>
