<html>
<body>
<pre>
<h1>礦ision Build Log</h1>
<h2>Tool Versions:</h2>
IDE-Version: μVision V5.25.3.0
Copyright (C) 2018 ARM Ltd and ARM Germany GmbH. All rights reserved.
License Information: kkk 1344081134@qq.com, 酷酷酷, LIC=FQQDY-IV09M-SE3H0-BI6GB-2GW9W-HB722
 
Tool Versions:
Toolchain:       MDK-ARM Professional  Version: 5.18
Toolchain Path:  C:\Keil5\ARM\ARMCC\Bin
C Compiler:      Armcc.exe V5.06 update 1 (build 61)
Assembler:       Armasm.exe V5.06 update 1 (build 61)
Linker/Locator:  ArmLink.exe V5.06 update 1 (build 61)
Library Manager: ArmAr.exe V5.06 update 1 (build 61)
Hex Converter:   FromElf.exe V5.06 update 1 (build 61)
CPU DLL:         SARMCM3.DLL V5.18
Dialog DLL:      DCM.DLL V1.13.6.0
Target DLL:      CMSIS_AGDI.dll V1.25.7.0
Dialog DLL:      TCM.DLL V1.14.8.0
 
<h2>Project:</h2>
E:\Demo\工训赛-物流小车\程序\510舵机板\USER\OLED.uvprojx
Project File Date:  03/25/2021

<h2>Output:</h2>
*** Using Compiler 'V5.06 update 1 (build 61)', folder: 'C:\Keil5\ARM\ARMCC\Bin'
Build target 'Target 1'
assembling startup_stm32f10x_hd.s...
compiling DataScope_DP.C...
compiling misc.c...
compiling stm32f10x_adc.c...
compiling show.c...
..\HARDWARE\OLED\oled.h(55): warning:  #1-D: last line of file ends without a newline
  #endif
..\HARDWARE\show\show.c(86): warning:  #223-D: function "strlen" declared implicitly
  	  if(*px+(strlen(chr)*size1)>128)
..\HARDWARE\show\show.c(101): warning:  #223-D: function "strlen" declared implicitly
  	 *len_last=strlen(chr);
..\HARDWARE\show\show.c: 3 warnings, 0 errors
compiling core_cm3.c...
compiling timer.c...
..\HARDWARE\OLED\oled.h(55): warning:  #1-D: last line of file ends without a newline
  #endif
..\HARDWARE\TIMER\timer.c: 1 warning, 0 errors
compiling oled.c...
..\HARDWARE\OLED\oled.h(55): warning:  #1-D: last line of file ends without a newline
  #endif
..\HARDWARE\OLED\oled.h(55): warning:  #1-D: last line of file ends without a newline
  #endif
..\HARDWARE\OLED\oledfont.h(362): warning:  #1-D: last line of file ends without a newline
  #endif
..\HARDWARE\OLED\oled.c(174): warning:  #186-D: pointless comparison of unsigned integer with zero
  	if((x1<0)||(x2>128)||(y1<0)||(y2>64)||(x1>x2)||(y1>y2))return;
..\HARDWARE\OLED\oled.c(174): warning:  #186-D: pointless comparison of unsigned integer with zero
  	if((x1<0)||(x2>128)||(y1<0)||(y2>64)||(x1>x2)||(y1>y2))return;
..\HARDWARE\OLED\oled.c(173): warning:  #177-D: variable "y0" was declared but never referenced
  	u8 i,k,k1,k2,y0;
..\HARDWARE\OLED\oled.c(478): warning:  #1-D: last line of file ends without a newline
  }
..\HARDWARE\OLED\oled.c: 7 warnings, 0 errors
compiling stm32f10x_bkp.c...
compiling stm32f10x_can.c...
compiling stm32f10x_crc.c...
compiling stm32f10x_dbgmcu.c...
compiling stm32f10x_cec.c...
compiling stm32f10x_dma.c...
compiling stm32f10x_dac.c...
compiling stm32f10x_exti.c...
compiling stm32f10x_fsmc.c...
compiling stm32f10x_flash.c...
compiling stm32f10x_pwr.c...
compiling stm32f10x_gpio.c...
compiling stm32f10x_i2c.c...
compiling stm32f10x_iwdg.c...
compiling stm32f10x_rcc.c...
compiling stm32f10x_rtc.c...
compiling stm32f10x_sdio.c...
compiling stm32f10x_spi.c...
compiling stm32f10x_usart.c...
compiling stm32f10x_wwdg.c...
compiling delay.c...
..\HARDWARE\OLED\oled.h(55): warning:  #1-D: last line of file ends without a newline
  #endif
..\SYSTEM\delay\delay.c: 1 warning, 0 errors
compiling stm32f10x_tim.c...
compiling sys.c...
..\HARDWARE\OLED\oled.h(55): warning:  #1-D: last line of file ends without a newline
  #endif
..\SYSTEM\sys\sys.c: 1 warning, 0 errors
compiling usart.c...
..\HARDWARE\OLED\oled.h(55): warning:  #1-D: last line of file ends without a newline
  #endif
..\SYSTEM\usart\usart.c: 1 warning, 0 errors
compiling stm32f10x_it.c...
compiling system_stm32f10x.c...
compiling main.c...
..\HARDWARE\OLED\oled.h(55): warning:  #1-D: last line of file ends without a newline
  #endif
..\HARDWARE\OLED\bmp.h(140): warning:  #1-D: last line of file ends without a newline
  #endif
main.c(34): warning:  #550-D: variable "t" was set but never used
  	u8 t;
main.c: 3 warnings, 0 errors
linking...
Program Size: Code=9046 RO-data=6418 RW-data=32 ZI-data=3144  
FromELF: creating hex file...
"..\OBJ\OLED.axf" - 0 Error(s), 17 Warning(s).

<h2>Software Packages used:</h2>

Package Vendor: Keil
                http://www.keil.com/pack/Keil.STM32F1xx_DFP.1.0.5.pack
                Keil.STM32F1xx_DFP.1.0.5
                STMicroelectronics STM32F1 Series Device Support, Drivers and Examples

<h2>Collection of Component include folders:</h2>
  .\RTE\_Target_1
  C:\Keil5\ARM\PACK\Keil\STM32F1xx_DFP\1.0.5\Device\Include

<h2>Collection of Component Files used:</h2>
Build Time Elapsed:  00:00:13
</pre>
</body>
</html>
