Component: ARM Compiler 5.05 update 1 (build 106) Tool: armlink [4d0efa]

==============================================================================

Section Cross References

    main.o(.text) refers to sys.o(.text) for Stm32_Clock_Init
    main.o(.text) refers to delay.o(.text) for delay_init
    main.o(.text) refers to misc.o(.text) for NVIC_PriorityGroupConfig
    main.o(.text) refers to usart.o(.text) for uart_init
    main.o(.text) refers to led.o(.text) for LED_Init
    main.o(.text) refers to key.o(.text) for KEY_Init
    main.o(.text) refers to timer.o(.text) for TIM3_PWM_Init
    main.o(.text) refers to oled.o(.text) for OLED_Clear
    main.o(.text) refers to stm32f10x_tim.o(.text) for TIM_SetCompare1
    main.o(.text) refers to stm32f10x_usart.o(.text) for USART_SendData
    main.o(.text) refers to main.o(.data) for mode
    main.o(.text) refers to fleqf.o(x$fpl$fleqf) for __aeabi_cfcmple
    main.o(.text) refers to ffixu.o(x$fpl$ffixu) for __aeabi_f2uiz
    system_stm32f10x.o(.text) refers to system_stm32f10x.o(.data) for SystemCoreClock
    led.o(.text) refers to stm32f10x_rcc.o(.text) for RCC_APB2PeriphClockCmd
    led.o(.text) refers to stm32f10x_gpio.o(.text) for GPIO_Init
    key.o(.text) refers to stm32f10x_rcc.o(.text) for RCC_APB2PeriphClockCmd
    key.o(.text) refers to stm32f10x_gpio.o(.text) for GPIO_Init
    key.o(.text) refers to delay.o(.text) for delay_ms
    key.o(.text) refers to key.o(.data) for key_up
    timer.o(.text) refers to stm32f10x_rcc.o(.text) for RCC_APB1PeriphClockCmd
    timer.o(.text) refers to stm32f10x_tim.o(.text) for TIM_TimeBaseInit
    timer.o(.text) refers to misc.o(.text) for NVIC_Init
    timer.o(.text) refers to stm32f10x_gpio.o(.text) for GPIO_Init
    oled.o(.text) refers to stm32f10x_gpio.o(.text) for GPIO_SetBits
    oled.o(.text) refers to oled.o(.bss) for OLED_GRAM
    oled.o(.text) refers to oled.o(.constdata) for asc2_1206
    oled.o(.text) refers to stm32f10x_rcc.o(.text) for RCC_APB2PeriphClockCmd
    oled.o(.text) refers to delay.o(.text) for delay_ms
    oled.o(.text) refers to oled.o(.data) for Hzk1
    datascope_dp.o(.text) refers to datascope_dp.o(.bss) for DataScope_OutPut_Buffer
    encoder.o(.text) refers to stm32f10x_rcc.o(.text) for RCC_APB2PeriphClockCmd
    encoder.o(.text) refers to stm32f10x_gpio.o(.text) for GPIO_PinRemapConfig
    encoder.o(.text) refers to stm32f10x_tim.o(.text) for TIM_TimeBaseStructInit
    control.o(.text) refers to fflt_clz.o(x$fpl$fflt) for __aeabi_i2f
    control.o(.text) refers to faddsub_clz.o(x$fpl$fadd) for __aeabi_fadd
    control.o(.text) refers to faddsub_clz.o(x$fpl$fsub) for __aeabi_fsub
    control.o(.text) refers to fmul.o(x$fpl$fmul) for __aeabi_fmul
    control.o(.text) refers to ffix.o(x$fpl$ffix) for __aeabi_f2iz
    control.o(.text) refers to control.o(.data) for Bias
    show.o(.text) refers to fflt_clz.o(x$fpl$fflt) for __aeabi_i2f
    show.o(.text) refers to datascope_dp.o(.text) for DataScope_Get_Channel_Data
    show.o(.text) refers to main.o(.data) for x
    show.o(.text) refers to show.o(.data) for Send_Cout
    show.o(.text) refers to datascope_dp.o(.bss) for DataScope_OutPut_Buffer
    inv_mpu.o(.text) refers to _printf_pad.o(.text) for _printf_pre_padding
    inv_mpu.o(.text) refers to _printf_percent.o(.ARM.Collect$$_printf_percent$$00000000) for _printf_percent
    inv_mpu.o(.text) refers to _printf_x.o(.ARM.Collect$$_printf_percent$$0000000C) for _printf_x
    inv_mpu.o(.text) refers to _printf_hex_int.o(.text) for _printf_longlong_hex
    inv_mpu.o(.text) refers to _printf_d.o(.ARM.Collect$$_printf_percent$$00000009) for _printf_d
    inv_mpu.o(.text) refers to _printf_dec.o(.text) for _printf_int_dec
    inv_mpu.o(.text) refers to mpu6050.o(.text) for MPU_Write_Len
    inv_mpu.o(.text) refers to noretval__2printf.o(.text) for __2printf
    inv_mpu.o(.text) refers to delay.o(.text) for delay_ms
    inv_mpu.o(.text) refers to inv_mpu.o(.data) for st
    inv_mpu.o(.text) refers to fflt_clz.o(x$fpl$ffltu) for __aeabi_ui2f
    inv_mpu.o(.text) refers to fflt_clz.o(x$fpl$fflt) for __aeabi_i2f
    inv_mpu.o(.text) refers to faddsub_clz.o(x$fpl$fsub) for __aeabi_fsub
    inv_mpu.o(.text) refers to fdiv.o(x$fpl$fdiv) for __aeabi_fdiv
    inv_mpu.o(.text) refers to faddsub_clz.o(x$fpl$fadd) for __aeabi_fadd
    inv_mpu.o(.text) refers to fmul.o(x$fpl$fmul) for __aeabi_fmul
    inv_mpu.o(.text) refers to ffix.o(x$fpl$ffix) for __aeabi_f2iz
    inv_mpu.o(.text) refers to inv_mpu.o(.conststring) for .conststring
    inv_mpu.o(.text) refers to feqf.o(x$fpl$feqf) for __aeabi_cfcmpeq
    inv_mpu.o(.text) refers to frleqf.o(x$fpl$frleqf) for __aeabi_cfrcmple
    inv_mpu.o(.text) refers to fleqf.o(x$fpl$fleqf) for __aeabi_cfcmple
    inv_mpu.o(.text) refers to inv_mpu.o(.constdata) for test
    inv_mpu.o(.text) refers to llsdiv.o(.text) for __aeabi_ldivmod
    inv_mpu.o(.text) refers to memcmp.o(.text) for memcmp
[...]
    ../clib/angel/sys.s                      0x00000000   Number         0  libspace.o ABSOLUTE
    ../clib/angel/sys.s                      0x00000000   Number         0  sys_stackheap_outer.o ABSOLUTE
    ../clib/angel/sys.s                      0x00000000   Number         0  use_no_semi.o ABSOLUTE
    ../clib/angel/sys.s                      0x00000000   Number         0  indicate_semi.o ABSOLUTE
    ../clib/angel/sysapp.c                   0x00000000   Number         0  sys_command.o ABSOLUTE
    ../clib/angel/sysapp.c                   0x00000000   Number         0  sys_wrch.o ABSOLUTE
    ../clib/armsys.c                         0x00000000   Number         0  _get_argv_nomalloc.o ABSOLUTE
    ../clib/armsys.c                         0x00000000   Number         0  no_argv.o ABSOLUTE
    ../clib/armsys.c                         0x00000000   Number         0  argv_veneer.o ABSOLUTE
    ../clib/armsys.c                         0x00000000   Number         0  argv_veneer.o ABSOLUTE
    ../clib/fenv.c                           0x00000000   Number         0  _rserrno.o ABSOLUTE
    ../clib/heapalloc.c                      0x00000000   Number         0  hrguard.o ABSOLUTE
    ../clib/heapaux.c                        0x00000000   Number         0  heapauxi.o ABSOLUTE
    ../clib/libinit.s                        0x00000000   Number         0  libshutdown2.o ABSOLUTE
    ../clib/libinit.s                        0x00000000   Number         0  libinit.o ABSOLUTE
    ../clib/libinit.s                        0x00000000   Number         0  libshutdown.o ABSOLUTE
    ../clib/libinit.s                        0x00000000   Number         0  libinit2.o ABSOLUTE
    ../clib/longlong.s                       0x00000000   Number         0  lludivv7m.o ABSOLUTE
    ../clib/longlong.s                       0x00000000   Number         0  llsdiv.o ABSOLUTE
    ../clib/memcpset.s                       0x00000000   Number         0  rt_memclr.o ABSOLUTE
    ../clib/memcpset.s                       0x00000000   Number         0  rt_memclr_w.o ABSOLUTE
    ../clib/memcpset.s                       0x00000000   Number         0  aeabi_memset.o ABSOLUTE
    ../clib/misc.s                           0x00000000   Number         0  printf_stubs.o ABSOLUTE
    ../clib/printf.c                         0x00000000   Number         0  _printf_dec.o ABSOLUTE
    ../clib/printf.c                         0x00000000   Number         0  _printf_pad.o ABSOLUTE
    ../clib/printf.c                         0x00000000   Number         0  __printf.o ABSOLUTE
    ../clib/printf.c                         0x00000000   Number         0  _printf_intcommon.o ABSOLUTE
    ../clib/printf.c                         0x00000000   Number         0  _printf_char.o ABSOLUTE
    ../clib/printf.c                         0x00000000   Number         0  _printf_char_file.o ABSOLUTE
    ../clib/printf.c                         0x00000000   Number         0  _printf_hex_int.o ABSOLUTE
    ../clib/printf.c                         0x00000000   Number         0  __printf_ss.o ABSOLUTE
    ../clib/printf.c                         0x00000000   Number         0  noretval__2printf.o ABSOLUTE
    ../clib/printf.c                         0x00000000   Number         0  __printf_flags.o ABSOLUTE
    ../clib/printf.c                         0x00000000   Number         0  _printf_hex_int_ll_ptr.o ABSOLUTE
    ../clib/printf.c                         0x00000000   Number         0  _printf_hex_ll_ptr.o ABSOLUTE
    ../clib/printf.c                         0x00000000   Number         0  _printf_hex_ll.o ABSOLUTE
    ../clib/printf.c                         0x00000000   Number         0  __printf_flags_ss_wp.o ABSOLUTE
    ../clib/printf.c                         0x00000000   Number         0  _printf_char_common.o ABSOLUTE
    ../clib/printf.c                         0x00000000   Number         0  __printf_ss_wp.o ABSOLUTE
    ../clib/printf.c                         0x00000000   Number         0  _printf_str.o ABSOLUTE
    ../clib/printf.c                         0x00000000   Number         0  __printf_flags_wp.o ABSOLUTE
    ../clib/printf.c                         0x00000000   Number         0  __2printf.o ABSOLUTE
    ../clib/printf.c                         0x00000000   Number         0  __printf_nopercent.o ABSOLUTE
    ../clib/printf.c                         0x00000000   Number         0  _printf_hex_int_ll.o ABSOLUTE
    ../clib/printf.c                         0x00000000   Number         0  _printf_hex_ptr.o ABSOLUTE
    ../clib/printf.c                         0x00000000   Number         0  __printf_wp.o ABSOLUTE
    ../clib/printf.c                         0x00000000   Number         0  _printf_hex_int_ptr.o ABSOLUTE
    ../clib/printf.c                         0x00000000   Number         0  __printf_flags_ss.o ABSOLUTE
    ../clib/printf_percent.s                 0x00000000   Number         0  _printf_percent.o ABSOLUTE
    ../clib/printf_percent.s                 0x00000000   Number         0  _printf_percent_end.o ABSOLUTE
    ../clib/printf_percent.s                 0x00000000   Number         0  _printf_c.o ABSOLUTE
    ../clib/printf_percent.s                 0x00000000   Number         0  _printf_x.o ABSOLUTE
    ../clib/printf_percent.s                 0x00000000   Number         0  _printf_d.o ABSOLUTE
    ../clib/signal.c                         0x00000000   Number         0  defsig_general.o ABSOLUTE
    ../clib/signal.c                         0x00000000   Number         0  defsig_cppl_inner.o ABSOLUTE
    ../clib/signal.c                         0x00000000   Number         0  __raise.o ABSOLUTE
    ../clib/signal.c                         0x00000000   Number         0  defsig_pvfn_inner.o ABSOLUTE
    ../clib/signal.c                         0x00000000   Number         0  defsig_stak_inner.o ABSOLUTE
    ../clib/signal.c                         0x00000000   Number         0  defsig_fpe_inner.o ABSOLUTE
    ../clib/signal.c                         0x00000000   Number         0  defsig_exit.o ABSOLUTE
    ../clib/signal.c                         0x00000000   Number         0  defsig_rtred_inner.o ABSOLUTE
    ../clib/signal.c                         0x00000000   Number         0  defsig_abrt_inner.o ABSOLUTE
    ../clib/signal.c                         0x00000000   Number         0  defsig_rtmem_formal.o ABSOLUTE
    ../clib/signal.c                         0x00000000   Number         0  defsig_fpe_formal.o ABSOLUTE
    ../clib/signal.c                         0x00000000   Number         0  defsig_rtmem_outer.o ABSOLUTE
    ../clib/signal.c                         0x00000000   Number         0  defsig_fpe_outer.o ABSOLUTE
    ../clib/signal.c                         0x00000000   Number         0  defsig_rtmem_inner.o ABSOLUTE
    ../clib/signal.c                         0x00000000   Number         0  defsig_other.o ABSOLUTE
    ../clib/signal.c                         0x00000000   Number         0  defsig_segv_inner.o ABSOLUTE
    ../clib/signal.s                         0x00000000   Number         0  defsig.o ABSOLUTE
    ../clib/stdio.c                          0x00000000   Number         0  ferror.o ABSOLUTE
    ../clib/stdio.c                          0x00000000   Number         0  ferror_locked.o ABSOLUTE
    ../clib/stdlib.c                         0x00000000   Number         0  exit.o ABSOLUTE
    ../clib/string.c                         0x00000000   Number         0  memcmp.o ABSOLUTE
    ../fplib/d2f.s                           0x00000000   Number         0  d2f.o ABSOLUTE
    ../fplib/daddsub.s                       0x00000000   Number         0  daddsub_clz.o ABSOLUTE
    ../fplib/dcheck1.s                       0x00000000   Number         0  dcheck1.o ABSOLUTE
    ../fplib/dcmpi.s                         0x00000000   Number         0  dcmpi.o ABSOLUTE
    ../fplib/ddiv.s                          0x00000000   Number         0  ddiv.o ABSOLUTE
    ../fplib/dflt.s                          0x00000000   Number         0  dflt_clz.o ABSOLUTE
    ../fplib/dleqf.s                         0x00000000   Number         0  dleqf.o ABSOLUTE
    ../fplib/dmul.s                          0x00000000   Number         0  dmul.o ABSOLUTE
    ../fplib/dnaninf.s                       0x00000000   Number         0  dnaninf.o ABSOLUTE
    ../fplib/dretinf.s                       0x00000000   Number         0  dretinf.o ABSOLUTE
    ../fplib/dsqrt.s                         0x00000000   Number         0  dsqrt_noumaal.o ABSOLUTE
    ../fplib/f2d.s                           0x00000000   Number         0  f2d.o ABSOLUTE
    ../fplib/faddsub.s                       0x00000000   Number         0  faddsub_clz.o ABSOLUTE
    ../fplib/fcmpi.s                         0x00000000   Number         0  fcmpi.o ABSOLUTE
    ../fplib/fdiv.s                          0x00000000   Number         0  fdiv.o ABSOLUTE
    ../fplib/feqf.s                          0x00000000   Number         0  feqf.o ABSOLUTE
    ../fplib/ffix.s                          0x00000000   Number         0  ffix.o ABSOLUTE
    ../fplib/ffixu.s                         0x00000000   Number         0  ffixu.o ABSOLUTE
    ../fplib/fflt.s                          0x00000000   Number         0  fflt_clz.o ABSOLUTE
    ../fplib/fleqf.s                         0x00000000   Number         0  fleqf.o ABSOLUTE
    ../fplib/fmul.s                          0x00000000   Number         0  fmul.o ABSOLUTE
    ../fplib/fnaninf.s                       0x00000000   Number         0  fnaninf.o ABSOLUTE
    ../fplib/fpinit.s                        0x00000000   Number         0  fpinit.o ABSOLUTE
    ../fplib/fretinf.s                       0x00000000   Number         0  fretinf.o ABSOLUTE
    ../fplib/frleqf.s                        0x00000000   Number         0  frleqf.o ABSOLUTE
    ../fplib/retnan.s                        0x00000000   Number         0  retnan.o ABSOLUTE
    ../fplib/scalbn.s                        0x00000000   Number         0  scalbn.o ABSOLUTE
    ../fplib/trapv.s                         0x00000000   Number         0  trapv.o ABSOLUTE
    ../fplib/usenofp.s                       0x00000000   Number         0  usenofp.o ABSOLUTE
    ../mathlib/asin.c                        0x00000000   Number         0  asin_x.o ABSOLUTE
    ../mathlib/asin.c                        0x00000000   Number         0  asin.o ABSOLUTE
    ../mathlib/atan.c                        0x00000000   Number         0  atan_x.o ABSOLUTE
    ../mathlib/atan.c                        0x00000000   Number         0  atan.o ABSOLUTE
    ../mathlib/atan2.c                       0x00000000   Number         0  atan2_x.o ABSOLUTE
    ../mathlib/atan2.c                       0x00000000   Number         0  atan2.o ABSOLUTE
    ../mathlib/dunder.c                      0x00000000   Number         0  dunder.o ABSOLUTE
    ../mathlib/fpclassify.c                  0x00000000   Number         0  fpclassify.o ABSOLUTE
    ../mathlib/poly.c                        0x00000000   Number         0  poly.o ABSOLUTE
    ../mathlib/qnan.c                        0x00000000   Number         0  qnan.o ABSOLUTE
    ../mathlib/sqrt.c                        0x00000000   Number         0  sqrt_x.o ABSOLUTE
    ../mathlib/sqrt.c                        0x00000000   Number         0  sqrt.o ABSOLUTE
    ..\CORE\core_cm3.c                       0x00000000   Number         0  core_cm3.o ABSOLUTE
    ..\CORE\startup_stm32f10x_hd.s           0x00000000   Number         0  startup_stm32f10x_hd.o ABSOLUTE
    ..\HARDWARE\CONTROL\control.c            0x00000000   Number         0  control.o ABSOLUTE
    ..\HARDWARE\DataScope_DP\DataScope_DP.C  0x00000000   Number         0  datascope_dp.o ABSOLUTE
    ..\HARDWARE\ENCODER\encoder.c            0x00000000   Number         0  encoder.o ABSOLUTE
    ..\HARDWARE\KEY\key.c                    0x00000000   Number         0  key.o ABSOLUTE
    ..\HARDWARE\LED\led.c                    0x00000000   Number         0  led.o ABSOLUTE
    ..\HARDWARE\MPU6050\eMPL\inv_mpu.c       0x00000000   Number         0  inv_mpu.o ABSOLUTE
    ..\HARDWARE\MPU6050\eMPL\inv_mpu_dmp_motion_driver.c 0x00000000   Number         0  inv_mpu_dmp_motion_driver.o ABSOLUTE
    ..\HARDWARE\MPU6050\mpu6050.c            0x00000000   Number         0  mpu6050.o ABSOLUTE
    ..\HARDWARE\MPU6050\mpuiic.c             0x00000000   Number         0  mpuiic.o ABSOLUTE
    ..\HARDWARE\OLED\oled.c                  0x00000000   Number         0  oled.o ABSOLUTE
    ..\HARDWARE\TIMER\timer.c                0x00000000   Number         0  timer.o ABSOLUTE
    ..\HARDWARE\show\show.c                  0x00000000   Number         0  show.o ABSOLUTE
    ..\STM32F10x_FWLib\src\misc.c            0x00000000   Number         0  misc.o ABSOLUTE
    ..\STM32F10x_FWLib\src\stm32f10x_gpio.c  0x00000000   Number         0  stm32f10x_gpio.o ABSOLUTE
    ..\STM32F10x_FWLib\src\stm32f10x_rcc.c   0x00000000   Number         0  stm32f10x_rcc.o ABSOLUTE
    ..\STM32F10x_FWLib\src\stm32f10x_tim.c   0x00000000   Number         0  stm32f10x_tim.o ABSOLUTE
    ..\STM32F10x_FWLib\src\stm32f10x_usart.c 0x00000000   Number         0  stm32f10x_usart.o ABSOLUTE
    ..\SYSTEM\delay\delay.c                  0x00000000   Number         0  delay.o ABSOLUTE
    ..\SYSTEM\sys\sys.c                      0x00000000   Number         0  sys.o ABSOLUTE
    ..\SYSTEM\usart\usart.c                  0x00000000   Number         0  usart.o ABSOLUTE
    ..\\CORE\\core_cm3.c                     0x00000000   Number         0  core_cm3.o ABSOLUTE
    ..\\SYSTEM\\sys\\sys.c                   0x00000000   Number         0  sys.o ABSOLUTE
    dc.s                                     0x00000000   Number         0  dc.o ABSOLUTE
    main.c                                   0x00000000   Number         0  main.o ABSOLUTE
    stm32f10x_it.c                           0x00000000   Number         0  stm32f10x_it.o ABSOLUTE
    system_stm32f10x.c                       0x00000000   Number         0  system_stm32f10x.o ABSOLUTE
    RESET                                    0x08000000   Section      304  startup_stm32f10x_hd.o(RESET)
    !!!main                                  0x08000130   Section        8  __main.o(!!!main)
    !!!scatter                               0x08000138   Section       52  __scatter.o(!!!scatter)
    !!dczerorl2                              0x0800016c   Section       90  __dczerorl2.o(!!dczerorl2)
    !!handler_zi                             0x080001c8   Section       28  __scatter_zi.o(!!handler_zi)
    .ARM.Collect$$_printf_percent$$00000000  0x080001e4   Section        0  _printf_percent.o(.ARM.Collect$$_printf_percent$$00000000)
    .ARM.Collect$$_printf_percent$$00000013  0x080001e4   Section        6  _printf_c.o(.ARM.Collect$$_printf_percent$$00000013)
    .ARM.Collect$$_printf_percent$$00000017  0x080001ea   Section        4  _printf_percent_end.o(.ARM.Collect$$_printf_percent$$00000017)
    .ARM.Collect$$libinit$$00000000          0x080001ee   Section        2  libinit.o(.ARM.Collect$$libinit$$00000000)
    .ARM.Collect$$libinit$$00000002          0x080001f0   Section        0  libinit2.o(.ARM.Collect$$libinit$$00000002)
    .ARM.Collect$$libinit$$00000004          0x080001f0   Section        0  libinit2.o(.ARM.Collect$$libinit$$00000004)
    .ARM.Collect$$libinit$$0000000A          0x080001f0   Section        0  libinit2.o(.ARM.Collect$$libinit$$0000000A)
    .ARM.Collect$$libinit$$0000000C          0x080001f0   Section        0  libinit2.o(.ARM.Collect$$libinit$$0000000C)
    .ARM.Collect$$libinit$$0000000E          0x080001f0   Section        0  libinit2.o(.ARM.Collect$$libinit$$0000000E)
    .ARM.Collect$$libinit$$00000011          0x080001f0   Section        0  libinit2.o(.ARM.Collect$$libinit$$00000011)
    .ARM.Collect$$libinit$$00000013          0x080001f0   Section        0  libinit2.o(.ARM.Collect$$libinit$$00000013)
    .ARM.Collect$$libinit$$00000015          0x080001f0   Section        0  libinit2.o(.ARM.Collect$$libinit$$00000015)
    .ARM.Collect$$libinit$$00000017          0x080001f0   Section        0  libinit2.o(.ARM.Collect$$libinit$$00000017)
    .ARM.Collect$$libinit$$00000019          0x080001f0   Section        0  libinit2.o(.ARM.Collect$$libinit$$00000019)
    .ARM.Collect$$libinit$$0000001B          0x080001f0   Section        0  libinit2.o(.ARM.Collect$$libinit$$0000001B)
    .ARM.Collect$$libinit$$0000001D          0x080001f0   Section        0  libinit2.o(.ARM.Collect$$libinit$$0000001D)
    .ARM.Collect$$libinit$$0000001F          0x080001f0   Section        0  libinit2.o(.ARM.Collect$$libinit$$0000001F)
    .ARM.Collect$$libinit$$00000021          0x080001f0   Section        0  libinit2.o(.ARM.Collect$$libinit$$00000021)
    .ARM.Collect$$libinit$$00000023          0x080001f0   Section        0  libinit2.o(.ARM.Collect$$libinit$$00000023)
    .ARM.Collect$$libinit$$00000025          0x080001f0   Section        0  libinit2.o(.ARM.Collect$$libinit$$00000025)
    .ARM.Collect$$libinit$$0000002C          0x080001f0   Section        0  libinit2.o(.ARM.Collect$$libinit$$0000002C)
    .ARM.Collect$$libinit$$0000002E          0x080001f0   Section        0  libinit2.o(.ARM.Collect$$libinit$$0000002E)
    .ARM.Collect$$libinit$$00000030          0x080001f0   Section        0  libinit2.o(.ARM.Collect$$libinit$$00000030)
    .ARM.Collect$$libinit$$00000032          0x080001f0   Section        0  libinit2.o(.ARM.Collect$$libinit$$00000032)
    .ARM.Collect$$libinit$$00000033          0x080001f0   Section        2  libinit2.o(.ARM.Collect$$libinit$$00000033)
    .ARM.Collect$$libshutdown$$00000000      0x080001f2   Section        2  libshutdown.o(.ARM.Collect$$libshutdown$$00000000)
    .ARM.Collect$$libshutdown$$00000003      0x080001f4   Section        0  libshutdown2.o(.ARM.Collect$$libshutdown$$00000003)
    .ARM.Collect$$libshutdown$$00000006      0x080001f4   Section        0  libshutdown2.o(.ARM.Collect$$libshutdown$$00000006)
    .ARM.Collect$$libshutdown$$00000009      0x080001f4   Section        0  libshutdown2.o(.ARM.Collect$$libshutdown$$00000009)
    .ARM.Collect$$libshutdown$$0000000B      0x080001f4   Section        0  libshutdown2.o(.ARM.Collect$$libshutdown$$0000000B)
    .ARM.Collect$$libshutdown$$0000000E      0x080001f4   Section        0  libshutdown2.o(.ARM.Collect$$libshutdown$$0000000E)
    .ARM.Collect$$libshutdown$$0000000F      0x080001f4   Section        2  libshutdown2.o(.ARM.Collect$$libshutdown$$0000000F)
    .ARM.Collect$$rtentry$$00000000          0x080001f6   Section        0  __rtentry.o(.ARM.Collect$$rtentry$$00000000)
    .ARM.Collect$$rtentry$$00000002          0x080001f6   Section        0  __rtentry2.o(.ARM.Collect$$rtentry$$00000002)
    .ARM.Collect$$rtentry$$00000004          0x080001f6   Section        6  __rtentry4.o(.ARM.Collect$$rtentry$$00000004)
    .ARM.Collect$$rtentry$$00000009          0x080001fc   Section        0  __rtentry2.o(.ARM.Collect$$rtentry$$00000009)
    .ARM.Collect$$rtentry$$0000000A          0x080001fc   Section        4  __rtentry2.o(.ARM.Collect$$rtentry$$0000000A)
    .ARM.Collect$$rtentry$$0000000C          0x08000200   Section        0  __rtentry2.o(.ARM.Collect$$rtentry$$0000000C)
    .ARM.Collect$$rtentry$$0000000D          0x08000200   Section        8  __rtentry2.o(.ARM.Collect$$rtentry$$0000000D)
    .ARM.Collect$$rtexit$$00000000           0x08000208   Section        2  rtexit.o(.ARM.Collect$$rtexit$$00000000)
    .ARM.Collect$$rtexit$$00000002           0x0800020a   Section        0  rtexit2.o(.ARM.Collect$$rtexit$$00000002)
    .ARM.Collect$$rtexit$$00000003           0x0800020a   Section        4  rtexit2.o(.ARM.Collect$$rtexit$$00000003)
    .ARM.Collect$$rtexit$$00000004           0x0800020e   Section        6  rtexit2.o(.ARM.Collect$$rtexit$$00000004)
    .emb_text                                0x08000214   Section       12  sys.o(.emb_text)
    .text                                    0x08000220   Section        0  main.o(.text)
    .text                                    0x08000788   Section        0  stm32f10x_it.o(.text)
    .text                                    0x080007a4   Section        0  system_stm32f10x.o(.text)
    SetSysClockTo72                          0x080007a5   Thumb Code   214  system_stm32f10x.o(.text)
    SetSysClock                              0x0800087b   Thumb Code     8  system_stm32f10x.o(.text)
    .text                                    0x08000984   Section        0  led.o(.text)
    .text                                    0x08000a2c   Section        0  key.o(.text)
    .text                                    0x08000b28   Section        0  timer.o(.text)
    .text                                    0x08000fa4   Section        0  oled.o(.text)
    .text                                    0x08001898   Section        0  encoder.o(.text)
    .text                                    0x08001bf8   Section        0  delay.o(.text)
    .text                                    0x08001ca8   Section        0  sys.o(.text)
    .text                                    0x08001f64   Section        0  usart.o(.text)
    .text                                    0x08002380   Section       64  startup_stm32f10x_hd.o(.text)
    .text                                    0x080023c0   Section        0  misc.o(.text)
    .text                                    0x0800249c   Section        0  stm32f10x_gpio.o(.text)
    .text                                    0x080027f8   Section        0  stm32f10x_rcc.o(.text)
    .text                                    0x08002b9c   Section        0  stm32f10x_tim.o(.text)
    TI4_Config                               0x08003043   Thumb Code   130  stm32f10x_tim.o(.text)
    TI3_Config                               0x080030d7   Thumb Code   122  stm32f10x_tim.o(.text)
    TI2_Config                               0x0800316b   Thumb Code   130  stm32f10x_tim.o(.text)
    TI1_Config                               0x080031ff   Thumb Code   108  stm32f10x_tim.o(.text)
    .text                                    0x080039b8   Section        0  stm32f10x_usart.o(.text)
    .text                                    0x08003dc0   Section        2  use_no_semi_2.o(.text)
    .text                                    0x08003dc4   Section        0  noretval__2printf.o(.text)
    .text                                    0x08003ddc   Section        0  _printf_str.o(.text)
    .text                                    0x08003e30   Section        0  __printf_flags_wp.o(.text)
    .text                                    0x08003f68   Section        0  heapauxi.o(.text)
    .text                                    0x08003f6e   Section        2  use_no_semi.o(.text)
    .text                                    0x08003f70   Section        0  _printf_char.o(.text)
    .text                                    0x08003f9c   Section        0  _printf_char_file.o(.text)
    .text                                    0x08003fc0   Section        0  _printf_char_common.o(.text)
    _printf_input_char                       0x08003fc1   Thumb Code    10  _printf_char_common.o(.text)
    .text                                    0x08003ff0   Section        0  ferror.o(.text)
    .text                                    0x08003ff8   Section        8  libspace.o(.text)
    .text                                    0x08004000   Section       74  sys_stackheap_outer.o(.text)
    .text                                    0x0800404a   Section        0  exit.o(.text)
    i._is_digit                              0x08004056   Section        0  __printf_wp.o(i._is_digit)
    x$fpl$fadd                               0x08004064   Section      196  faddsub_clz.o(x$fpl$fadd)
    _fadd1                                   0x08004073   Thumb Code     0  faddsub_clz.o(x$fpl$fadd)
    x$fpl$fcmpinf                            0x08004128   Section       24  fcmpi.o(x$fpl$fcmpinf)
    x$fpl$fdiv                               0x08004140   Section      388  fdiv.o(x$fpl$fdiv)
    _fdiv1                                   0x08004141   Thumb Code     0  fdiv.o(x$fpl$fdiv)
    x$fpl$ffixu                              0x080042c4   Section       62  ffixu.o(x$fpl$ffixu)
    x$fpl$ffltu                              0x08004304   Section       38  fflt_clz.o(x$fpl$ffltu)
    x$fpl$fleqf                              0x0800432c   Section      104  fleqf.o(x$fpl$fleqf)
    x$fpl$fmul                               0x08004394   Section      258  fmul.o(x$fpl$fmul)
    x$fpl$fnaninf                            0x08004496   Section      140  fnaninf.o(x$fpl$fnaninf)
    x$fpl$fretinf                            0x08004522   Section       10  fretinf.o(x$fpl$fretinf)
    x$fpl$frsb                               0x0800452c   Section       20  faddsub_clz.o(x$fpl$frsb)
    x$fpl$fsub                               0x08004540   Section      234  faddsub_clz.o(x$fpl$fsub)
    _fsub1                                   0x0800454f   Thumb Code     0  faddsub_clz.o(x$fpl$fsub)
    .constdata                               0x0800462a   Section     6080  oled.o(.constdata)
    x$fpl$usenofp                            0x0800462a   Section        0  usenofp.o(x$fpl$usenofp)
    .constdata                               0x08005dea   Section       17  __printf_flags_wp.o(.constdata)
    maptable                                 0x08005dea   Data          17  __printf_flags_wp.o(.constdata)
    .data                                    0x20000000   Section      140  main.o(.data)
    .data                                    0x2000008c   Section       20  system_stm32f10x.o(.data)
    .data                                    0x200000a0   Section        1  key.o(.data)
    key_up                                   0x200000a0   Data           1  key.o(.data)
    .data                                    0x200000a1   Section     5176  oled.o(.data)
    .data                                    0x200014da   Section        4  delay.o(.data)
    fac_us                                   0x200014da   Data           1  delay.o(.data)
    fac_ms                                   0x200014dc   Data           2  delay.o(.data)
    .data                                    0x200014e0   Section        8  usart.o(.data)
    .data                                    0x200014e8   Section       20  stm32f10x_rcc.o(.data)
    APBAHBPrescTable                         0x200014e8   Data          16  stm32f10x_rcc.o(.data)
    ADCPrescTable                            0x200014f8   Data           4  stm32f10x_rcc.o(.data)
    .bss                                     0x200014fc   Section       35  main.o(.bss)
    .bss                                     0x2000151f   Section     1152  oled.o(.bss)
    .bss                                     0x2000199f   Section      400  usart.o(.bss)
    .bss                                     0x20001b30   Section       96  libspace.o(.bss)
    HEAP                                     0x20001b90   Section      512  startup_stm32f10x_hd.o(HEAP)
    Heap_Mem                                 0x20001b90   Data         512  startup_stm32f10x_hd.o(HEAP)
    STACK                                    0x20001d90   Section     1024  startup_stm32f10x_hd.o(STACK)
    Stack_Mem                                0x20001d90   Data        1024  startup_stm32f10x_hd.o(STACK)
    __initial_sp                             0x20002190   Data           0  startup_stm32f10x_hd.o(STACK)

    Global Symbols

    Symbol Name                              Value     Ov Type        Size  Object(Section)

    BuildAttributes$$THM_ISAv4$P$D$K$B$S$PE$A:L22UL41UL21$X:L11$S22US41US21$IEEE1$IW$USESV6$~STKCKD$USESV7$~SHL$OTIME$ROPI$IEEEX$EBA8$UX$STANDARDLIB$REQ8$PRES8$EABIv2 0x00000000   Number         0  anon$$obj.o ABSOLUTE
    __ARM_use_no_argv                        0x00000000   Number         0  main.o ABSOLUTE
    _printf_flags                            0x00000000   Number         0  printf_stubs.o ABSOLUTE
    _printf_return_value                     0x00000000   Number         0  printf_stubs.o ABSOLUTE
    _printf_sizespec                         0x00000000   Number         0  printf_stubs.o ABSOLUTE
    _printf_widthprec                        0x00000000   Number         0  printf_stubs.o ABSOLUTE
    __ARM_exceptions_init                     - Undefined Weak Reference
    __alloca_initialize                       - Undefined Weak Reference
    __arm_preinit_                            - Undefined Weak Reference
    __cpp_initialize__aeabi_                  - Undefined Weak Reference
    __cxa_finalize                            - Undefined Weak Reference
    __rt_locale                               - Undefined Weak Reference
    __sigvec_lookup                           - Undefined Weak Reference
    _atexit_init                              - Undefined Weak Reference
    _call_atexit_fns                          - Undefined Weak Reference
    _clock_init                               - Undefined Weak Reference
    _fp_trap_init                             - Undefined Weak Reference
    _fp_trap_shutdown                         - Undefined Weak Reference
    _get_lc_collate                           - Undefined Weak Reference
    _get_lc_ctype                             - Undefined Weak Reference
    _get_lc_monetary                          - Undefined Weak Reference
    _get_lc_numeric                           - Undefined Weak Reference
    _get_lc_time                              - Undefined Weak Reference
    _getenv_init                              - Undefined Weak Reference
    _handle_redirection                       - Undefined Weak Reference
    _init_alloc                               - Undefined Weak Reference
    _init_user_alloc                          - Undefined Weak Reference
    _initio                                   - Undefined Weak Reference
    _mutex_acquire                            - Undefined Weak Reference
    _mutex_release                            - Undefined Weak Reference
    _printf_mbtowc                            - Undefined Weak Reference
    _printf_truncate_signed                   - Undefined Weak Reference
    _printf_truncate_unsigned                 - Undefined Weak Reference
    _rand_init                                - Undefined Weak Reference
    _signal_finish                            - Undefined Weak Reference
    _signal_init                              - Undefined Weak Reference
    _terminate_alloc                          - Undefined Weak Reference
    _terminate_user_alloc                     - Undefined Weak Reference
    _terminateio                              - Undefined Weak Reference
    __Vectors_Size                           0x00000130   Number         0  startup_stm32f10x_hd.o ABSOLUTE
    __Vectors                                0x08000000   Data           4  startup_stm32f10x_hd.o(RESET)
    __Vectors_End                            0x08000130   Data           0  startup_stm32f10x_hd.o(RESET)
    __main                                   0x08000131   Thumb Code     8  __main.o(!!!main)
    __scatterload                            0x08000139   Thumb Code     0  __scatter.o(!!!scatter)
    __scatterload_rt2                        0x08000139   Thumb Code    44  __scatter.o(!!!scatter)
    __scatterload_rt2_thumb_only             0x08000139   Thumb Code     0  __scatter.o(!!!scatter)
    __scatterload_null                       0x08000147   Thumb Code     0  __scatter.o(!!!scatter)
    __decompress                             0x0800016d   Thumb Code    90  __dczerorl2.o(!!dczerorl2)
    __decompress1                            0x0800016d   Thumb Code     0  __dczerorl2.o(!!dczerorl2)
    __scatterload_zeroinit                   0x080001c9   Thumb Code    28  __scatter_zi.o(!!handler_zi)
    _printf_c                                0x080001e5   Thumb Code     0  _printf_c.o(.ARM.Collect$$_printf_percent$$00000013)
    _printf_percent                          0x080001e5   Thumb Code     0  _printf_percent.o(.ARM.Collect$$_printf_percent$$00000000)
    _printf_percent_end                      0x080001eb   Thumb Code     0  _printf_percent_end.o(.ARM.Collect$$_printf_percent$$00000017)
    __rt_lib_init                            0x080001ef   Thumb Code     0  libinit.o(.ARM.Collect$$libinit$$00000000)
    __rt_lib_init_alloca_1                   0x080001f1   Thumb Code     0  libinit2.o(.ARM.Collect$$libinit$$0000002E)
    __rt_lib_init_argv_1                     0x080001f1   Thumb Code     0  libinit2.o(.ARM.Collect$$libinit$$0000002C)
    __rt_lib_init_atexit_1                   0x080001f1   Thumb Code     0  libinit2.o(.ARM.Collect$$libinit$$0000001B)
    __rt_lib_init_clock_1                    0x080001f1   Thumb Code     0  libinit2.o(.ARM.Collect$$libinit$$00000021)
    __rt_lib_init_cpp_1                      0x080001f1   Thumb Code     0  libinit2.o(.ARM.Collect$$libinit$$00000032)
    __rt_lib_init_exceptions_1               0x080001f1   Thumb Code     0  libinit2.o(.ARM.Collect$$libinit$$00000030)
    __rt_lib_init_fp_1                       0x080001f1   Thumb Code     0  libinit2.o(.ARM.Collect$$libinit$$00000002)
    __rt_lib_init_fp_trap_1                  0x080001f1   Thumb Code     0  libinit2.o(.ARM.Collect$$libinit$$0000001F)
    __rt_lib_init_getenv_1                   0x080001f1   Thumb Code     0  libinit2.o(.ARM.Collect$$libinit$$00000023)
    __rt_lib_init_heap_1                     0x080001f1   Thumb Code     0  libinit2.o(.ARM.Collect$$libinit$$0000000A)
    __rt_lib_init_lc_collate_1               0x080001f1   Thumb Code     0  libinit2.o(.ARM.Collect$$libinit$$00000011)
    __rt_lib_init_lc_ctype_1                 0x080001f1   Thumb Code     0  libinit2.o(.ARM.Collect$$libinit$$00000013)
    __rt_lib_init_lc_monetary_1              0x080001f1   Thumb Code     0  libinit2.o(.ARM.Collect$$libinit$$00000015)
    __rt_lib_init_lc_numeric_1               0x080001f1   Thumb Code     0  libinit2.o(.ARM.Collect$$libinit$$00000017)
    __rt_lib_init_lc_time_1                  0x080001f1   Thumb Code     0  libinit2.o(.ARM.Collect$$libinit$$00000019)
    __rt_lib_init_preinit_1                  0x080001f1   Thumb Code     0  libinit2.o(.ARM.Collect$$libinit$$00000004)
    __rt_lib_init_rand_1                     0x080001f1   Thumb Code     0  libinit2.o(.ARM.Collect$$libinit$$0000000E)
    __rt_lib_init_return                     0x080001f1   Thumb Code     0  libinit2.o(.ARM.Collect$$libinit$$00000033)
    __rt_lib_init_signal_1                   0x080001f1   Thumb Code     0  libinit2.o(.ARM.Collect$$libinit$$0000001D)
    __rt_lib_init_stdio_1                    0x080001f1   Thumb Code     0  libinit2.o(.ARM.Collect$$libinit$$00000025)
    __rt_lib_init_user_alloc_1               0x080001f1   Thumb Code     0  libinit2.o(.ARM.Collect$$libinit$$0000000C)
    __rt_lib_shutdown                        0x080001f3   Thumb Code     0  libshutdown.o(.ARM.Collect$$libshutdown$$00000000)
    __rt_lib_shutdown_fp_trap_1              0x080001f5   Thumb Code     0  libshutdown2.o(.ARM.Collect$$libshutdown$$00000006)
    __rt_lib_shutdown_heap_1                 0x080001f5   Thumb Code     0  libshutdown2.o(.ARM.Collect$$libshutdown$$0000000E)
    __rt_lib_shutdown_return                 0x080001f5   Thumb Code     0  libshutdown2.o(.ARM.Collect$$libshutdown$$0000000F)
    __rt_lib_shutdown_signal_1               0x080001f5   Thumb Code     0  libshutdown2.o(.ARM.Collect$$libshutdown$$00000009)
    __rt_lib_shutdown_stdio_1                0x080001f5   Thumb Code     0  libshutdown2.o(.ARM.Collect$$libshutdown$$00000003)
    __rt_lib_shutdown_user_alloc_1           0x080001f5   Thumb Code     0  libshutdown2.o(.ARM.Collect$$libshutdown$$0000000B)
    __rt_entry                               0x080001f7   Thumb Code     0  __rtentry.o(.ARM.Collect$$rtentry$$00000000)
    __rt_entry_presh_1                       0x080001f7   Thumb Code     0  __rtentry2.o(.ARM.Collect$$rtentry$$00000002)
    __rt_entry_sh                            0x080001f7   Thumb Code     0  __rtentry4.o(.ARM.Collect$$rtentry$$00000004)
    __rt_entry_li                            0x080001fd   Thumb Code     0  __rtentry2.o(.ARM.Collect$$rtentry$$0000000A)
    __rt_entry_postsh_1                      0x080001fd   Thumb Code     0  __rtentry2.o(.ARM.Collect$$rtentry$$00000009)
    __rt_entry_main                          0x08000201   Thumb Code     0  __rtentry2.o(.ARM.Collect$$rtentry$$0000000D)
    __rt_entry_postli_1                      0x08000201   Thumb Code     0  __rtentry2.o(.ARM.Collect$$rtentry$$0000000C)
    __rt_exit                                0x08000209   Thumb Code     0  rtexit.o(.ARM.Collect$$rtexit$$00000000)
    __rt_exit_ls                             0x0800020b   Thumb Code     0  rtexit2.o(.ARM.Collect$$rtexit$$00000003)
    __rt_exit_prels_1                        0x0800020b   Thumb Code     0  rtexit2.o(.ARM.Collect$$rtexit$$00000002)
    __rt_exit_exit                           0x0800020f   Thumb Code     0  rtexit2.o(.ARM.Collect$$rtexit$$00000004)
    WFI_SET                                  0x08000215   Thumb Code     2  sys.o(.emb_text)
    INTX_DISABLE                             0x08000217   Thumb Code     2  sys.o(.emb_text)
    INTX_ENABLE                              0x08000219   Thumb Code     2  sys.o(.emb_text)
    MSR_MSP                                  0x0800021b   Thumb Code     6  sys.o(.emb_text)
    main                                     0x08000221   Thumb Code  1046  main.o(.text)
    TIM6_IRQHandler                          0x08000637   Thumb Code   158  main.o(.text)
    TIM7_IRQHandler                          0x080006d5   Thumb Code   144  main.o(.text)
    NMI_Handler                              0x08000789   Thumb Code     2  stm32f10x_it.o(.text)
    HardFault_Handler                        0x0800078b   Thumb Code     4  stm32f10x_it.o(.text)
    MemManage_Handler                        0x0800078f   Thumb Code     4  stm32f10x_it.o(.text)
    BusFault_Handler                         0x08000793   Thumb Code     4  stm32f10x_it.o(.text)
    UsageFault_Handler                       0x08000797   Thumb Code     4  stm32f10x_it.o(.text)
    SVC_Handler                              0x0800079b   Thumb Code     2  stm32f10x_it.o(.text)
    DebugMon_Handler                         0x0800079d   Thumb Code     2  stm32f10x_it.o(.text)
    PendSV_Handler                           0x0800079f   Thumb Code     2  stm32f10x_it.o(.text)
    SysTick_Handler                          0x080007a1   Thumb Code     2  stm32f10x_it.o(.text)
    SystemInit                               0x08000883   Thumb Code    78  system_stm32f10x.o(.text)
    SystemCoreClockUpdate                    0x080008d1   Thumb Code   142  system_stm32f10x.o(.text)
    LED_Init                                 0x08000985   Thumb Code    68  led.o(.text)
    SWITCH_Init                              0x080009c9   Thumb Code    88  led.o(.text)
    KEY_Init                                 0x08000a2d   Thumb Code    52  key.o(.text)
    KEY_Scan                                 0x08000a61   Thumb Code   188  key.o(.text)
    TIM6_Int_Init                            0x08000b29   Thumb Code    90  timer.o(.text)
    TIM7_Int_Init                            0x08000b83   Thumb Code    90  timer.o(.text)
    TIM1_Int_Init                            0x08000bdd   Thumb Code    94  timer.o(.text)
    TIM1_UP_IRQHandler                       0x08000c3b   Thumb Code    38  timer.o(.text)
    TIM8_PWM_Init                            0x08000c61   Thumb Code   192  timer.o(.text)
    TIM2_PWM_Init                            0x08000d21   Thumb Code   126  timer.o(.text)
    TIM3_PWM_Init                            0x08000d9f   Thumb Code   196  timer.o(.text)
    TIM2_Int_Init                            0x08000e63   Thumb Code    92  timer.o(.text)
    TIM4_Int_Init                            0x08000ebf   Thumb Code    90  timer.o(.text)
    TIM5_Int_Init                            0x08000f19   Thumb Code   136  timer.o(.text)
    OLED_WR_Byte                             0x08000fa5   Thumb Code   118  oled.o(.text)
    OLED_ColorTurn                           0x0800101b   Thumb Code    28  oled.o(.text)
    OLED_DisplayTurn                         0x08001037   Thumb Code    44  oled.o(.text)
    OLED_DisPlay_On                          0x08001063   Thumb Code    28  oled.o(.text)
    OLED_DisPlay_Off                         0x0800107f   Thumb Code    28  oled.o(.text)
    OLED_Refresh                             0x0800109b   Thumb Code    70  oled.o(.text)
    OLED_Clear                               0x080010e1   Thumb Code    42  oled.o(.text)
    OLED_DrawPoint                           0x0800110b   Thumb Code    54  oled.o(.text)
    OLED_ClearPoint                          0x08001141   Thumb Code    90  oled.o(.text)
    OLED_DrawLine                            0x0800119b   Thumb Code   168  oled.o(.text)
    OLED_DrawCircle                          0x08001243   Thumb Code   152  oled.o(.text)
    OLED_ShowChar                            0x080012db   Thumb Code   268  oled.o(.text)
    OLED_ShowString                          0x080013e7   Thumb Code    66  oled.o(.text)
    OLED_Pow                                 0x08001429   Thumb Code    22  oled.o(.text)
    OLED_ShowNum                             0x0800143f   Thumb Code   116  oled.o(.text)
    OLED_ShowChinese                         0x080014b3   Thumb Code   248  oled.o(.text)
    OLED_ScrollDisplay                       0x080015ab   Thumb Code   160  oled.o(.text)
    OLED_WR_BP                               0x0800164b   Thumb Code    46  oled.o(.text)
    OLED_ShowPicture                         0x08001679   Thumb Code    98  oled.o(.text)
    OLED_Init                                0x080016db   Thumb Code   378  oled.o(.text)
    OLED_Display_String                      0x08001855   Thumb Code    34  oled.o(.text)
    Encoder_Init_TIM2                        0x08001899   Thumb Code   200  encoder.o(.text)
    Encoder_Init_TIM3                        0x08001961   Thumb Code   148  encoder.o(.text)
    Encoder_Init_TIM4                        0x080019f5   Thumb Code   148  encoder.o(.text)
    Encoder_Init_TIM5                        0x08001a89   Thumb Code   148  encoder.o(.text)
    Read_Encoder                             0x08001b1d   Thumb Code   100  encoder.o(.text)
    TIM2_IRQHandler                          0x08001b81   Thumb Code    24  encoder.o(.text)
    TIM3_IRQHandler                          0x08001b99   Thumb Code    24  encoder.o(.text)
    TIM4_IRQHandler                          0x08001bb1   Thumb Code    24  encoder.o(.text)
    TIM5_IRQHandler                          0x08001bc9   Thumb Code    24  encoder.o(.text)
    delay_init                               0x08001bf9   Thumb Code    56  delay.o(.text)
    delay_us                                 0x08001c31   Thumb Code    56  delay.o(.text)
    delay_ms                                 0x08001c69   Thumb Code    56  delay.o(.text)
    MY_NVIC_SetVectorTable                   0x08001ca9   Thumb Code    12  sys.o(.text)
    MY_NVIC_PriorityGroupConfig              0x08001cb5   Thumb Code    36  sys.o(.text)
    MY_NVIC_Init                             0x08001cd9   Thumb Code   116  sys.o(.text)
    Ex_NVIC_Config                           0x08001d4d   Thumb Code   146  sys.o(.text)
    MYRCC_DeInit                             0x08001ddf   Thumb Code    90  sys.o(.text)
    Sys_Standby                              0x08001e39   Thumb Code    68  sys.o(.text)
    Sys_Soft_Reset                           0x08001e7d   Thumb Code    12  sys.o(.text)
    JTAG_Set                                 0x08001e89   Thumb Code    42  sys.o(.text)
    Stm32_Clock_Init                         0x08001eb3   Thumb Code   134  sys.o(.text)
    _sys_exit                                0x08001f65   Thumb Code     6  usart.o(.text)
    fputc                                    0x08001f6b   Thumb Code    24  usart.o(.text)
    usart1_send                              0x08001f83   Thumb Code    22  usart.o(.text)
    uart_init                                0x08001f99   Thumb Code   182  usart.o(.text)
    uart2_init                               0x0800204f   Thumb Code   158  usart.o(.text)
    USART2_IRQHandler                        0x080020ed   Thumb Code   284  usart.o(.text)
    uart3_init                               0x08002209   Thumb Code   158  usart.o(.text)
    USART3_IRQHandler                        0x080022a7   Thumb Code   144  usart.o(.text)
    Reset_Handler                            0x08002381   Thumb Code     8  startup_stm32f10x_hd.o(.text)
    ADC1_2_IRQHandler                        0x0800239b   Thumb Code     0  startup_stm32f10x_hd.o(.text)
    ADC3_IRQHandler                          0x0800239b   Thumb Code     0  startup_stm32f10x_hd.o(.text)
    CAN1_RX1_IRQHandler                      0x0800239b   Thumb Code     0  startup_stm32f10x_hd.o(.text)
    CAN1_SCE_IRQHandler                      0x0800239b   Thumb Code     0  startup_stm32f10x_hd.o(.text)
    DMA1_Channel1_IRQHandler                 0x0800239b   Thumb Code     0  startup_stm32f10x_hd.o(.text)
    DMA1_Channel2_IRQHandler                 0x0800239b   Thumb Code     0  startup_stm32f10x_hd.o(.text)
    DMA1_Channel3_IRQHandler                 0x0800239b   Thumb Code     0  startup_stm32f10x_hd.o(.text)
    DMA1_Channel4_IRQHandler                 0x0800239b   Thumb Code     0  startup_stm32f10x_hd.o(.text)
    DMA1_Channel5_IRQHandler                 0x0800239b   Thumb Code     0  startup_stm32f10x_hd.o(.text)
    DMA1_Channel6_IRQHandler                 0x0800239b   Thumb Code     0  startup_stm32f10x_hd.o(.text)
    DMA1_Channel7_IRQHandler                 0x0800239b   Thumb Code     0  startup_stm32f10x_hd.o(.text)
    DMA2_Channel1_IRQHandler                 0x0800239b   Thumb Code     0  startup_stm32f10x_hd.o(.text)
    DMA2_Channel2_IRQHandler                 0x0800239b   Thumb Code     0  startup_stm32f10x_hd.o(.text)
    DMA2_Channel3_IRQHandler                 0x0800239b   Thumb Code     0  startup_stm32f10x_hd.o(.text)
    DMA2_Channel4_5_IRQHandler               0x0800239b   Thumb Code     0  startup_stm32f10x_hd.o(.text)
    EXTI0_IRQHandler                         0x0800239b   Thumb Code     0  startup_stm32f10x_hd.o(.text)
    EXTI15_10_IRQHandler                     0x0800239b   Thumb Code     0  startup_stm32f10x_hd.o(.text)
    EXTI1_IRQHandler                         0x0800239b   Thumb Code     0  startup_stm32f10x_hd.o(.text)
    EXTI2_IRQHandler                         0x0800239b   Thumb Code     0  startup_stm32f10x_hd.o(.text)
    EXTI3_IRQHandler                         0x0800239b   Thumb Code     0  startup_stm32f10x_hd.o(.text)
    EXTI4_IRQHandler                         0x0800239b   Thumb Code     0  startup_stm32f10x_hd.o(.text)
    EXTI9_5_IRQHandler                       0x0800239b   Thumb Code     0  startup_stm32f10x_hd.o(.text)
    FLASH_IRQHandler                         0x0800239b   Thumb Code     0  startup_stm32f10x_hd.o(.text)
    FSMC_IRQHandler                          0x0800239b   Thumb Code     0  startup_stm32f10x_hd.o(.text)
    I2C1_ER_IRQHandler                       0x0800239b   Thumb Code     0  startup_stm32f10x_hd.o(.text)
    I2C1_EV_IRQHandler                       0x0800239b   Thumb Code     0  startup_stm32f10x_hd.o(.text)
    I2C2_ER_IRQHandler                       0x0800239b   Thumb Code     0  startup_stm32f10x_hd.o(.text)
    I2C2_EV_IRQHandler                       0x0800239b   Thumb Code     0  startup_stm32f10x_hd.o(.text)
    PVD_IRQHandler                           0x0800239b   Thumb Code     0  startup_stm32f10x_hd.o(.text)
    RCC_IRQHandler                           0x0800239b   Thumb Code     0  startup_stm32f10x_hd.o(.text)
    RTCAlarm_IRQHandler                      0x0800239b   Thumb Code     0  startup_stm32f10x_hd.o(.text)
    RTC_IRQHandler                           0x0800239b   Thumb Code     0  startup_stm32f10x_hd.o(.text)
    SDIO_IRQHandler                          0x0800239b   Thumb Code     0  startup_stm32f10x_hd.o(.text)
    SPI1_IRQHandler                          0x0800239b   Thumb Code     0  startup_stm32f10x_hd.o(.text)
    SPI2_IRQHandler                          0x0800239b   Thumb Code     0  startup_stm32f10x_hd.o(.text)
    SPI3_IRQHandler                          0x0800239b   Thumb Code     0  startup_stm32f10x_hd.o(.text)
    TAMPER_IRQHandler                        0x0800239b   Thumb Code     0  startup_stm32f10x_hd.o(.text)
    TIM1_BRK_IRQHandler                      0x0800239b   Thumb Code     0  startup_stm32f10x_hd.o(.text)
    TIM1_CC_IRQHandler                       0x0800239b   Thumb Code     0  startup_stm32f10x_hd.o(.text)
    TIM1_TRG_COM_IRQHandler                  0x0800239b   Thumb Code     0  startup_stm32f10x_hd.o(.text)
    TIM8_BRK_IRQHandler                      0x0800239b   Thumb Code     0  startup_stm32f10x_hd.o(.text)
    TIM8_CC_IRQHandler                       0x0800239b   Thumb Code     0  startup_stm32f10x_hd.o(.text)
    TIM8_TRG_COM_IRQHandler                  0x0800239b   Thumb Code     0  startup_stm32f10x_hd.o(.text)
    TIM8_UP_IRQHandler                       0x0800239b   Thumb Code     0  startup_stm32f10x_hd.o(.text)
    UART4_IRQHandler                         0x0800239b   Thumb Code     0  startup_stm32f10x_hd.o(.text)
    UART5_IRQHandler                         0x0800239b   Thumb Code     0  startup_stm32f10x_hd.o(.text)
    USART1_IRQHandler                        0x0800239b   Thumb Code     0  startup_stm32f10x_hd.o(.text)
    USBWakeUp_IRQHandler                     0x0800239b   Thumb Code     0  startup_stm32f10x_hd.o(.text)
    USB_HP_CAN1_TX_IRQHandler                0x0800239b   Thumb Code     0  startup_stm32f10x_hd.o(.text)
    USB_LP_CAN1_RX0_IRQHandler               0x0800239b   Thumb Code     0  startup_stm32f10x_hd.o(.text)
    WWDG_IRQHandler                          0x0800239b   Thumb Code     0  startup_stm32f10x_hd.o(.text)
    __user_initial_stackheap                 0x0800239d   Thumb Code     0  startup_stm32f10x_hd.o(.text)
    NVIC_PriorityGroupConfig                 0x080023c1   Thumb Code    10  misc.o(.text)
    NVIC_Init                                0x080023cb   Thumb Code   100  misc.o(.text)
    NVIC_SetVectorTable                      0x0800242f   Thumb Code    14  misc.o(.text)
    NVIC_SystemLPConfig                      0x0800243d   Thumb Code    34  misc.o(.text)
    SysTick_CLKSourceConfig                  0x0800245f   Thumb Code    40  misc.o(.text)
    GPIO_DeInit                              0x0800249d   Thumb Code   172  stm32f10x_gpio.o(.text)
    GPIO_AFIODeInit                          0x08002549   Thumb Code    20  stm32f10x_gpio.o(.text)
    GPIO_Init                                0x0800255d   Thumb Code   278  stm32f10x_gpio.o(.text)
    GPIO_StructInit                          0x08002673   Thumb Code    16  stm32f10x_gpio.o(.text)
    GPIO_ReadInputDataBit                    0x08002683   Thumb Code    18  stm32f10x_gpio.o(.text)
    GPIO_ReadInputData                       0x08002695   Thumb Code     8  stm32f10x_gpio.o(.text)
    GPIO_ReadOutputDataBit                   0x0800269d   Thumb Code    18  stm32f10x_gpio.o(.text)
    GPIO_ReadOutputData                      0x080026af   Thumb Code     8  stm32f10x_gpio.o(.text)
    GPIO_SetBits                             0x080026b7   Thumb Code     4  stm32f10x_gpio.o(.text)
    GPIO_ResetBits                           0x080026bb   Thumb Code     4  stm32f10x_gpio.o(.text)
    GPIO_WriteBit                            0x080026bf   Thumb Code    10  stm32f10x_gpio.o(.text)
    GPIO_Write                               0x080026c9   Thumb Code     4  stm32f10x_gpio.o(.text)
    GPIO_PinLockConfig                       0x080026cd   Thumb Code    18  stm32f10x_gpio.o(.text)
    GPIO_EventOutputConfig                   0x080026df   Thumb Code    26  stm32f10x_gpio.o(.text)
    GPIO_EventOutputCmd                      0x080026f9   Thumb Code     6  stm32f10x_gpio.o(.text)
    GPIO_PinRemapConfig                      0x080026ff   Thumb Code   138  stm32f10x_gpio.o(.text)
    GPIO_EXTILineConfig                      0x08002789   Thumb Code    66  stm32f10x_gpio.o(.text)
    GPIO_ETH_MediaInterfaceConfig            0x080027cb   Thumb Code     8  stm32f10x_gpio.o(.text)
    RCC_DeInit                               0x080027f9   Thumb Code    64  stm32f10x_rcc.o(.text)
    RCC_HSEConfig                            0x08002839   Thumb Code    70  stm32f10x_rcc.o(.text)
    RCC_GetFlagStatus                        0x0800287f   Thumb Code    56  stm32f10x_rcc.o(.text)
    RCC_WaitForHSEStartUp                    0x080028b7   Thumb Code    56  stm32f10x_rcc.o(.text)
    RCC_AdjustHSICalibrationValue            0x080028ef   Thumb Code    20  stm32f10x_rcc.o(.text)
    RCC_HSICmd                               0x08002903   Thumb Code     6  stm32f10x_rcc.o(.text)
    RCC_PLLConfig                            0x08002909   Thumb Code    24  stm32f10x_rcc.o(.text)
    RCC_PLLCmd                               0x08002921   Thumb Code     6  stm32f10x_rcc.o(.text)
    RCC_SYSCLKConfig                         0x08002927   Thumb Code    18  stm32f10x_rcc.o(.text)
    RCC_GetSYSCLKSource                      0x08002939   Thumb Code    10  stm32f10x_rcc.o(.text)
    RCC_HCLKConfig                           0x08002943   Thumb Code    18  stm32f10x_rcc.o(.text)
    RCC_PCLK1Config                          0x08002955   Thumb Code    18  stm32f10x_rcc.o(.text)
    RCC_PCLK2Config                          0x08002967   Thumb Code    20  stm32f10x_rcc.o(.text)
    RCC_ITConfig                             0x0800297b   Thumb Code    26  stm32f10x_rcc.o(.text)
    RCC_USBCLKConfig                         0x08002995   Thumb Code     8  stm32f10x_rcc.o(.text)
    RCC_ADCCLKConfig                         0x0800299d   Thumb Code    18  stm32f10x_rcc.o(.text)
    RCC_LSEConfig                            0x080029af   Thumb Code    50  stm32f10x_rcc.o(.text)
    RCC_LSICmd                               0x080029e1   Thumb Code     6  stm32f10x_rcc.o(.text)
    RCC_RTCCLKConfig                         0x080029e7   Thumb Code    12  stm32f10x_rcc.o(.text)
    RCC_RTCCLKCmd                            0x080029f3   Thumb Code     8  stm32f10x_rcc.o(.text)
    RCC_GetClocksFreq                        0x080029fb   Thumb Code   192  stm32f10x_rcc.o(.text)
    RCC_AHBPeriphClockCmd                    0x08002abb   Thumb Code    26  stm32f10x_rcc.o(.text)
    RCC_APB2PeriphClockCmd                   0x08002ad5   Thumb Code    26  stm32f10x_rcc.o(.text)
    RCC_APB1PeriphClockCmd                   0x08002aef   Thumb Code    26  stm32f10x_rcc.o(.text)
    RCC_APB2PeriphResetCmd                   0x08002b09   Thumb Code    26  stm32f10x_rcc.o(.text)
    RCC_APB1PeriphResetCmd                   0x08002b23   Thumb Code    26  stm32f10x_rcc.o(.text)
    RCC_BackupResetCmd                       0x08002b3d   Thumb Code     8  stm32f10x_rcc.o(.text)
    RCC_ClockSecuritySystemCmd               0x08002b45   Thumb Code     6  stm32f10x_rcc.o(.text)
    RCC_MCOConfig                            0x08002b4b   Thumb Code     6  stm32f10x_rcc.o(.text)
    RCC_ClearFlag                            0x08002b51   Thumb Code    14  stm32f10x_rcc.o(.text)
    RCC_GetITStatus                          0x08002b5f   Thumb Code    20  stm32f10x_rcc.o(.text)
    RCC_ClearITPendingBit                    0x08002b73   Thumb Code     6  stm32f10x_rcc.o(.text)
    TIM_DeInit                               0x08002b9d   Thumb Code   424  stm32f10x_tim.o(.text)
    TIM_TimeBaseInit                         0x08002d45   Thumb Code   122  stm32f10x_tim.o(.text)
    TIM_OC1Init                              0x08002dbf   Thumb Code   132  stm32f10x_tim.o(.text)
    TIM_OC2Init                              0x08002e43   Thumb Code   154  stm32f10x_tim.o(.text)
    TIM_OC3Init                              0x08002edd   Thumb Code   150  stm32f10x_tim.o(.text)
    TIM_OC4Init                              0x08002f73   Thumb Code   182  stm32f10x_tim.o(.text)
    TIM_SetIC4Prescaler                      0x08003029   Thumb Code    26  stm32f10x_tim.o(.text)
    TIM_SetIC3Prescaler                      0x080030c5   Thumb Code    18  stm32f10x_tim.o(.text)
    TIM_SetIC2Prescaler                      0x08003151   Thumb Code    26  stm32f10x_tim.o(.text)
    TIM_SetIC1Prescaler                      0x080031ed   Thumb Code    18  stm32f10x_tim.o(.text)
    TIM_ICInit                               0x0800326b   Thumb Code   150  stm32f10x_tim.o(.text)
    TIM_PWMIConfig                           0x08003301   Thumb Code   124  stm32f10x_tim.o(.text)
    TIM_BDTRConfig                           0x0800337d   Thumb Code    32  stm32f10x_tim.o(.text)
    TIM_TimeBaseStructInit                   0x0800339d   Thumb Code    18  stm32f10x_tim.o(.text)
    TIM_OCStructInit                         0x080033af   Thumb Code    20  stm32f10x_tim.o(.text)
    TIM_ICStructInit                         0x080033c3   Thumb Code    18  stm32f10x_tim.o(.text)
    TIM_BDTRStructInit                       0x080033d5   Thumb Code    40  stm32f10x_tim.o(.text)
    TIM_Cmd                                  0x080033fd   Thumb Code    24  stm32f10x_tim.o(.text)
    TIM_CtrlPWMOutputs                       0x08003415   Thumb Code    30  stm32f10x_tim.o(.text)
    TIM_ITConfig                             0x08003433   Thumb Code    18  stm32f10x_tim.o(.text)
    TIM_GenerateEvent                        0x08003445   Thumb Code     4  stm32f10x_tim.o(.text)
    TIM_DMAConfig                            0x08003449   Thumb Code    10  stm32f10x_tim.o(.text)
    TIM_DMACmd                               0x08003453   Thumb Code    18  stm32f10x_tim.o(.text)
    TIM_InternalClockConfig                  0x08003465   Thumb Code    12  stm32f10x_tim.o(.text)
    TIM_SelectInputTrigger                   0x08003471   Thumb Code    18  stm32f10x_tim.o(.text)
    TIM_ITRxExternalClockConfig              0x08003483   Thumb Code    24  stm32f10x_tim.o(.text)
    TIM_TIxExternalClockConfig               0x0800349b   Thumb Code    62  stm32f10x_tim.o(.text)
    TIM_ETRConfig                            0x080034d9   Thumb Code    28  stm32f10x_tim.o(.text)
    TIM_ETRClockMode1Config                  0x080034f5   Thumb Code    54  stm32f10x_tim.o(.text)
    TIM_ETRClockMode2Config                  0x0800352b   Thumb Code    32  stm32f10x_tim.o(.text)
    TIM_PrescalerConfig                      0x0800354b   Thumb Code     6  stm32f10x_tim.o(.text)
    TIM_CounterModeConfig                    0x08003551   Thumb Code    18  stm32f10x_tim.o(.text)
    TIM_EncoderInterfaceConfig               0x08003563   Thumb Code    66  stm32f10x_tim.o(.text)
    TIM_ForcedOC1Config                      0x080035a5   Thumb Code    18  stm32f10x_tim.o(.text)
    TIM_ForcedOC2Config                      0x080035b7   Thumb Code    26  stm32f10x_tim.o(.text)
    TIM_ForcedOC3Config                      0x080035d1   Thumb Code    18  stm32f10x_tim.o(.text)
    TIM_ForcedOC4Config                      0x080035e3   Thumb Code    26  stm32f10x_tim.o(.text)
    TIM_ARRPreloadConfig                     0x080035fd   Thumb Code    24  stm32f10x_tim.o(.text)
    TIM_SelectCOM                            0x08003615   Thumb Code    24  stm32f10x_tim.o(.text)
    TIM_SelectCCDMA                          0x0800362d   Thumb Code    24  stm32f10x_tim.o(.text)
    TIM_CCPreloadControl                     0x08003645   Thumb Code    24  stm32f10x_tim.o(.text)
    TIM_OC1PreloadConfig                     0x0800365d   Thumb Code    18  stm32f10x_tim.o(.text)
    TIM_OC2PreloadConfig                     0x0800366f   Thumb Code    26  stm32f10x_tim.o(.text)
    TIM_OC3PreloadConfig                     0x08003689   Thumb Code    18  stm32f10x_tim.o(.text)
    TIM_OC4PreloadConfig                     0x0800369b   Thumb Code    26  stm32f10x_tim.o(.text)
    TIM_OC1FastConfig                        0x080036b5   Thumb Code    18  stm32f10x_tim.o(.text)
    TIM_OC2FastConfig                        0x080036c7   Thumb Code    26  stm32f10x_tim.o(.text)
    TIM_OC3FastConfig                        0x080036e1   Thumb Code    18  stm32f10x_tim.o(.text)
    TIM_OC4FastConfig                        0x080036f3   Thumb Code    26  stm32f10x_tim.o(.text)
    TIM_ClearOC1Ref                          0x0800370d   Thumb Code    18  stm32f10x_tim.o(.text)
    TIM_ClearOC2Ref                          0x0800371f   Thumb Code    24  stm32f10x_tim.o(.text)
    TIM_ClearOC3Ref                          0x08003737   Thumb Code    18  stm32f10x_tim.o(.text)
    TIM_ClearOC4Ref                          0x08003749   Thumb Code    24  stm32f10x_tim.o(.text)
    TIM_OC1PolarityConfig                    0x08003761   Thumb Code    18  stm32f10x_tim.o(.text)
    TIM_OC1NPolarityConfig                   0x08003773   Thumb Code    18  stm32f10x_tim.o(.text)
    TIM_OC2PolarityConfig                    0x08003785   Thumb Code    26  stm32f10x_tim.o(.text)
    TIM_OC2NPolarityConfig                   0x0800379f   Thumb Code    26  stm32f10x_tim.o(.text)
    TIM_OC3PolarityConfig                    0x080037b9   Thumb Code    26  stm32f10x_tim.o(.text)
    TIM_OC3NPolarityConfig                   0x080037d3   Thumb Code    26  stm32f10x_tim.o(.text)
    TIM_OC4PolarityConfig                    0x080037ed   Thumb Code    26  stm32f10x_tim.o(.text)
    TIM_CCxCmd                               0x08003807   Thumb Code    30  stm32f10x_tim.o(.text)
    TIM_CCxNCmd                              0x08003825   Thumb Code    30  stm32f10x_tim.o(.text)
    TIM_SelectOCxM                           0x08003843   Thumb Code    82  stm32f10x_tim.o(.text)
    TIM_UpdateDisableConfig                  0x08003895   Thumb Code    24  stm32f10x_tim.o(.text)
    TIM_UpdateRequestConfig                  0x080038ad   Thumb Code    24  stm32f10x_tim.o(.text)
    TIM_SelectHallSensor                     0x080038c5   Thumb Code    24  stm32f10x_tim.o(.text)
    TIM_SelectOnePulseMode                   0x080038dd   Thumb Code    18  stm32f10x_tim.o(.text)
    TIM_SelectOutputTrigger                  0x080038ef   Thumb Code    18  stm32f10x_tim.o(.text)
    TIM_SelectSlaveMode                      0x08003901   Thumb Code    18  stm32f10x_tim.o(.text)
    TIM_SelectMasterSlaveMode                0x08003913   Thumb Code    18  stm32f10x_tim.o(.text)
    TIM_SetCounter                           0x08003925   Thumb Code     4  stm32f10x_tim.o(.text)
    TIM_SetAutoreload                        0x08003929   Thumb Code     4  stm32f10x_tim.o(.text)
    TIM_SetCompare1                          0x0800392d   Thumb Code     4  stm32f10x_tim.o(.text)
    TIM_SetCompare2                          0x08003931   Thumb Code     4  stm32f10x_tim.o(.text)
    TIM_SetCompare3                          0x08003935   Thumb Code     4  stm32f10x_tim.o(.text)
    TIM_SetCompare4                          0x08003939   Thumb Code     6  stm32f10x_tim.o(.text)
    TIM_SetClockDivision                     0x0800393f   Thumb Code    18  stm32f10x_tim.o(.text)
    TIM_GetCapture1                          0x08003951   Thumb Code     6  stm32f10x_tim.o(.text)
    TIM_GetCapture2                          0x08003957   Thumb Code     6  stm32f10x_tim.o(.text)
    TIM_GetCapture3                          0x0800395d   Thumb Code     6  stm32f10x_tim.o(.text)
    TIM_GetCapture4                          0x08003963   Thumb Code     8  stm32f10x_tim.o(.text)
    TIM_GetCounter                           0x0800396b   Thumb Code     6  stm32f10x_tim.o(.text)
    TIM_GetPrescaler                         0x08003971   Thumb Code     6  stm32f10x_tim.o(.text)
    TIM_GetFlagStatus                        0x08003977   Thumb Code    18  stm32f10x_tim.o(.text)
    TIM_ClearFlag                            0x08003989   Thumb Code     6  stm32f10x_tim.o(.text)
    TIM_GetITStatus                          0x0800398f   Thumb Code    34  stm32f10x_tim.o(.text)
    TIM_ClearITPendingBit                    0x080039b1   Thumb Code     6  stm32f10x_tim.o(.text)
    USART_DeInit                             0x080039b9   Thumb Code   134  stm32f10x_usart.o(.text)
    USART_Init                               0x08003a3f   Thumb Code   210  stm32f10x_usart.o(.text)
    USART_StructInit                         0x08003b11   Thumb Code    24  stm32f10x_usart.o(.text)
    USART_ClockInit                          0x08003b29   Thumb Code    34  stm32f10x_usart.o(.text)
    USART_ClockStructInit                    0x08003b4b   Thumb Code    12  stm32f10x_usart.o(.text)
    USART_Cmd                                0x08003b57   Thumb Code    24  stm32f10x_usart.o(.text)
    USART_ITConfig                           0x08003b6f   Thumb Code    74  stm32f10x_usart.o(.text)
    USART_DMACmd                             0x08003bb9   Thumb Code    18  stm32f10x_usart.o(.text)
    USART_SetAddress                         0x08003bcb   Thumb Code    18  stm32f10x_usart.o(.text)
    USART_WakeUpConfig                       0x08003bdd   Thumb Code    18  stm32f10x_usart.o(.text)
    USART_ReceiverWakeUpCmd                  0x08003bef   Thumb Code    24  stm32f10x_usart.o(.text)
    USART_LINBreakDetectLengthConfig         0x08003c07   Thumb Code    18  stm32f10x_usart.o(.text)
    USART_LINCmd                             0x08003c19   Thumb Code    24  stm32f10x_usart.o(.text)
    USART_SendData                           0x08003c31   Thumb Code     8  stm32f10x_usart.o(.text)
    USART_ReceiveData                        0x08003c39   Thumb Code    10  stm32f10x_usart.o(.text)
    USART_SendBreak                          0x08003c43   Thumb Code    10  stm32f10x_usart.o(.text)
    USART_SetGuardTime                       0x08003c4d   Thumb Code    16  stm32f10x_usart.o(.text)
    USART_SetPrescaler                       0x08003c5d   Thumb Code    16  stm32f10x_usart.o(.text)
    USART_SmartCardCmd                       0x08003c6d   Thumb Code    24  stm32f10x_usart.o(.text)
    USART_SmartCardNACKCmd                   0x08003c85   Thumb Code    24  stm32f10x_usart.o(.text)
    USART_HalfDuplexCmd                      0x08003c9d   Thumb Code    24  stm32f10x_usart.o(.text)
    USART_OverSampling8Cmd                   0x08003cb5   Thumb Code    22  stm32f10x_usart.o(.text)
    USART_OneBitMethodCmd                    0x08003ccb   Thumb Code    24  stm32f10x_usart.o(.text)
    USART_IrDAConfig                         0x08003ce3   Thumb Code    18  stm32f10x_usart.o(.text)
    USART_IrDACmd                            0x08003cf5   Thumb Code    24  stm32f10x_usart.o(.text)
    USART_GetFlagStatus                      0x08003d0d   Thumb Code    26  stm32f10x_usart.o(.text)
    USART_ClearFlag                          0x08003d27   Thumb Code    18  stm32f10x_usart.o(.text)
    USART_GetITStatus                        0x08003d39   Thumb Code    84  stm32f10x_usart.o(.text)
    USART_ClearITPendingBit                  0x08003d8d   Thumb Code    52  stm32f10x_usart.o(.text)
    __use_no_semihosting                     0x08003dc1   Thumb Code     2  use_no_semi_2.o(.text)
    __2printf                                0x08003dc5   Thumb Code    20  noretval__2printf.o(.text)
    _printf_str                              0x08003ddd   Thumb Code    82  _printf_str.o(.text)
    __printf                                 0x08003e31   Thumb Code   308  __printf_flags_wp.o(.text)
    __use_two_region_memory                  0x08003f69   Thumb Code     2  heapauxi.o(.text)
    __rt_heap_escrow$2region                 0x08003f6b   Thumb Code     2  heapauxi.o(.text)
    __rt_heap_expand$2region                 0x08003f6d   Thumb Code     2  heapauxi.o(.text)
    __I$use$semihosting                      0x08003f6f   Thumb Code     0  use_no_semi.o(.text)
    __use_no_semihosting_swi                 0x08003f6f   Thumb Code     2  use_no_semi.o(.text)
    _printf_cs_common                        0x08003f71   Thumb Code    20  _printf_char.o(.text)
    _printf_char                             0x08003f85   Thumb Code    16  _printf_char.o(.text)
    _printf_string                           0x08003f95   Thumb Code     8  _printf_char.o(.text)
    _printf_char_file                        0x08003f9d   Thumb Code    32  _printf_char_file.o(.text)
    _printf_char_common                      0x08003fcb   Thumb Code    32  _printf_char_common.o(.text)
    ferror                                   0x08003ff1   Thumb Code     8  ferror.o(.text)
    __user_libspace                          0x08003ff9   Thumb Code     8  libspace.o(.text)
    __user_perproc_libspace                  0x08003ff9   Thumb Code     0  libspace.o(.text)
    __user_perthread_libspace                0x08003ff9   Thumb Code     0  libspace.o(.text)
    __user_setup_stackheap                   0x08004001   Thumb Code    74  sys_stackheap_outer.o(.text)
    exit                                     0x0800404b   Thumb Code    12  exit.o(.text)
    _is_digit                                0x08004057   Thumb Code    14  __printf_wp.o(i._is_digit)
    __aeabi_fadd                             0x08004065   Thumb Code     0  faddsub_clz.o(x$fpl$fadd)
    _fadd                                    0x08004065   Thumb Code   196  faddsub_clz.o(x$fpl$fadd)
    __fpl_fcmp_Inf                           0x08004129   Thumb Code    24  fcmpi.o(x$fpl$fcmpinf)
    __aeabi_fdiv                             0x08004141   Thumb Code     0  fdiv.o(x$fpl$fdiv)
    _fdiv                                    0x08004141   Thumb Code   384  fdiv.o(x$fpl$fdiv)
    __aeabi_f2uiz                            0x080042c5   Thumb Code     0  ffixu.o(x$fpl$ffixu)
    _ffixu                                   0x080042c5   Thumb Code    62  ffixu.o(x$fpl$ffixu)
    __aeabi_ui2f                             0x08004305   Thumb Code     0  fflt_clz.o(x$fpl$ffltu)
    _ffltu                                   0x08004305   Thumb Code    38  fflt_clz.o(x$fpl$ffltu)
    __aeabi_cfcmple                          0x0800432d   Thumb Code     0  fleqf.o(x$fpl$fleqf)
    _fcmple                                  0x0800432d   Thumb Code   104  fleqf.o(x$fpl$fleqf)
    __fpl_fcmple_InfNaN                      0x0800437f   Thumb Code     0  fleqf.o(x$fpl$fleqf)
    __aeabi_fmul                             0x08004395   Thumb Code     0  fmul.o(x$fpl$fmul)
    _fmul                                    0x08004395   Thumb Code   258  fmul.o(x$fpl$fmul)
    __fpl_fnaninf                            0x08004497   Thumb Code   140  fnaninf.o(x$fpl$fnaninf)
    __fpl_fretinf                            0x08004523   Thumb Code    10  fretinf.o(x$fpl$fretinf)
    __aeabi_frsub                            0x0800452d   Thumb Code     0  faddsub_clz.o(x$fpl$frsb)
    _frsb                                    0x0800452d   Thumb Code    20  faddsub_clz.o(x$fpl$frsb)
    __aeabi_fsub                             0x08004541   Thumb Code     0  faddsub_clz.o(x$fpl$fsub)
    _fsub                                    0x08004541   Thumb Code   234  faddsub_clz.o(x$fpl$fsub)
    __I$use$fp                               0x0800462a   Number         0  usenofp.o(x$fpl$usenofp)
    asc2_1206                                0x0800462a   Data        1140  oled.o(.constdata)
    asc2_1608                                0x08004a9e   Data        1520  oled.o(.constdata)
    asc2_2412                                0x0800508e   Data        3420  oled.o(.constdata)
    Region$$Table$$Base                      0x08005dfc   Number         0  anon$$obj.o(Region$$Table)
    Region$$Table$$Limit                     0x08005e1c   Number         0  anon$$obj.o(Region$$Table)
    key                                      0x20000000   Data           1  main.o(.data)
    problem                                  0x20000001   Data           1  main.o(.data)
    usart_flag                               0x20000004   Data           4  main.o(.data)
    usart_flag2                              0x20000008   Data           4  main.o(.data)
    Bias                                     0x2000000c   Data           4  main.o(.data)
    Last_Bias                                0x20000010   Data           4  main.o(.data)
    Delta_Bias                               0x20000014   Data           4  main.o(.data)
    Delta_Delta_Bias                         0x20000018   Data           4  main.o(.data)
    Pre_Delta_Bias                           0x2000001c   Data           4  main.o(.data)
    Balance_KP                               0x20000020   Data           4  main.o(.data)
    Balance_Ki                               0x20000024   Data           4  main.o(.data)
    Balance_KD                               0x20000028   Data           4  main.o(.data)
    KL                                       0x2000002c   Data           4  main.o(.data)
    angle_1_flag                             0x20000030   Data           4  main.o(.data)
    ii                                       0x20000034   Data           4  main.o(.data)
    iii                                      0x20000038   Data           4  main.o(.data)
    iiii                                     0x2000003c   Data           4  main.o(.data)
    Goal_value                               0x20000040   Data           4  main.o(.data)
    angle_1                                  0x20000044   Data           4  main.o(.data)
    angle_2                                  0x20000048   Data           4  main.o(.data)
    angle_3                                  0x2000004c   Data           4  main.o(.data)
    RX_CNT                                   0x20000050   Data           1  main.o(.data)
    x                                        0x20000054   Data           4  main.o(.data)
    y                                        0x20000058   Data           4  main.o(.data)
    r                                        0x2000005c   Data           4  main.o(.data)
    length                                   0x20000060   Data           4  main.o(.data)
    biaoju                                   0x20000064   Data           4  main.o(.data)
    baju                                     0x20000068   Data           4  main.o(.data)
    yaim                                     0x2000006c   Data           4  main.o(.data)
    PWMA                                     0x20000070   Data           4  main.o(.data)
    PWMB                                     0x20000074   Data           4  main.o(.data)
    PWMC                                     0x20000078   Data           4  main.o(.data)
    pitch                                    0x2000007c   Data           4  main.o(.data)
    roll                                     0x20000080   Data           4  main.o(.data)
    yaw                                      0x20000084   Data           4  main.o(.data)
    mode                                     0x20000088   Data           4  main.o(.data)
    SystemCoreClock                          0x2000008c   Data           4  system_stm32f10x.o(.data)
    AHBPrescTable                            0x20000090   Data          16  system_stm32f10x.o(.data)
    Hzk1                                     0x200000a1   Data         352  oled.o(.data)
    Hzk2                                     0x20000201   Data         216  oled.o(.data)
    Hzk3                                     0x200002d9   Data         512  oled.o(.data)
    Hzk4                                     0x200004d9   Data        4096  oled.o(.data)
    USART2_RX_STA                            0x200014e0   Data           2  usart.o(.data)
    USART3_RX_STA                            0x200014e2   Data           2  usart.o(.data)
    __stdout                                 0x200014e4   Data           4  usart.o(.data)
    OLED_sprintf_str                         0x200014fc   Data          20  main.o(.bss)
    RX_BUF                                   0x20001510   Data          15  main.o(.bss)
    OLED_GRAM                                0x2000151f   Data        1152  oled.o(.bss)
    USART2_RX_BUF                            0x2000199f   Data         200  usart.o(.bss)
    USART3_RX_BUF                            0x20001a67   Data         200  usart.o(.bss)
    __libspace_start                         0x20001b30   Data          96  libspace.o(.bss)
    __temporary_stack_top$libspace           0x20001b90   Data           0  libspace.o(.bss)



==============================================================================

Memory Map of the image

  Image Entry point : 0x08000131

  Load Region LR_IROM1 (Base: 0x08000000, Size: 0x00007318, Max: 0x00080000, ABSOLUTE, COMPRESSED[0x00006008])

    Execution Region ER_IROM1 (Base: 0x08000000, Size: 0x00005e1c, Max: 0x00080000, ABSOLUTE)

    Base Addr    Size         Type   Attr      Idx    E Section Name        Object

    0x08000000   0x00000130   Data   RO          501    RESET               startup_stm32f10x_hd.o
    0x08000130   0x00000008   Code   RO          637  * !!!main             c_w.l(__main.o)
    0x08000138   0x00000034   Code   RO          965    !!!scatter          c_w.l(__scatter.o)
    0x0800016c   0x0000005a   Code   RO          963    !!dczerorl2         c_w.l(__dczerorl2.o)
    0x080001c6   0x00000002   PAD
    0x080001c8   0x0000001c   Code   RO          967    !!handler_zi        c_w.l(__scatter_zi.o)
    0x080001e4   0x00000000   Code   RO          630    .ARM.Collect$$_printf_percent$$00000000  c_w.l(_printf_percent.o)
    0x080001e4   0x00000006   Code   RO          627    .ARM.Collect$$_printf_percent$$00000013  c_w.l(_printf_c.o)
    0x080001ea   0x00000004   Code   RO          724    .ARM.Collect$$_printf_percent$$00000017  c_w.l(_printf_percent_end.o)
    0x080001ee   0x00000002   Code   RO          831    .ARM.Collect$$libinit$$00000000  c_w.l(libinit.o)
    0x080001f0   0x00000000   Code   RO          843    .ARM.Collect$$libinit$$00000002  c_w.l(libinit2.o)
    0x080001f0   0x00000000   Code   RO          845    .ARM.Collect$$libinit$$00000004  c_w.l(libinit2.o)
    0x080001f0   0x00000000   Code   RO          848    .ARM.Collect$$libinit$$0000000A  c_w.l(libinit2.o)
    0x080001f0   0x00000000   Code   RO          850    .ARM.Collect$$libinit$$0000000C  c_w.l(libinit2.o)
    0x080001f0   0x00000000   Code   RO          852    .ARM.Collect$$libinit$$0000000E  c_w.l(libinit2.o)
    0x080001f0   0x00000000   Code   RO          855    .ARM.Collect$$libinit$$00000011  c_w.l(libinit2.o)
    0x080001f0   0x00000000   Code   RO          857    .ARM.Collect$$libinit$$00000013  c_w.l(libinit2.o)
    0x080001f0   0x00000000   Code   RO          859    .ARM.Collect$$libinit$$00000015  c_w.l(libinit2.o)
    0x080001f0   0x00000000   Code   RO          861    .ARM.Collect$$libinit$$00000017  c_w.l(libinit2.o)
    0x080001f0   0x00000000   Code   RO          863    .ARM.Collect$$libinit$$00000019  c_w.l(libinit2.o)
    0x080001f0   0x00000000   Code   RO          865    .ARM.Collect$$libinit$$0000001B  c_w.l(libinit2.o)
    0x080001f0   0x00000000   Code   RO          867    .ARM.Collect$$libinit$$0000001D  c_w.l(libinit2.o)
    0x080001f0   0x00000000   Code   RO          869    .ARM.Collect$$libinit$$0000001F  c_w.l(libinit2.o)
    0x080001f0   0x00000000   Code   RO          871    .ARM.Collect$$libinit$$00000021  c_w.l(libinit2.o)
    0x080001f0   0x00000000   Code   RO          873    .ARM.Collect$$libinit$$00000023  c_w.l(libinit2.o)
    0x080001f0   0x00000000   Code   RO          875    .ARM.Collect$$libinit$$00000025  c_w.l(libinit2.o)
    0x080001f0   0x00000000   Code   RO          879    .ARM.Collect$$libinit$$0000002C  c_w.l(libinit2.o)
    0x080001f0   0x00000000   Code   RO          881    .ARM.Collect$$libinit$$0000002E  c_w.l(libinit2.o)
    0x080001f0   0x00000000   Code   RO          883    .ARM.Collect$$libinit$$00000030  c_w.l(libinit2.o)
    0x080001f0   0x00000000   Code   RO          885    .ARM.Collect$$libinit$$00000032  c_w.l(libinit2.o)
    0x080001f0   0x00000002   Code   RO          886    .ARM.Collect$$libinit$$00000033  c_w.l(libinit2.o)
    0x080001f2   0x00000002   Code   RO          916    .ARM.Collect$$libshutdown$$00000000  c_w.l(libshutdown.o)
    0x080001f4   0x00000000   Code   RO          931    .ARM.Collect$$libshutdown$$00000003  c_w.l(libshutdown2.o)
    0x080001f4   0x00000000   Code   RO          934    .ARM.Collect$$libshutdown$$00000006  c_w.l(libshutdown2.o)
    0x080001f4   0x00000000   Code   RO          937    .ARM.Collect$$libshutdown$$00000009  c_w.l(libshutdown2.o)
    0x080001f4   0x00000000   Code   RO          939    .ARM.Collect$$libshutdown$$0000000B  c_w.l(libshutdown2.o)
    0x080001f4   0x00000000   Code   RO          942    .ARM.Collect$$libshutdown$$0000000E  c_w.l(libshutdown2.o)
    0x080001f4   0x00000002   Code   RO          943    .ARM.Collect$$libshutdown$$0000000F  c_w.l(libshutdown2.o)
    0x080001f6   0x00000000   Code   RO          713    .ARM.Collect$$rtentry$$00000000  c_w.l(__rtentry.o)
    0x080001f6   0x00000000   Code   RO          778    .ARM.Collect$$rtentry$$00000002  c_w.l(__rtentry2.o)
    0x080001f6   0x00000006   Code   RO          790    .ARM.Collect$$rtentry$$00000004  c_w.l(__rtentry4.o)
    0x080001fc   0x00000000   Code   RO          780    .ARM.Collect$$rtentry$$00000009  c_w.l(__rtentry2.o)
    0x080001fc   0x00000004   Code   RO          781    .ARM.Collect$$rtentry$$0000000A  c_w.l(__rtentry2.o)
    0x08000200   0x00000000   Code   RO          783    .ARM.Collect$$rtentry$$0000000C  c_w.l(__rtentry2.o)
    0x08000200   0x00000008   Code   RO          784    .ARM.Collect$$rtentry$$0000000D  c_w.l(__rtentry2.o)
    0x08000208   0x00000002   Code   RO          836    .ARM.Collect$$rtexit$$00000000  c_w.l(rtexit.o)
    0x0800020a   0x00000000   Code   RO          890    .ARM.Collect$$rtexit$$00000002  c_w.l(rtexit2.o)
    0x0800020a   0x00000004   Code   RO          891    .ARM.Collect$$rtexit$$00000003  c_w.l(rtexit2.o)
    0x0800020e   0x00000006   Code   RO          892    .ARM.Collect$$rtexit$$00000004  c_w.l(rtexit2.o)
    0x08000214   0x0000000c   Code   RO          449    .emb_text           sys.o
    0x08000220   0x00000568   Code   RO            1    .text               main.o
    0x08000788   0x0000001a   Code   RO          158    .text               stm32f10x_it.o
    0x080007a2   0x00000002   PAD
    0x080007a4   0x000001e0   Code   RO          199    .text               system_stm32f10x.o
    0x08000984   0x000000a8   Code   RO          217    .text               led.o
    0x08000a2c   0x000000fc   Code   RO          233    .text               key.o
    0x08000b28   0x0000047c   Code   RO          246    .text               timer.o
    0x08000fa4   0x000008f4   Code   RO          258    .text               oled.o
    0x08001898   0x00000360   Code   RO          311    .text               encoder.o
    0x08001bf8   0x000000b0   Code   RO          435    .text               delay.o
    0x08001ca8   0x000002bc   Code   RO          450    .text               sys.o
    0x08001f64   0x0000041c   Code   RO          466    .text               usart.o
    0x08002380   0x00000040   Code   RO          502    .text               startup_stm32f10x_hd.o
    0x080023c0   0x000000dc   Code   RO          506    .text               misc.o
    0x0800249c   0x0000035c   Code   RO          518    .text               stm32f10x_gpio.o
    0x080027f8   0x000003a4   Code   RO          530    .text               stm32f10x_rcc.o
    0x08002b9c   0x00000e1a   Code   RO          544    .text               stm32f10x_tim.o
    0x080039b6   0x00000002   PAD
    0x080039b8   0x00000408   Code   RO          556    .text               stm32f10x_usart.o
    0x08003dc0   0x00000002   Code   RO          570    .text               c_w.l(use_no_semi_2.o)
    0x08003dc2   0x00000002   PAD
    0x08003dc4   0x00000018   Code   RO          576    .text               c_w.l(noretval__2printf.o)
    0x08003ddc   0x00000052   Code   RO          582    .text               c_w.l(_printf_str.o)
    0x08003e2e   0x00000002   PAD
    0x08003e30   0x00000138   Code   RO          619    .text               c_w.l(__printf_flags_wp.o)
    0x08003f68   0x00000006   Code   RO          635    .text               c_w.l(heapauxi.o)
    0x08003f6e   0x00000002   Code   RO          711    .text               c_w.l(use_no_semi.o)
    0x08003f70   0x0000002c   Code   RO          720    .text               c_w.l(_printf_char.o)
    0x08003f9c   0x00000024   Code   RO          722    .text               c_w.l(_printf_char_file.o)
    0x08003fc0   0x00000030   Code   RO          801    .text               c_w.l(_printf_char_common.o)
    0x08003ff0   0x00000008   Code   RO          803    .text               c_w.l(ferror.o)
    0x08003ff8   0x00000008   Code   RO          815    .text               c_w.l(libspace.o)
    0x08004000   0x0000004a   Code   RO          818    .text               c_w.l(sys_stackheap_outer.o)
    0x0800404a   0x0000000c   Code   RO          824    .text               c_w.l(exit.o)
    0x08004056   0x0000000e   Code   RO          617    i._is_digit         c_w.l(__printf_wp.o)
    0x08004064   0x000000c4   Code   RO          661    x$fpl$fadd          fz_ws.l(faddsub_clz.o)
    0x08004128   0x00000018   Code   RO          731    x$fpl$fcmpinf       fz_ws.l(fcmpi.o)
    0x08004140   0x00000184   Code   RO          668    x$fpl$fdiv          fz_ws.l(fdiv.o)
    0x080042c4   0x0000003e   Code   RO          677    x$fpl$ffixu         fz_ws.l(ffixu.o)
    0x08004302   0x00000002   PAD
    0x08004304   0x00000026   Code   RO          681    x$fpl$ffltu         fz_ws.l(fflt_clz.o)
    0x0800432a   0x00000002   PAD
    0x0800432c   0x00000068   Code   RO          687    x$fpl$fleqf         fz_ws.l(fleqf.o)
    0x08004394   0x00000102   Code   RO          689    x$fpl$fmul          fz_ws.l(fmul.o)
    0x08004496   0x0000008c   Code   RO          733    x$fpl$fnaninf       fz_ws.l(fnaninf.o)
    0x08004522   0x0000000a   Code   RO          735    x$fpl$fretinf       fz_ws.l(fretinf.o)
    0x0800452c   0x00000014   Code   RO          662    x$fpl$frsb          fz_ws.l(faddsub_clz.o)
    0x08004540   0x000000ea   Code   RO          663    x$fpl$fsub          fz_ws.l(faddsub_clz.o)
    0x0800462a   0x00000000   Code   RO          739    x$fpl$usenofp       fz_ws.l(usenofp.o)
    0x0800462a   0x000017c0   Data   RO          260    .constdata          oled.o
    0x08005dea   0x00000011   Data   RO          620    .constdata          c_w.l(__printf_flags_wp.o)
    0x08005dfb   0x00000001   PAD
    0x08005dfc   0x00000020   Data   RO          961    Region$$Table       anon$$obj.o


    Execution Region RW_IRAM1 (Base: 0x20000000, Size: 0x00002190, Max: 0x00010000, ABSOLUTE, COMPRESSED[0x000001ec])

    Base Addr    Size         Type   Attr      Idx    E Section Name        Object

    0x20000000   0x0000008c   Data   RW            3    .data               main.o
    0x2000008c   0x00000014   Data   RW          200    .data               system_stm32f10x.o
    0x200000a0   0x00000001   Data   RW          234    .data               key.o
    0x200000a1   0x00001438   Data   RW          261    .data               oled.o
    0x200014d9   0x00000001   PAD
    0x200014da   0x00000004   Data   RW          436    .data               delay.o
    0x200014de   0x00000002   PAD
    0x200014e0   0x00000008   Data   RW          468    .data               usart.o
    0x200014e8   0x00000014   Data   RW          531    .data               stm32f10x_rcc.o
    0x200014fc   0x00000023   Zero   RW            2    .bss                main.o
    0x2000151f   0x00000480   Zero   RW          259    .bss                oled.o
    0x2000199f   0x00000190   Zero   RW          467    .bss                usart.o
    0x20001b2f   0x00000001   PAD
    0x20001b30   0x00000060   Zero   RW          816    .bss                c_w.l(libspace.o)
    0x20001b90   0x00000200   Zero   RW          500    HEAP                startup_stm32f10x_hd.o
    0x20001d90   0x00000400   Zero   RW          499    STACK               startup_stm32f10x_hd.o


==============================================================================

Image component sizes


      Code (inc. data)   RO Data    RW Data    ZI Data      Debug   Object Name

       176          8          0          4          0       1027   delay.o
       864         24          0          0          0       2435   encoder.o
       252         12          0          1          0        820   key.o
       168         12          0          0          0        655   led.o
      1384         84          0        140         35     256074   main.o
       220         22          0          0          0       1761   misc.o
      2292         60       6080       5176       1152       8065   oled.o
        64         26        304          0       1536        772   startup_stm32f10x_hd.o
       860         38          0          0          0       5605   stm32f10x_gpio.o
        26          0          0          0          0       1158   stm32f10x_it.o
       932         36          0         20          0       8752   stm32f10x_rcc.o
      3610         88          0          0          0      22088   stm32f10x_tim.o
      1032         22          0          0          0       8328   stm32f10x_usart.o
       712         44          0          0          0       2719   sys.o
       480         38          0         20          0       1679   system_stm32f10x.o
      1148         48          0          0          0       3507   timer.o
      1052         74          0          8        400       4428   usart.o

    ----------------------------------------------------------------------
     15276        636       6416       5372       3124     329873   Object Totals
         0          0         32          0          0          0   (incl. Generated)
         4          0          0          3          1          0   (incl. Padding)

    ----------------------------------------------------------------------

      Code (inc. data)   RO Data    RW Data    ZI Data      Debug   Library Member Name

        90          0          0          0          0          0   __dczerorl2.o
         8          0          0          0          0         68   __main.o
       312          4         17          0          0         92   __printf_flags_wp.o
        14          0          0          0          0         68   __printf_wp.o
         0          0          0          0          0          0   __rtentry.o
        12          0          0          0          0          0   __rtentry2.o
         6          0          0          0          0          0   __rtentry4.o
        52          8          0          0          0          0   __scatter.o
        28          0          0          0          0          0   __scatter_zi.o
         6          0          0          0          0          0   _printf_c.o
        44          0          0          0          0        108   _printf_char.o
        48          6          0          0          0         96   _printf_char_common.o
        36          4          0          0          0         80   _printf_char_file.o
         0          0          0          0          0          0   _printf_percent.o
         4          0          0          0          0          0   _printf_percent_end.o
        82          0          0          0          0         80   _printf_str.o
        12          0          0          0          0         72   exit.o
         8          0          0          0          0         68   ferror.o
         6          0          0          0          0        152   heapauxi.o
         2          0          0          0          0          0   libinit.o
         2          0          0          0          0          0   libinit2.o
         2          0          0          0          0          0   libshutdown.o
         2          0          0          0          0          0   libshutdown2.o
         8          4          0          0         96         68   libspace.o
        24          4          0          0          0         84   noretval__2printf.o
         2          0          0          0          0          0   rtexit.o
        10          0          0          0          0          0   rtexit2.o
        74          0          0          0          0         80   sys_stackheap_outer.o
         2          0          0          0          0         68   use_no_semi.o
         2          0          0          0          0         68   use_no_semi_2.o
       450          8          0          0          0        236   faddsub_clz.o
        24          0          0          0          0         68   fcmpi.o
       388         76          0          0          0         96   fdiv.o
        62          4          0          0          0         84   ffixu.o
        38          0          0          0          0         68   fflt_clz.o
       104          4          0          0          0         84   fleqf.o
       258          4          0          0          0         84   fmul.o
       140          4          0          0          0         84   fnaninf.o
        10          0          0          0          0         68   fretinf.o
         0          0          0          0          0          0   usenofp.o

    ----------------------------------------------------------------------
      2382        130         18          0         96       2124   Library Totals
        10          0          1          0          0          0   (incl. Padding)

    ----------------------------------------------------------------------

      Code (inc. data)   RO Data    RW Data    ZI Data      Debug   Library Name

       898         30         17          0         96       1252   c_w.l
      1474        100          0          0          0        872   fz_ws.l

    ----------------------------------------------------------------------
      2382        130         18          0         96       2124   Library Totals

    ----------------------------------------------------------------------

==============================================================================


      Code (inc. data)   RO Data    RW Data    ZI Data      Debug   

     17658        766       6434       5372       3220     329549   Grand Totals
     17658        766       6434        492       3220     329549   ELF Image Totals (compressed)
     17658        766       6434        492          0          0   ROM Totals

==============================================================================

    Total RO  Size (Code + RO Data)                24092 (  23.53kB)
    Total RW  Size (RW Data + ZI Data)              8592 (   8.39kB)
    Total ROM Size (Code + RO Data + RW Data)      24584 (  24.01kB)

==============================================================================

