Component: ARM Compiler 5.05 update 1 (build 106) Tool: armlink [4d0efa]

==============================================================================

Section Cross References

    main.o(.text) refers to _printf_percent.o(.ARM.Collect$$_printf_percent$$00000000) for _printf_percent
    main.o(.text) refers to _printf_d.o(.ARM.Collect$$_printf_percent$$00000009) for _printf_d
    main.o(.text) refers to _printf_dec.o(.text) for _printf_int_dec
    main.o(.text) refers to sys.o(.text) for Stm32_Clock_Init
    main.o(.text) refers to delay.o(.text) for delay_init
    main.o(.text) refers to misc.o(.text) for NVIC_PriorityGroupConfig
    main.o(.text) refers to led.o(.text) for PC3_Init
    main.o(.text) refers to usart.o(.text) for uart_init
    main.o(.text) refers to pstwo.o(.text) for PS2_Init
    main.o(.text) refers to encoder.o(.text) for Encoder_Init_TIM1
    main.o(.text) refers to control.o(.text) for Motor_Init
    main.o(.text) refers to key.o(.text) for KEY_Init
    main.o(.text) refers to oled.o(.text) for OLED_Init
    main.o(.text) refers to noretval__2printf.o(.text) for __2printf
    main.o(.text) refers to timer.o(.text) for TIM8_PWM_Init
    main.o(.text) refers to bsp_adc.o(.text) for Adc_Init
    main.o(.text) refers to stm32f10x_adc.o(.text) for ADC_SoftwareStartConvCmd
    main.o(.text) refers to show.o(.text) for xunji_show
    main.o(.text) refers to main.o(.data) for servo_angle
    main.o(.text) refers to bsp_adc.o(.bss) for ADCConvertedValue
    main.o(.text) refers to stm32f10x_usart.o(.text) for USART_SendData
    main.o(.text) refers to fflt_clz.o(x$fpl$fflt) for __aeabi_i2f
    main.o(.text) refers to fdiv.o(x$fpl$fdiv) for __aeabi_fdiv
    main.o(.text) refers to f2d.o(x$fpl$f2d) for __aeabi_f2d
    main.o(.text) refers to dmul.o(x$fpl$dmul) for __aeabi_dmul
    main.o(.text) refers to d2f.o(x$fpl$d2f) for __aeabi_d2f
    main.o(.text) refers to ffixu.o(x$fpl$ffixu) for __aeabi_f2uiz
    main.o(.text) refers to stm32f10x_tim.o(.text) for TIM_GetITStatus
    main.o(.text) refers to dflt_clz.o(x$fpl$dflt) for __aeabi_i2d
    main.o(.text) refers to ddiv.o(x$fpl$ddiv) for __aeabi_ddiv
    main.o(.text) refers to dfix.o(x$fpl$dfix) for __aeabi_d2iz
    main.o(.text) refers to atoi.o(.text) for atoi
    main.o(.text) refers to main.o(.bss) for ADC_Value
    main.o(.text) refers to usart.o(.data) for USART5_RX_STA
    main.o(.text) refers to usart.o(.bss) for USART5_RX_BUF
    system_stm32f10x.o(.text) refers to system_stm32f10x.o(.data) for SystemCoreClock
    led.o(.text) refers to stm32f10x_rcc.o(.text) for RCC_APB2PeriphClockCmd
    led.o(.text) refers to stm32f10x_gpio.o(.text) for GPIO_Init
    key.o(.text) refers to stm32f10x_rcc.o(.text) for RCC_APB2PeriphClockCmd
    key.o(.text) refers to stm32f10x_gpio.o(.text) for GPIO_Init
    key.o(.text) refers to delay.o(.text) for delay_ms
    key.o(.text) refers to key.o(.data) for key_up
    timer.o(.text) refers to stm32f10x_rcc.o(.text) for RCC_APB1PeriphClockCmd
    timer.o(.text) refers to stm32f10x_tim.o(.text) for TIM_TimeBaseInit
    timer.o(.text) refers to misc.o(.text) for NVIC_Init
    timer.o(.text) refers to stm32f10x_gpio.o(.text) for GPIO_Init
    oled.o(.text) refers to stm32f10x_gpio.o(.text) for GPIO_SetBits
    oled.o(.text) refers to oled.o(.bss) for OLED_GRAM
    oled.o(.text) refers to oled.o(.constdata) for asc2_0806
    oled.o(.text) refers to stm32f10x_rcc.o(.text) for RCC_APB2PeriphClockCmd
    oled.o(.text) refers to delay.o(.text) for delay_ms
    datascope_dp.o(.text) refers to datascope_dp.o(.bss) for DataScope_OutPut_Buffer
    encoder.o(.text) refers to stm32f10x_rcc.o(.text) for RCC_APB2PeriphClockCmd
    encoder.o(.text) refers to stm32f10x_gpio.o(.text) for GPIO_PinRemapConfig
    encoder.o(.text) refers to stm32f10x_tim.o(.text) for TIM_TimeBaseStructInit
    control.o(.text) refers to stm32f10x_tim.o(.text) for TIM_SetCompare1
    control.o(.text) refers to stm32f10x_rcc.o(.text) for RCC_APB2PeriphClockCmd
    control.o(.text) refers to stm32f10x_gpio.o(.text) for GPIO_Init
    control.o(.text) refers to fflt_clz.o(x$fpl$fflt) for __aeabi_i2f
    control.o(.text) refers to fmul.o(x$fpl$fmul) for __aeabi_fmul
    control.o(.text) refers to faddsub_clz.o(x$fpl$fadd) for __aeabi_fadd
    control.o(.text) refers to ffix.o(x$fpl$ffix) for __aeabi_f2iz
    control.o(.text) refers to faddsub_clz.o(x$fpl$fsub) for __aeabi_fsub
    control.o(.text) refers to control.o(.data) for Bias
    show.o(.text) refers to oled.o(.text) for OLED_ShowString
    show.o(.text) refers to strlen.o(.text) for strlen
    show.o(.text) refers to fflt_clz.o(x$fpl$fflt) for __aeabi_i2f
    show.o(.text) refers to datascope_dp.o(.text) for DataScope_Get_Channel_Data
    show.o(.text) refers to main.o(.data) for pwm1
    show.o(.text) refers to main.o(.bss) for ZUO
    show.o(.text) refers to show.o(.data) for Send_Cout
    show.o(.text) refers to datascope_dp.o(.bss) for DataScope_OutPut_Buffer
[...]
    x$fpl$fmul                               0x08006c68   Section      258  fmul.o(x$fpl$fmul)
    x$fpl$fnaninf                            0x08006d6a   Section      140  fnaninf.o(x$fpl$fnaninf)
    x$fpl$fretinf                            0x08006df6   Section       10  fretinf.o(x$fpl$fretinf)
    x$fpl$frsb                               0x08006e00   Section       20  faddsub_clz.o(x$fpl$frsb)
    x$fpl$fsub                               0x08006e14   Section      234  faddsub_clz.o(x$fpl$fsub)
    _fsub1                                   0x08006e23   Thumb Code     0  faddsub_clz.o(x$fpl$fsub)
    .constdata                               0x08006efe   Section     7696  oled.o(.constdata)
    x$fpl$usenofp                            0x08006efe   Section        0  usenofp.o(x$fpl$usenofp)
    locale$$data                             0x08008d30   Section      272  lc_ctype_c.o(locale$$data)
    __lcctype_c_name                         0x08008d34   Data           2  lc_ctype_c.o(locale$$data)
    __lcctype_c_start                        0x08008d3c   Data           0  lc_ctype_c.o(locale$$data)
    __lcctype_c_end                          0x08008e40   Data           0  lc_ctype_c.o(locale$$data)
    .data                                    0x20000000   Section      248  main.o(.data)
    .data                                    0x200000f8   Section       20  system_stm32f10x.o(.data)
    .data                                    0x2000010c   Section        1  key.o(.data)
    key_up                                   0x2000010c   Data           1  key.o(.data)
    .data                                    0x20000110   Section       96  control.o(.data)
    Bias                                     0x20000118   Data           4  control.o(.data)
    Pwm                                      0x2000011c   Data           4  control.o(.data)
    Last_bias                                0x20000120   Data           4  control.o(.data)
    Bias                                     0x20000124   Data           4  control.o(.data)
    Pwm                                      0x20000128   Data           4  control.o(.data)
    Last_bias                                0x2000012c   Data           4  control.o(.data)
    Bias                                     0x20000130   Data           4  control.o(.data)
    Pwm                                      0x20000134   Data           4  control.o(.data)
    Last_bias                                0x20000138   Data           4  control.o(.data)
    Bias                                     0x2000013c   Data           4  control.o(.data)
    Pwm                                      0x20000140   Data           4  control.o(.data)
    Last_bias                                0x20000144   Data           4  control.o(.data)
    Bias                                     0x20000148   Data           4  control.o(.data)
    Pwm                                      0x2000014c   Data           4  control.o(.data)
    Integral_bias                            0x20000150   Data           4  control.o(.data)
    Last_Bias                                0x20000154   Data           4  control.o(.data)
    Bias                                     0x20000158   Data           4  control.o(.data)
    balance                                  0x2000015c   Data           4  control.o(.data)
    Last_Bias                                0x20000160   Data           4  control.o(.data)
    D_Bias                                   0x20000164   Data           4  control.o(.data)
    Delta_Delta_Bias                         0x20000168   Data           4  control.o(.data)
    Pre_Delta_Bias                           0x2000016c   Data           4  control.o(.data)
    .data                                    0x20000170   Section        8  show.o(.data)
    .data                                    0x20000178   Section       40  pstwo.o(.data)
    ps_key_up                                0x2000019c   Data           1  pstwo.o(.data)
    key                                      0x2000019d   Data           1  pstwo.o(.data)
    ps_key_up2                               0x2000019e   Data           1  pstwo.o(.data)
    key                                      0x2000019f   Data           1  pstwo.o(.data)
    .data                                    0x200001a0   Section        1  bsp_adc.o(.data)
    key_up                                   0x200001a0   Data           1  bsp_adc.o(.data)
    .data                                    0x200001a2   Section        4  delay.o(.data)
    fac_us                                   0x200001a2   Data           1  delay.o(.data)
    fac_ms                                   0x200001a4   Data           2  delay.o(.data)
    .data                                    0x200001a8   Section       12  usart.o(.data)
    .data                                    0x200001b4   Section       20  stm32f10x_rcc.o(.data)
    APBAHBPrescTable                         0x200001b4   Data          16  stm32f10x_rcc.o(.data)
    ADCPrescTable                            0x200001c4   Data           4  stm32f10x_rcc.o(.data)
    .bss                                     0x200001c8   Section      140  main.o(.bss)
    .bss                                     0x20000254   Section     1152  oled.o(.bss)
    .bss                                     0x200006d4   Section       42  datascope_dp.o(.bss)
    .bss                                     0x200006fe   Section        9  pstwo.o(.bss)
    .bss                                     0x20000708   Section       60  bsp_adc.o(.bss)
    .bss                                     0x20000744   Section     1000  usart.o(.bss)
    .bss                                     0x20000b2c   Section       96  libspace.o(.bss)
    HEAP                                     0x20000b90   Section      512  startup_stm32f10x_hd.o(HEAP)
    Heap_Mem                                 0x20000b90   Data         512  startup_stm32f10x_hd.o(HEAP)
    STACK                                    0x20000d90   Section     1024  startup_stm32f10x_hd.o(STACK)
    Stack_Mem                                0x20000d90   Data        1024  startup_stm32f10x_hd.o(STACK)
    __initial_sp                             0x20001190   Data           0  startup_stm32f10x_hd.o(STACK)

    Global Symbols

    Symbol Name                              Value     Ov Type        Size  Object(Section)

    BuildAttributes$$THM_ISAv4$P$D$K$B$S$PE$A:L22UL41UL21$X:L11$S22US41US21$IEEE1$IW$USESV6$~STKCKD$USESV7$~SHL$OTIME$ROPI$IEEEX$EBA8$UX$STANDARDLIB$REQ8$PRES8$EABIv2 0x00000000   Number         0  anon$$obj.o ABSOLUTE
    __ARM_use_no_argv                        0x00000000   Number         0  main.o ABSOLUTE
    __ARM_exceptions_init                     - Undefined Weak Reference
    __alloca_initialize                       - Undefined Weak Reference
    __arm_preinit_                            - Undefined Weak Reference
    __cpp_initialize__aeabi_                  - Undefined Weak Reference
    __cxa_finalize                            - Undefined Weak Reference
    __sigvec_lookup                           - Undefined Weak Reference
    _atexit_init                              - Undefined Weak Reference
    _call_atexit_fns                          - Undefined Weak Reference
    _clock_init                               - Undefined Weak Reference
    _fp_trap_init                             - Undefined Weak Reference
    _fp_trap_shutdown                         - Undefined Weak Reference
    _get_lc_collate                           - Undefined Weak Reference
    _get_lc_monetary                          - Undefined Weak Reference
    _get_lc_numeric                           - Undefined Weak Reference
    _get_lc_time                              - Undefined Weak Reference
    _getenv_init                              - Undefined Weak Reference
    _handle_redirection                       - Undefined Weak Reference
    _init_alloc                               - Undefined Weak Reference
    _init_user_alloc                          - Undefined Weak Reference
    _initio                                   - Undefined Weak Reference
    _mutex_acquire                            - Undefined Weak Reference
    _mutex_release                            - Undefined Weak Reference
    _printf_mbtowc                            - Undefined Weak Reference
    _printf_post_padding                      - Undefined Weak Reference
    _printf_pre_padding                       - Undefined Weak Reference
    _printf_truncate_signed                   - Undefined Weak Reference
    _printf_truncate_unsigned                 - Undefined Weak Reference
    _rand_init                                - Undefined Weak Reference
    _signal_finish                            - Undefined Weak Reference
    _signal_init                              - Undefined Weak Reference
    _terminate_alloc                          - Undefined Weak Reference
    _terminate_user_alloc                     - Undefined Weak Reference
    _terminateio                              - Undefined Weak Reference
    __Vectors_Size                           0x00000130   Number         0  startup_stm32f10x_hd.o ABSOLUTE
    __Vectors                                0x08000000   Data           4  startup_stm32f10x_hd.o(RESET)
    __Vectors_End                            0x08000130   Data           0  startup_stm32f10x_hd.o(RESET)
    __main                                   0x08000131   Thumb Code     8  __main.o(!!!main)
    __scatterload                            0x08000139   Thumb Code     0  __scatter.o(!!!scatter)
    __scatterload_rt2                        0x08000139   Thumb Code    44  __scatter.o(!!!scatter)
    __scatterload_rt2_thumb_only             0x08000139   Thumb Code     0  __scatter.o(!!!scatter)
    __scatterload_null                       0x08000147   Thumb Code     0  __scatter.o(!!!scatter)
    __decompress                             0x0800016d   Thumb Code    90  __dczerorl2.o(!!dczerorl2)
    __decompress1                            0x0800016d   Thumb Code     0  __dczerorl2.o(!!dczerorl2)
    __scatterload_zeroinit                   0x080001c9   Thumb Code    28  __scatter_zi.o(!!handler_zi)
    _printf_d                                0x080001e5   Thumb Code     0  _printf_d.o(.ARM.Collect$$_printf_percent$$00000009)
    _printf_percent                          0x080001e5   Thumb Code     0  _printf_percent.o(.ARM.Collect$$_printf_percent$$00000000)
    _printf_c                                0x080001eb   Thumb Code     0  _printf_c.o(.ARM.Collect$$_printf_percent$$00000013)
    _printf_percent_end                      0x080001f1   Thumb Code     0  _printf_percent_end.o(.ARM.Collect$$_printf_percent$$00000017)
    __rt_lib_init                            0x080001f5   Thumb Code     0  libinit.o(.ARM.Collect$$libinit$$00000000)
    __rt_lib_init_fp_1                       0x080001f7   Thumb Code     0  libinit2.o(.ARM.Collect$$libinit$$00000002)
    __rt_lib_init_heap_1                     0x080001f7   Thumb Code     0  libinit2.o(.ARM.Collect$$libinit$$0000000A)
    __rt_lib_init_lc_common                  0x080001f7   Thumb Code     0  libinit2.o(.ARM.Collect$$libinit$$0000000F)
    __rt_lib_init_preinit_1                  0x080001f7   Thumb Code     0  libinit2.o(.ARM.Collect$$libinit$$00000004)
    __rt_lib_init_rand_1                     0x080001f7   Thumb Code     0  libinit2.o(.ARM.Collect$$libinit$$0000000E)
    __rt_lib_init_user_alloc_1               0x080001f7   Thumb Code     0  libinit2.o(.ARM.Collect$$libinit$$0000000C)
    __rt_lib_init_lc_collate_1               0x080001fd   Thumb Code     0  libinit2.o(.ARM.Collect$$libinit$$00000011)
    __rt_lib_init_lc_ctype_2                 0x080001fd   Thumb Code     0  libinit2.o(.ARM.Collect$$libinit$$00000012)
    __rt_lib_init_alloca_1                   0x08000209   Thumb Code     0  libinit2.o(.ARM.Collect$$libinit$$0000002E)
    __rt_lib_init_argv_1                     0x08000209   Thumb Code     0  libinit2.o(.ARM.Collect$$libinit$$0000002C)
    __rt_lib_init_atexit_1                   0x08000209   Thumb Code     0  libinit2.o(.ARM.Collect$$libinit$$0000001B)
    __rt_lib_init_clock_1                    0x08000209   Thumb Code     0  libinit2.o(.ARM.Collect$$libinit$$00000021)
    __rt_lib_init_cpp_1                      0x08000209   Thumb Code     0  libinit2.o(.ARM.Collect$$libinit$$00000032)
    __rt_lib_init_exceptions_1               0x08000209   Thumb Code     0  libinit2.o(.ARM.Collect$$libinit$$00000030)
    __rt_lib_init_fp_trap_1                  0x08000209   Thumb Code     0  libinit2.o(.ARM.Collect$$libinit$$0000001F)
    __rt_lib_init_getenv_1                   0x08000209   Thumb Code     0  libinit2.o(.ARM.Collect$$libinit$$00000023)
    __rt_lib_init_lc_ctype_1                 0x08000209   Thumb Code     0  libinit2.o(.ARM.Collect$$libinit$$00000013)
    __rt_lib_init_lc_monetary_1              0x08000209   Thumb Code     0  libinit2.o(.ARM.Collect$$libinit$$00000015)
    __rt_lib_init_lc_numeric_1               0x08000209   Thumb Code     0  libinit2.o(.ARM.Collect$$libinit$$00000017)
    __rt_lib_init_lc_time_1                  0x08000209   Thumb Code     0  libinit2.o(.ARM.Collect$$libinit$$00000019)
    __rt_lib_init_return                     0x08000209   Thumb Code     0  libinit2.o(.ARM.Collect$$libinit$$00000033)
    __rt_lib_init_signal_1                   0x08000209   Thumb Code     0  libinit2.o(.ARM.Collect$$libinit$$0000001D)
    __rt_lib_init_stdio_1                    0x08000209   Thumb Code     0  libinit2.o(.ARM.Collect$$libinit$$00000025)
    __rt_lib_shutdown                        0x0800020b   Thumb Code     0  libshutdown.o(.ARM.Collect$$libshutdown$$00000000)
    __rt_lib_shutdown_fp_trap_1              0x0800020d   Thumb Code     0  libshutdown2.o(.ARM.Collect$$libshutdown$$00000006)
    __rt_lib_shutdown_heap_1                 0x0800020d   Thumb Code     0  libshutdown2.o(.ARM.Collect$$libshutdown$$0000000E)
    __rt_lib_shutdown_return                 0x0800020d   Thumb Code     0  libshutdown2.o(.ARM.Collect$$libshutdown$$0000000F)
    __rt_lib_shutdown_signal_1               0x0800020d   Thumb Code     0  libshutdown2.o(.ARM.Collect$$libshutdown$$00000009)
    __rt_lib_shutdown_stdio_1                0x0800020d   Thumb Code     0  libshutdown2.o(.ARM.Collect$$libshutdown$$00000003)
    __rt_lib_shutdown_user_alloc_1           0x0800020d   Thumb Code     0  libshutdown2.o(.ARM.Collect$$libshutdown$$0000000B)
    __rt_entry                               0x0800020f   Thumb Code     0  __rtentry.o(.ARM.Collect$$rtentry$$00000000)
    __rt_entry_presh_1                       0x0800020f   Thumb Code     0  __rtentry2.o(.ARM.Collect$$rtentry$$00000002)
    __rt_entry_sh                            0x0800020f   Thumb Code     0  __rtentry4.o(.ARM.Collect$$rtentry$$00000004)
    __rt_entry_li                            0x08000215   Thumb Code     0  __rtentry2.o(.ARM.Collect$$rtentry$$0000000A)
    __rt_entry_postsh_1                      0x08000215   Thumb Code     0  __rtentry2.o(.ARM.Collect$$rtentry$$00000009)
    __rt_entry_main                          0x08000219   Thumb Code     0  __rtentry2.o(.ARM.Collect$$rtentry$$0000000D)
    __rt_entry_postli_1                      0x08000219   Thumb Code     0  __rtentry2.o(.ARM.Collect$$rtentry$$0000000C)
    __rt_exit                                0x08000221   Thumb Code     0  rtexit.o(.ARM.Collect$$rtexit$$00000000)
    __rt_exit_ls                             0x08000223   Thumb Code     0  rtexit2.o(.ARM.Collect$$rtexit$$00000003)
    __rt_exit_prels_1                        0x08000223   Thumb Code     0  rtexit2.o(.ARM.Collect$$rtexit$$00000002)
    __rt_exit_exit                           0x08000227   Thumb Code     0  rtexit2.o(.ARM.Collect$$rtexit$$00000004)
    WFI_SET                                  0x0800022d   Thumb Code     2  sys.o(.emb_text)
    INTX_DISABLE                             0x0800022f   Thumb Code     2  sys.o(.emb_text)
    INTX_ENABLE                              0x08000231   Thumb Code     2  sys.o(.emb_text)
    MSR_MSP                                  0x08000233   Thumb Code     6  sys.o(.emb_text)
    main                                     0x08000239   Thumb Code  2012  main.o(.text)
    TIM6_IRQHandler                          0x08000a15   Thumb Code   816  main.o(.text)
    TIM7_IRQHandler                          0x08000d45   Thumb Code    38  main.o(.text)
    GetTrackString2IntData                   0x08000d6b   Thumb Code    16  main.o(.text)
    NMI_Handler                              0x08000dd9   Thumb Code     2  stm32f10x_it.o(.text)
    HardFault_Handler                        0x08000ddb   Thumb Code     4  stm32f10x_it.o(.text)
    MemManage_Handler                        0x08000ddf   Thumb Code     4  stm32f10x_it.o(.text)
    BusFault_Handler                         0x08000de3   Thumb Code     4  stm32f10x_it.o(.text)
    UsageFault_Handler                       0x08000de7   Thumb Code     4  stm32f10x_it.o(.text)
    SVC_Handler                              0x08000deb   Thumb Code     2  stm32f10x_it.o(.text)
    DebugMon_Handler                         0x08000ded   Thumb Code     2  stm32f10x_it.o(.text)
    PendSV_Handler                           0x08000def   Thumb Code     2  stm32f10x_it.o(.text)
    SysTick_Handler                          0x08000df1   Thumb Code     2  stm32f10x_it.o(.text)
    SystemInit                               0x08000ed3   Thumb Code    78  system_stm32f10x.o(.text)
    SystemCoreClockUpdate                    0x08000f21   Thumb Code   142  system_stm32f10x.o(.text)
    LED_Init                                 0x08000fd5   Thumb Code    68  led.o(.text)
    PC3_Init                                 0x08001019   Thumb Code    46  led.o(.text)
    SWITCH_Init                              0x08001047   Thumb Code    88  led.o(.text)
    KEY_Init                                 0x080010ad   Thumb Code    32  key.o(.text)
    KEY_Scan                                 0x080010cd   Thumb Code   146  key.o(.text)
    TIM6_Int_Init                            0x08001169   Thumb Code    90  timer.o(.text)
    TIM7_Int_Init                            0x080011c3   Thumb Code    90  timer.o(.text)
    TIM1_Int_Init                            0x0800121d   Thumb Code    94  timer.o(.text)
    TIM1_UP_IRQHandler                       0x0800127b   Thumb Code    38  timer.o(.text)
    TIM8_PWM_Init                            0x080012a1   Thumb Code   192  timer.o(.text)
    TIM3_PWM_Init                            0x08001361   Thumb Code   196  timer.o(.text)
    TIM2_Int_Init                            0x08001425   Thumb Code    92  timer.o(.text)
    TIM4_Int_Init                            0x08001481   Thumb Code    90  timer.o(.text)
    TIM5_Int_Init                            0x080014db   Thumb Code    90  timer.o(.text)
    OLED_WR_Byte                             0x08001561   Thumb Code   118  oled.o(.text)
    OLED_ColorTurn                           0x080015d7   Thumb Code    28  oled.o(.text)
    OLED_DisplayTurn                         0x080015f3   Thumb Code    44  oled.o(.text)
    OLED_DisPlay_On                          0x0800161f   Thumb Code    28  oled.o(.text)
    OLED_DisPlay_Off                         0x0800163b   Thumb Code    28  oled.o(.text)
    OLED_Refresh                             0x08001657   Thumb Code    70  oled.o(.text)
    OLED_Clear                               0x0800169d   Thumb Code    42  oled.o(.text)
    OLED_DrawPoint                           0x080016c7   Thumb Code   114  oled.o(.text)
    OLED_DrawLine                            0x08001739   Thumb Code   172  oled.o(.text)
    OLED_DrawCircle                          0x080017e5   Thumb Code   168  oled.o(.text)
    OLED_ShowChar                            0x0800188d   Thumb Code   330  oled.o(.text)
    OLED_ShowString                          0x080019d7   Thumb Code    74  oled.o(.text)
    OLED_Pow                                 0x08001a21   Thumb Code    22  oled.o(.text)
    OLED_ShowNum                             0x08001a37   Thumb Code   140  oled.o(.text)
    OLED_ShowChinese                         0x08001ac3   Thumb Code   244  oled.o(.text)
    OLED_ScrollDisplay                       0x08001bb7   Thumb Code   168  oled.o(.text)
    OLED_ShowPicture                         0x08001c5f   Thumb Code   214  oled.o(.text)
    OLED_Init                                0x08001d35   Thumb Code   382  oled.o(.text)
    Float2Byte                               0x08001ed5   Thumb Code    28  datascope_dp.o(.text)
    DataScope_Get_Channel_Data               0x08001ef1   Thumb Code   158  datascope_dp.o(.text)
    DataScope_Data_Generate                  0x08001f8f   Thumb Code   148  datascope_dp.o(.text)
    Encoder_Init_TIM1                        0x08002029   Thumb Code   188  encoder.o(.text)
    Encoder_Init_TIM3                        0x080020e5   Thumb Code   148  encoder.o(.text)
    Encoder_Init_TIM4                        0x08002179   Thumb Code   148  encoder.o(.text)
    Encoder_Init_TIM5                        0x0800220d   Thumb Code   148  encoder.o(.text)
    Read_Encoder                             0x080022a1   Thumb Code   100  encoder.o(.text)
    TIM1_IRQHandler                          0x08002305   Thumb Code    24  encoder.o(.text)
    TIM3_IRQHandler                          0x0800231d   Thumb Code    24  encoder.o(.text)
    TIM4_IRQHandler                          0x08002335   Thumb Code    24  encoder.o(.text)
    TIM5_IRQHandler                          0x0800234d   Thumb Code    24  encoder.o(.text)
    myabs                                    0x08002385   Thumb Code    14  control.o(.text)
    MOTO_FX                                  0x08002393   Thumb Code   104  control.o(.text)
    Set_Pwm                                  0x080023fb   Thumb Code   108  control.o(.text)
    Motor_Init                               0x08002467   Thumb Code   154  control.o(.text)
    Incremental_PI_A                         0x08002501   Thumb Code   150  control.o(.text)
    Incremental_PI_B                         0x08002597   Thumb Code   150  control.o(.text)
    Incremental_PI_C                         0x0800262d   Thumb Code   150  control.o(.text)
    Incremental_PI_D                         0x080026c3   Thumb Code   150  control.o(.text)
    PositionX_PID                            0x08002759   Thumb Code   236  control.o(.text)
    PositionY_PID                            0x08002845   Thumb Code   176  control.o(.text)
    Xianfu_Pwm                               0x080028f5   Thumb Code    32  control.o(.text)
    OLED_Num_Next                            0x0800293d   Thumb Code   178  show.o(.text)
    lcd_show                                 0x080029ef   Thumb Code   130  show.o(.text)
    OLED_Str_Next                            0x08002a71   Thumb Code    98  show.o(.text)
    xunji_show                               0x08002ad3   Thumb Code    96  show.o(.text)
    OLED_Num_Newline                         0x08002b33   Thumb Code   146  show.o(.text)
    OLED_Str_Newline                         0x08002bc5   Thumb Code    64  show.o(.text)
    DataScope                                0x08002c05   Thumb Code   112  show.o(.text)
    PS2_Init                                 0x08002cb5   Thumb Code    62  pstwo.o(.text)
    PS2_Cmd                                  0x08002cf3   Thumb Code   130  pstwo.o(.text)
    PS2_RedLight                             0x08002d75   Thumb Code    50  pstwo.o(.text)
    PS2_ReadData                             0x08002da7   Thumb Code   168  pstwo.o(.text)
    PS2_ClearData                            0x08002e4f   Thumb Code    20  pstwo.o(.text)
    PS2_DataKey                              0x08002e63   Thumb Code    70  pstwo.o(.text)
    PS2_Keyscan                              0x08002ea9   Thumb Code    60  pstwo.o(.text)
    PS2_Keyscan2                             0x08002ee5   Thumb Code    60  pstwo.o(.text)
    PS2_AnologData                           0x08002f21   Thumb Code     8  pstwo.o(.text)
    PS2_Vibration                            0x08002f29   Thumb Code    90  pstwo.o(.text)
    PS2_ShortPoll                            0x08002f83   Thumb Code    62  pstwo.o(.text)
    PS2_EnterConfing                         0x08002fc1   Thumb Code    86  pstwo.o(.text)
    PS2_TurnOnAnalogMode                     0x08003017   Thumb Code    80  pstwo.o(.text)
    PS2_VibrationMode                        0x08003067   Thumb Code    62  pstwo.o(.text)
    PS2_ExitConfing                          0x080030a5   Thumb Code   132  pstwo.o(.text)
    PS2_SetInit                              0x08003129   Thumb Code    32  pstwo.o(.text)
    DMA_ADC_Init                             0x0800314d   Thumb Code    82  bsp_adc.o(.text)
    Adc_Init                                 0x0800319f   Thumb Code   192  bsp_adc.o(.text)
    ADC_Key                                  0x0800325f   Thumb Code   214  bsp_adc.o(.text)
    delay_init                               0x08003349   Thumb Code    56  delay.o(.text)
    delay_us                                 0x08003381   Thumb Code    56  delay.o(.text)
    delay_ms                                 0x080033b9   Thumb Code    56  delay.o(.text)
    MY_NVIC_SetVectorTable                   0x080033f9   Thumb Code    12  sys.o(.text)
    MY_NVIC_PriorityGroupConfig              0x08003405   Thumb Code    36  sys.o(.text)
    MY_NVIC_Init                             0x08003429   Thumb Code   116  sys.o(.text)
    Ex_NVIC_Config                           0x0800349d   Thumb Code   146  sys.o(.text)
    MYRCC_DeInit                             0x0800352f   Thumb Code    90  sys.o(.text)
    Sys_Standby                              0x08003589   Thumb Code    68  sys.o(.text)
    Sys_Soft_Reset                           0x080035cd   Thumb Code    12  sys.o(.text)
    JTAG_Set                                 0x080035d9   Thumb Code    42  sys.o(.text)
    Stm32_Clock_Init                         0x08003603   Thumb Code   134  sys.o(.text)
    _sys_exit                                0x080036b5   Thumb Code     6  usart.o(.text)
    fputc                                    0x080036bb   Thumb Code    46  usart.o(.text)
    usart1_send                              0x080036e9   Thumb Code    22  usart.o(.text)
    uart_init                                0x080036ff   Thumb Code   182  usart.o(.text)
    uart2_init                               0x080037b5   Thumb Code   160  usart.o(.text)
    USART2_IRQHandler                        0x08003855   Thumb Code   284  usart.o(.text)
    uart3_init                               0x08003971   Thumb Code   172  usart.o(.text)
    USART3_IRQHandler                        0x08003a1d   Thumb Code   122  usart.o(.text)
    uart4_init                               0x08003a97   Thumb Code   238  usart.o(.text)
    UART4_IRQHandler                         0x08003b85   Thumb Code   122  usart.o(.text)
    uart5_init                               0x08003bff   Thumb Code   160  usart.o(.text)
    UART5_IRQHandler                         0x08003c9f   Thumb Code   122  usart.o(.text)
    Reset_Handler                            0x08003d39   Thumb Code     8  startup_stm32f10x_hd.o(.text)
    ADC1_2_IRQHandler                        0x08003d53   Thumb Code     0  startup_stm32f10x_hd.o(.text)
    ADC3_IRQHandler                          0x08003d53   Thumb Code     0  startup_stm32f10x_hd.o(.text)
    CAN1_RX1_IRQHandler                      0x08003d53   Thumb Code     0  startup_stm32f10x_hd.o(.text)
    CAN1_SCE_IRQHandler                      0x08003d53   Thumb Code     0  startup_stm32f10x_hd.o(.text)
    DMA1_Channel1_IRQHandler                 0x08003d53   Thumb Code     0  startup_stm32f10x_hd.o(.text)
    DMA1_Channel2_IRQHandler                 0x08003d53   Thumb Code     0  startup_stm32f10x_hd.o(.text)
    DMA1_Channel3_IRQHandler                 0x08003d53   Thumb Code     0  startup_stm32f10x_hd.o(.text)
    DMA1_Channel4_IRQHandler                 0x08003d53   Thumb Code     0  startup_stm32f10x_hd.o(.text)
    DMA1_Channel5_IRQHandler                 0x08003d53   Thumb Code     0  startup_stm32f10x_hd.o(.text)
    DMA1_Channel6_IRQHandler                 0x08003d53   Thumb Code     0  startup_stm32f10x_hd.o(.text)
    DMA1_Channel7_IRQHandler                 0x08003d53   Thumb Code     0  startup_stm32f10x_hd.o(.text)
    DMA2_Channel1_IRQHandler                 0x08003d53   Thumb Code     0  startup_stm32f10x_hd.o(.text)
    DMA2_Channel2_IRQHandler                 0x08003d53   Thumb Code     0  startup_stm32f10x_hd.o(.text)
    DMA2_Channel3_IRQHandler                 0x08003d53   Thumb Code     0  startup_stm32f10x_hd.o(.text)
    DMA2_Channel4_5_IRQHandler               0x08003d53   Thumb Code     0  startup_stm32f10x_hd.o(.text)
    EXTI0_IRQHandler                         0x08003d53   Thumb Code     0  startup_stm32f10x_hd.o(.text)
    EXTI15_10_IRQHandler                     0x08003d53   Thumb Code     0  startup_stm32f10x_hd.o(.text)
    EXTI1_IRQHandler                         0x08003d53   Thumb Code     0  startup_stm32f10x_hd.o(.text)
    EXTI2_IRQHandler                         0x08003d53   Thumb Code     0  startup_stm32f10x_hd.o(.text)
    EXTI3_IRQHandler                         0x08003d53   Thumb Code     0  startup_stm32f10x_hd.o(.text)
    EXTI4_IRQHandler                         0x08003d53   Thumb Code     0  startup_stm32f10x_hd.o(.text)
    EXTI9_5_IRQHandler                       0x08003d53   Thumb Code     0  startup_stm32f10x_hd.o(.text)
    FLASH_IRQHandler                         0x08003d53   Thumb Code     0  startup_stm32f10x_hd.o(.text)
    FSMC_IRQHandler                          0x08003d53   Thumb Code     0  startup_stm32f10x_hd.o(.text)
    I2C1_ER_IRQHandler                       0x08003d53   Thumb Code     0  startup_stm32f10x_hd.o(.text)
    I2C1_EV_IRQHandler                       0x08003d53   Thumb Code     0  startup_stm32f10x_hd.o(.text)
    I2C2_ER_IRQHandler                       0x08003d53   Thumb Code     0  startup_stm32f10x_hd.o(.text)
    I2C2_EV_IRQHandler                       0x08003d53   Thumb Code     0  startup_stm32f10x_hd.o(.text)
    PVD_IRQHandler                           0x08003d53   Thumb Code     0  startup_stm32f10x_hd.o(.text)
    RCC_IRQHandler                           0x08003d53   Thumb Code     0  startup_stm32f10x_hd.o(.text)
    RTCAlarm_IRQHandler                      0x08003d53   Thumb Code     0  startup_stm32f10x_hd.o(.text)
    RTC_IRQHandler                           0x08003d53   Thumb Code     0  startup_stm32f10x_hd.o(.text)
    SDIO_IRQHandler                          0x08003d53   Thumb Code     0  startup_stm32f10x_hd.o(.text)
    SPI1_IRQHandler                          0x08003d53   Thumb Code     0  startup_stm32f10x_hd.o(.text)
    SPI2_IRQHandler                          0x08003d53   Thumb Code     0  startup_stm32f10x_hd.o(.text)
    SPI3_IRQHandler                          0x08003d53   Thumb Code     0  startup_stm32f10x_hd.o(.text)
    TAMPER_IRQHandler                        0x08003d53   Thumb Code     0  startup_stm32f10x_hd.o(.text)
    TIM1_BRK_IRQHandler                      0x08003d53   Thumb Code     0  startup_stm32f10x_hd.o(.text)
    TIM1_CC_IRQHandler                       0x08003d53   Thumb Code     0  startup_stm32f10x_hd.o(.text)
    TIM1_TRG_COM_IRQHandler                  0x08003d53   Thumb Code     0  startup_stm32f10x_hd.o(.text)
    TIM2_IRQHandler                          0x08003d53   Thumb Code     0  startup_stm32f10x_hd.o(.text)
    TIM8_BRK_IRQHandler                      0x08003d53   Thumb Code     0  startup_stm32f10x_hd.o(.text)
    TIM8_CC_IRQHandler                       0x08003d53   Thumb Code     0  startup_stm32f10x_hd.o(.text)
    TIM8_TRG_COM_IRQHandler                  0x08003d53   Thumb Code     0  startup_stm32f10x_hd.o(.text)
    TIM8_UP_IRQHandler                       0x08003d53   Thumb Code     0  startup_stm32f10x_hd.o(.text)
    USART1_IRQHandler                        0x08003d53   Thumb Code     0  startup_stm32f10x_hd.o(.text)
    USBWakeUp_IRQHandler                     0x08003d53   Thumb Code     0  startup_stm32f10x_hd.o(.text)
    USB_HP_CAN1_TX_IRQHandler                0x08003d53   Thumb Code     0  startup_stm32f10x_hd.o(.text)
    USB_LP_CAN1_RX0_IRQHandler               0x08003d53   Thumb Code     0  startup_stm32f10x_hd.o(.text)
    WWDG_IRQHandler                          0x08003d53   Thumb Code     0  startup_stm32f10x_hd.o(.text)
    __user_initial_stackheap                 0x08003d55   Thumb Code     0  startup_stm32f10x_hd.o(.text)
    NVIC_PriorityGroupConfig                 0x08003d79   Thumb Code    10  misc.o(.text)
    NVIC_Init                                0x08003d83   Thumb Code   100  misc.o(.text)
    NVIC_SetVectorTable                      0x08003de7   Thumb Code    14  misc.o(.text)
    NVIC_SystemLPConfig                      0x08003df5   Thumb Code    34  misc.o(.text)
    SysTick_CLKSourceConfig                  0x08003e17   Thumb Code    40  misc.o(.text)
    GPIO_DeInit                              0x08003e55   Thumb Code   172  stm32f10x_gpio.o(.text)
    GPIO_AFIODeInit                          0x08003f01   Thumb Code    20  stm32f10x_gpio.o(.text)
    GPIO_Init                                0x08003f15   Thumb Code   278  stm32f10x_gpio.o(.text)
    GPIO_StructInit                          0x0800402b   Thumb Code    16  stm32f10x_gpio.o(.text)
    GPIO_ReadInputDataBit                    0x0800403b   Thumb Code    18  stm32f10x_gpio.o(.text)
    GPIO_ReadInputData                       0x0800404d   Thumb Code     8  stm32f10x_gpio.o(.text)
    GPIO_ReadOutputDataBit                   0x08004055   Thumb Code    18  stm32f10x_gpio.o(.text)
    GPIO_ReadOutputData                      0x08004067   Thumb Code     8  stm32f10x_gpio.o(.text)
    GPIO_SetBits                             0x0800406f   Thumb Code     4  stm32f10x_gpio.o(.text)
    GPIO_ResetBits                           0x08004073   Thumb Code     4  stm32f10x_gpio.o(.text)
    GPIO_WriteBit                            0x08004077   Thumb Code    10  stm32f10x_gpio.o(.text)
    GPIO_Write                               0x08004081   Thumb Code     4  stm32f10x_gpio.o(.text)
    GPIO_PinLockConfig                       0x08004085   Thumb Code    18  stm32f10x_gpio.o(.text)
    GPIO_EventOutputConfig                   0x08004097   Thumb Code    26  stm32f10x_gpio.o(.text)
    GPIO_EventOutputCmd                      0x080040b1   Thumb Code     6  stm32f10x_gpio.o(.text)
    GPIO_PinRemapConfig                      0x080040b7   Thumb Code   138  stm32f10x_gpio.o(.text)
    GPIO_EXTILineConfig                      0x08004141   Thumb Code    66  stm32f10x_gpio.o(.text)
    GPIO_ETH_MediaInterfaceConfig            0x08004183   Thumb Code     8  stm32f10x_gpio.o(.text)
    RCC_DeInit                               0x080041b1   Thumb Code    64  stm32f10x_rcc.o(.text)
    RCC_HSEConfig                            0x080041f1   Thumb Code    70  stm32f10x_rcc.o(.text)
    RCC_GetFlagStatus                        0x08004237   Thumb Code    56  stm32f10x_rcc.o(.text)
    RCC_WaitForHSEStartUp                    0x0800426f   Thumb Code    56  stm32f10x_rcc.o(.text)
    RCC_AdjustHSICalibrationValue            0x080042a7   Thumb Code    20  stm32f10x_rcc.o(.text)
    RCC_HSICmd                               0x080042bb   Thumb Code     6  stm32f10x_rcc.o(.text)
    RCC_PLLConfig                            0x080042c1   Thumb Code    24  stm32f10x_rcc.o(.text)
    RCC_PLLCmd                               0x080042d9   Thumb Code     6  stm32f10x_rcc.o(.text)
    RCC_SYSCLKConfig                         0x080042df   Thumb Code    18  stm32f10x_rcc.o(.text)
    RCC_GetSYSCLKSource                      0x080042f1   Thumb Code    10  stm32f10x_rcc.o(.text)
    RCC_HCLKConfig                           0x080042fb   Thumb Code    18  stm32f10x_rcc.o(.text)
    RCC_PCLK1Config                          0x0800430d   Thumb Code    18  stm32f10x_rcc.o(.text)
    RCC_PCLK2Config                          0x0800431f   Thumb Code    20  stm32f10x_rcc.o(.text)
    RCC_ITConfig                             0x08004333   Thumb Code    26  stm32f10x_rcc.o(.text)
    RCC_USBCLKConfig                         0x0800434d   Thumb Code     8  stm32f10x_rcc.o(.text)
    RCC_ADCCLKConfig                         0x08004355   Thumb Code    18  stm32f10x_rcc.o(.text)
    RCC_LSEConfig                            0x08004367   Thumb Code    50  stm32f10x_rcc.o(.text)
    RCC_LSICmd                               0x08004399   Thumb Code     6  stm32f10x_rcc.o(.text)
    RCC_RTCCLKConfig                         0x0800439f   Thumb Code    12  stm32f10x_rcc.o(.text)
    RCC_RTCCLKCmd                            0x080043ab   Thumb Code     8  stm32f10x_rcc.o(.text)
    RCC_GetClocksFreq                        0x080043b3   Thumb Code   192  stm32f10x_rcc.o(.text)
    RCC_AHBPeriphClockCmd                    0x08004473   Thumb Code    26  stm32f10x_rcc.o(.text)
    RCC_APB2PeriphClockCmd                   0x0800448d   Thumb Code    26  stm32f10x_rcc.o(.text)
    RCC_APB1PeriphClockCmd                   0x080044a7   Thumb Code    26  stm32f10x_rcc.o(.text)
    RCC_APB2PeriphResetCmd                   0x080044c1   Thumb Code    26  stm32f10x_rcc.o(.text)
    RCC_APB1PeriphResetCmd                   0x080044db   Thumb Code    26  stm32f10x_rcc.o(.text)
    RCC_BackupResetCmd                       0x080044f5   Thumb Code     8  stm32f10x_rcc.o(.text)
    RCC_ClockSecuritySystemCmd               0x080044fd   Thumb Code     6  stm32f10x_rcc.o(.text)
    RCC_MCOConfig                            0x08004503   Thumb Code     6  stm32f10x_rcc.o(.text)
    RCC_ClearFlag                            0x08004509   Thumb Code    14  stm32f10x_rcc.o(.text)
    RCC_GetITStatus                          0x08004517   Thumb Code    20  stm32f10x_rcc.o(.text)
    RCC_ClearITPendingBit                    0x0800452b   Thumb Code     6  stm32f10x_rcc.o(.text)
    TIM_DeInit                               0x08004555   Thumb Code   424  stm32f10x_tim.o(.text)
    TIM_TimeBaseInit                         0x080046fd   Thumb Code   122  stm32f10x_tim.o(.text)
    TIM_OC1Init                              0x08004777   Thumb Code   132  stm32f10x_tim.o(.text)
    TIM_OC2Init                              0x080047fb   Thumb Code   154  stm32f10x_tim.o(.text)
    TIM_OC3Init                              0x08004895   Thumb Code   150  stm32f10x_tim.o(.text)
    TIM_OC4Init                              0x0800492b   Thumb Code   182  stm32f10x_tim.o(.text)
    TIM_SetIC4Prescaler                      0x080049e1   Thumb Code    26  stm32f10x_tim.o(.text)
    TIM_SetIC3Prescaler                      0x08004a7d   Thumb Code    18  stm32f10x_tim.o(.text)
    TIM_SetIC2Prescaler                      0x08004b09   Thumb Code    26  stm32f10x_tim.o(.text)
    TIM_SetIC1Prescaler                      0x08004ba5   Thumb Code    18  stm32f10x_tim.o(.text)
    TIM_ICInit                               0x08004c23   Thumb Code   150  stm32f10x_tim.o(.text)
    TIM_PWMIConfig                           0x08004cb9   Thumb Code   124  stm32f10x_tim.o(.text)
    TIM_BDTRConfig                           0x08004d35   Thumb Code    32  stm32f10x_tim.o(.text)
    TIM_TimeBaseStructInit                   0x08004d55   Thumb Code    18  stm32f10x_tim.o(.text)
    TIM_OCStructInit                         0x08004d67   Thumb Code    20  stm32f10x_tim.o(.text)
    TIM_ICStructInit                         0x08004d7b   Thumb Code    18  stm32f10x_tim.o(.text)
    TIM_BDTRStructInit                       0x08004d8d   Thumb Code    40  stm32f10x_tim.o(.text)
    TIM_Cmd                                  0x08004db5   Thumb Code    24  stm32f10x_tim.o(.text)
    TIM_CtrlPWMOutputs                       0x08004dcd   Thumb Code    30  stm32f10x_tim.o(.text)
    TIM_ITConfig                             0x08004deb   Thumb Code    18  stm32f10x_tim.o(.text)
    TIM_GenerateEvent                        0x08004dfd   Thumb Code     4  stm32f10x_tim.o(.text)
    TIM_DMAConfig                            0x08004e01   Thumb Code    10  stm32f10x_tim.o(.text)
    TIM_DMACmd                               0x08004e0b   Thumb Code    18  stm32f10x_tim.o(.text)
    TIM_InternalClockConfig                  0x08004e1d   Thumb Code    12  stm32f10x_tim.o(.text)
    TIM_SelectInputTrigger                   0x08004e29   Thumb Code    18  stm32f10x_tim.o(.text)
    TIM_ITRxExternalClockConfig              0x08004e3b   Thumb Code    24  stm32f10x_tim.o(.text)
    TIM_TIxExternalClockConfig               0x08004e53   Thumb Code    62  stm32f10x_tim.o(.text)
    TIM_ETRConfig                            0x08004e91   Thumb Code    28  stm32f10x_tim.o(.text)
    TIM_ETRClockMode1Config                  0x08004ead   Thumb Code    54  stm32f10x_tim.o(.text)
    TIM_ETRClockMode2Config                  0x08004ee3   Thumb Code    32  stm32f10x_tim.o(.text)
    TIM_PrescalerConfig                      0x08004f03   Thumb Code     6  stm32f10x_tim.o(.text)
    TIM_CounterModeConfig                    0x08004f09   Thumb Code    18  stm32f10x_tim.o(.text)
    TIM_EncoderInterfaceConfig               0x08004f1b   Thumb Code    66  stm32f10x_tim.o(.text)
    TIM_ForcedOC1Config                      0x08004f5d   Thumb Code    18  stm32f10x_tim.o(.text)
    TIM_ForcedOC2Config                      0x08004f6f   Thumb Code    26  stm32f10x_tim.o(.text)
    TIM_ForcedOC3Config                      0x08004f89   Thumb Code    18  stm32f10x_tim.o(.text)
    TIM_ForcedOC4Config                      0x08004f9b   Thumb Code    26  stm32f10x_tim.o(.text)
    TIM_ARRPreloadConfig                     0x08004fb5   Thumb Code    24  stm32f10x_tim.o(.text)
    TIM_SelectCOM                            0x08004fcd   Thumb Code    24  stm32f10x_tim.o(.text)
    TIM_SelectCCDMA                          0x08004fe5   Thumb Code    24  stm32f10x_tim.o(.text)
    TIM_CCPreloadControl                     0x08004ffd   Thumb Code    24  stm32f10x_tim.o(.text)
    TIM_OC1PreloadConfig                     0x08005015   Thumb Code    18  stm32f10x_tim.o(.text)
    TIM_OC2PreloadConfig                     0x08005027   Thumb Code    26  stm32f10x_tim.o(.text)
    TIM_OC3PreloadConfig                     0x08005041   Thumb Code    18  stm32f10x_tim.o(.text)
    TIM_OC4PreloadConfig                     0x08005053   Thumb Code    26  stm32f10x_tim.o(.text)
    TIM_OC1FastConfig                        0x0800506d   Thumb Code    18  stm32f10x_tim.o(.text)
    TIM_OC2FastConfig                        0x0800507f   Thumb Code    26  stm32f10x_tim.o(.text)
    TIM_OC3FastConfig                        0x08005099   Thumb Code    18  stm32f10x_tim.o(.text)
    TIM_OC4FastConfig                        0x080050ab   Thumb Code    26  stm32f10x_tim.o(.text)
    TIM_ClearOC1Ref                          0x080050c5   Thumb Code    18  stm32f10x_tim.o(.text)
    TIM_ClearOC2Ref                          0x080050d7   Thumb Code    24  stm32f10x_tim.o(.text)
    TIM_ClearOC3Ref                          0x080050ef   Thumb Code    18  stm32f10x_tim.o(.text)
    TIM_ClearOC4Ref                          0x08005101   Thumb Code    24  stm32f10x_tim.o(.text)
    TIM_OC1PolarityConfig                    0x08005119   Thumb Code    18  stm32f10x_tim.o(.text)
    TIM_OC1NPolarityConfig                   0x0800512b   Thumb Code    18  stm32f10x_tim.o(.text)
    TIM_OC2PolarityConfig                    0x0800513d   Thumb Code    26  stm32f10x_tim.o(.text)
    TIM_OC2NPolarityConfig                   0x08005157   Thumb Code    26  stm32f10x_tim.o(.text)
    TIM_OC3PolarityConfig                    0x08005171   Thumb Code    26  stm32f10x_tim.o(.text)
    TIM_OC3NPolarityConfig                   0x0800518b   Thumb Code    26  stm32f10x_tim.o(.text)
    TIM_OC4PolarityConfig                    0x080051a5   Thumb Code    26  stm32f10x_tim.o(.text)
    TIM_CCxCmd                               0x080051bf   Thumb Code    30  stm32f10x_tim.o(.text)
    TIM_CCxNCmd                              0x080051dd   Thumb Code    30  stm32f10x_tim.o(.text)
    TIM_SelectOCxM                           0x080051fb   Thumb Code    82  stm32f10x_tim.o(.text)
    TIM_UpdateDisableConfig                  0x0800524d   Thumb Code    24  stm32f10x_tim.o(.text)
    TIM_UpdateRequestConfig                  0x08005265   Thumb Code    24  stm32f10x_tim.o(.text)
    TIM_SelectHallSensor                     0x0800527d   Thumb Code    24  stm32f10x_tim.o(.text)
    TIM_SelectOnePulseMode                   0x08005295   Thumb Code    18  stm32f10x_tim.o(.text)
    TIM_SelectOutputTrigger                  0x080052a7   Thumb Code    18  stm32f10x_tim.o(.text)
    TIM_SelectSlaveMode                      0x080052b9   Thumb Code    18  stm32f10x_tim.o(.text)
    TIM_SelectMasterSlaveMode                0x080052cb   Thumb Code    18  stm32f10x_tim.o(.text)
    TIM_SetCounter                           0x080052dd   Thumb Code     4  stm32f10x_tim.o(.text)
    TIM_SetAutoreload                        0x080052e1   Thumb Code     4  stm32f10x_tim.o(.text)
    TIM_SetCompare1                          0x080052e5   Thumb Code     4  stm32f10x_tim.o(.text)
    TIM_SetCompare2                          0x080052e9   Thumb Code     4  stm32f10x_tim.o(.text)
    TIM_SetCompare3                          0x080052ed   Thumb Code     4  stm32f10x_tim.o(.text)
    TIM_SetCompare4                          0x080052f1   Thumb Code     6  stm32f10x_tim.o(.text)
    TIM_SetClockDivision                     0x080052f7   Thumb Code    18  stm32f10x_tim.o(.text)
    TIM_GetCapture1                          0x08005309   Thumb Code     6  stm32f10x_tim.o(.text)
    TIM_GetCapture2                          0x0800530f   Thumb Code     6  stm32f10x_tim.o(.text)
    TIM_GetCapture3                          0x08005315   Thumb Code     6  stm32f10x_tim.o(.text)
    TIM_GetCapture4                          0x0800531b   Thumb Code     8  stm32f10x_tim.o(.text)
    TIM_GetCounter                           0x08005323   Thumb Code     6  stm32f10x_tim.o(.text)
    TIM_GetPrescaler                         0x08005329   Thumb Code     6  stm32f10x_tim.o(.text)
    TIM_GetFlagStatus                        0x0800532f   Thumb Code    18  stm32f10x_tim.o(.text)
    TIM_ClearFlag                            0x08005341   Thumb Code     6  stm32f10x_tim.o(.text)
    TIM_GetITStatus                          0x08005347   Thumb Code    34  stm32f10x_tim.o(.text)
    TIM_ClearITPendingBit                    0x08005369   Thumb Code     6  stm32f10x_tim.o(.text)
    USART_DeInit                             0x08005371   Thumb Code   134  stm32f10x_usart.o(.text)
    USART_Init                               0x080053f7   Thumb Code   210  stm32f10x_usart.o(.text)
    USART_StructInit                         0x080054c9   Thumb Code    24  stm32f10x_usart.o(.text)
    USART_ClockInit                          0x080054e1   Thumb Code    34  stm32f10x_usart.o(.text)
    USART_ClockStructInit                    0x08005503   Thumb Code    12  stm32f10x_usart.o(.text)
    USART_Cmd                                0x0800550f   Thumb Code    24  stm32f10x_usart.o(.text)
    USART_ITConfig                           0x08005527   Thumb Code    74  stm32f10x_usart.o(.text)
    USART_DMACmd                             0x08005571   Thumb Code    18  stm32f10x_usart.o(.text)
    USART_SetAddress                         0x08005583   Thumb Code    18  stm32f10x_usart.o(.text)
    USART_WakeUpConfig                       0x08005595   Thumb Code    18  stm32f10x_usart.o(.text)
    USART_ReceiverWakeUpCmd                  0x080055a7   Thumb Code    24  stm32f10x_usart.o(.text)
    USART_LINBreakDetectLengthConfig         0x080055bf   Thumb Code    18  stm32f10x_usart.o(.text)
    USART_LINCmd                             0x080055d1   Thumb Code    24  stm32f10x_usart.o(.text)
    USART_SendData                           0x080055e9   Thumb Code     8  stm32f10x_usart.o(.text)
    USART_ReceiveData                        0x080055f1   Thumb Code    10  stm32f10x_usart.o(.text)
    USART_SendBreak                          0x080055fb   Thumb Code    10  stm32f10x_usart.o(.text)
    USART_SetGuardTime                       0x08005605   Thumb Code    16  stm32f10x_usart.o(.text)
    USART_SetPrescaler                       0x08005615   Thumb Code    16  stm32f10x_usart.o(.text)
    USART_SmartCardCmd                       0x08005625   Thumb Code    24  stm32f10x_usart.o(.text)
    USART_SmartCardNACKCmd                   0x0800563d   Thumb Code    24  stm32f10x_usart.o(.text)
    USART_HalfDuplexCmd                      0x08005655   Thumb Code    24  stm32f10x_usart.o(.text)
    USART_OverSampling8Cmd                   0x0800566d   Thumb Code    22  stm32f10x_usart.o(.text)
    USART_OneBitMethodCmd                    0x08005683   Thumb Code    24  stm32f10x_usart.o(.text)
    USART_IrDAConfig                         0x0800569b   Thumb Code    18  stm32f10x_usart.o(.text)
    USART_IrDACmd                            0x080056ad   Thumb Code    24  stm32f10x_usart.o(.text)
    USART_GetFlagStatus                      0x080056c5   Thumb Code    26  stm32f10x_usart.o(.text)
    USART_ClearFlag                          0x080056df   Thumb Code    18  stm32f10x_usart.o(.text)
    USART_GetITStatus                        0x080056f1   Thumb Code    84  stm32f10x_usart.o(.text)
    USART_ClearITPendingBit                  0x08005745   Thumb Code    52  stm32f10x_usart.o(.text)
    ADC_DeInit                               0x08005779   Thumb Code    78  stm32f10x_adc.o(.text)
    ADC_Init                                 0x080057c7   Thumb Code    70  stm32f10x_adc.o(.text)
    ADC_StructInit                           0x0800580d   Thumb Code    18  stm32f10x_adc.o(.text)
    ADC_Cmd                                  0x0800581f   Thumb Code    22  stm32f10x_adc.o(.text)
    ADC_DMACmd                               0x08005835   Thumb Code    22  stm32f10x_adc.o(.text)
    ADC_ITConfig                             0x0800584b   Thumb Code    24  stm32f10x_adc.o(.text)
    ADC_ResetCalibration                     0x08005863   Thumb Code    10  stm32f10x_adc.o(.text)
    ADC_GetResetCalibrationStatus            0x0800586d   Thumb Code    20  stm32f10x_adc.o(.text)
    ADC_StartCalibration                     0x08005881   Thumb Code    10  stm32f10x_adc.o(.text)
    ADC_GetCalibrationStatus                 0x0800588b   Thumb Code    20  stm32f10x_adc.o(.text)
    ADC_SoftwareStartConvCmd                 0x0800589f   Thumb Code    22  stm32f10x_adc.o(.text)
    ADC_GetSoftwareStartConvStatus           0x080058b5   Thumb Code    20  stm32f10x_adc.o(.text)
    ADC_DiscModeChannelCountConfig           0x080058c9   Thumb Code    24  stm32f10x_adc.o(.text)
    ADC_DiscModeCmd                          0x080058e1   Thumb Code    22  stm32f10x_adc.o(.text)
    ADC_RegularChannelConfig                 0x080058f7   Thumb Code   184  stm32f10x_adc.o(.text)
    ADC_ExternalTrigConvCmd                  0x080059af   Thumb Code    22  stm32f10x_adc.o(.text)
    ADC_GetConversionValue                   0x080059c5   Thumb Code     8  stm32f10x_adc.o(.text)
    ADC_GetDualModeConversionValue           0x080059cd   Thumb Code     8  stm32f10x_adc.o(.text)
    ADC_AutoInjectedConvCmd                  0x080059d5   Thumb Code    22  stm32f10x_adc.o(.text)
    ADC_InjectedDiscModeCmd                  0x080059eb   Thumb Code    22  stm32f10x_adc.o(.text)
    ADC_ExternalTrigInjectedConvConfig       0x08005a01   Thumb Code    16  stm32f10x_adc.o(.text)
    ADC_ExternalTrigInjectedConvCmd          0x08005a11   Thumb Code    22  stm32f10x_adc.o(.text)
    ADC_SoftwareStartInjectedConvCmd         0x08005a27   Thumb Code    22  stm32f10x_adc.o(.text)
    ADC_GetSoftwareStartInjectedConvCmdStatus 0x08005a3d   Thumb Code    20  stm32f10x_adc.o(.text)
    ADC_InjectedChannelConfig                0x08005a51   Thumb Code   130  stm32f10x_adc.o(.text)
    ADC_InjectedSequencerLengthConfig        0x08005ad3   Thumb Code    24  stm32f10x_adc.o(.text)
    ADC_SetInjectedOffset                    0x08005aeb   Thumb Code    20  stm32f10x_adc.o(.text)
    ADC_GetInjectedConversionValue           0x08005aff   Thumb Code    28  stm32f10x_adc.o(.text)
    ADC_AnalogWatchdogCmd                    0x08005b1b   Thumb Code    16  stm32f10x_adc.o(.text)
    ADC_AnalogWatchdogThresholdsConfig       0x08005b2b   Thumb Code     6  stm32f10x_adc.o(.text)
    ADC_AnalogWatchdogSingleChannelConfig    0x08005b31   Thumb Code    16  stm32f10x_adc.o(.text)
    ADC_TempSensorVrefintCmd                 0x08005b41   Thumb Code    64  stm32f10x_adc.o(.text)
    ADC_GetFlagStatus                        0x08005b81   Thumb Code    18  stm32f10x_adc.o(.text)
    ADC_ClearFlag                            0x08005b93   Thumb Code     6  stm32f10x_adc.o(.text)
    ADC_GetITStatus                          0x08005b99   Thumb Code    36  stm32f10x_adc.o(.text)
    ADC_ClearITPendingBit                    0x08005bbd   Thumb Code    10  stm32f10x_adc.o(.text)
    DMA_DeInit                               0x08005bc9   Thumb Code   324  stm32f10x_dma.o(.text)
    DMA_Init                                 0x08005d0d   Thumb Code    60  stm32f10x_dma.o(.text)
    DMA_StructInit                           0x08005d49   Thumb Code    26  stm32f10x_dma.o(.text)
    DMA_Cmd                                  0x08005d63   Thumb Code    24  stm32f10x_dma.o(.text)
    DMA_ITConfig                             0x08005d7b   Thumb Code    18  stm32f10x_dma.o(.text)
    DMA_SetCurrDataCounter                   0x08005d8d   Thumb Code     4  stm32f10x_dma.o(.text)
    DMA_GetCurrDataCounter                   0x08005d91   Thumb Code     8  stm32f10x_dma.o(.text)
    DMA_GetFlagStatus                        0x08005d99   Thumb Code    40  stm32f10x_dma.o(.text)
    DMA_ClearFlag                            0x08005dc1   Thumb Code    22  stm32f10x_dma.o(.text)
    DMA_GetITStatus                          0x08005dd7   Thumb Code    40  stm32f10x_dma.o(.text)
    DMA_ClearITPendingBit                    0x08005dff   Thumb Code    22  stm32f10x_dma.o(.text)
    __use_no_semihosting                     0x08005e1d   Thumb Code     2  use_no_semi_2.o(.text)
    __2printf                                0x08005e21   Thumb Code    20  noretval__2printf.o(.text)
    __printf                                 0x08005e39   Thumb Code   104  __printf.o(.text)
    _printf_str                              0x08005ea1   Thumb Code    82  _printf_str.o(.text)
    _printf_int_dec                          0x08005ef5   Thumb Code   104  _printf_dec.o(.text)
    atoi                                     0x08005f6d   Thumb Code    26  atoi.o(.text)
    strlen                                   0x08005f87   Thumb Code    62  strlen.o(.text)
    __use_two_region_memory                  0x08005fc5   Thumb Code     2  heapauxi.o(.text)
    __rt_heap_escrow$2region                 0x08005fc7   Thumb Code     2  heapauxi.o(.text)
    __rt_heap_expand$2region                 0x08005fc9   Thumb Code     2  heapauxi.o(.text)
    __I$use$semihosting                      0x08005fcb   Thumb Code     0  use_no_semi.o(.text)
    __use_no_semihosting_swi                 0x08005fcb   Thumb Code     2  use_no_semi.o(.text)
    __aeabi_errno_addr                       0x08005fcd   Thumb Code     8  rt_errno_addr_intlibspace.o(.text)
    __errno$intlibspace                      0x08005fcd   Thumb Code     0  rt_errno_addr_intlibspace.o(.text)
    __rt_errno_addr$intlibspace              0x08005fcd   Thumb Code     0  rt_errno_addr_intlibspace.o(.text)
    _printf_int_common                       0x08005fd5   Thumb Code   178  _printf_intcommon.o(.text)
    _printf_cs_common                        0x08006087   Thumb Code    20  _printf_char.o(.text)
    _printf_char                             0x0800609b   Thumb Code    16  _printf_char.o(.text)
    _printf_string                           0x080060ab   Thumb Code     8  _printf_char.o(.text)
    _printf_char_file                        0x080060b5   Thumb Code    32  _printf_char_file.o(.text)
    strtol                                   0x080060d9   Thumb Code   112  strtol.o(.text)
    __user_libspace                          0x08006149   Thumb Code     8  libspace.o(.text)
    __user_perproc_libspace                  0x08006149   Thumb Code     0  libspace.o(.text)
    __user_perthread_libspace                0x08006149   Thumb Code     0  libspace.o(.text)
    __rt_ctype_table                         0x08006151   Thumb Code    16  rt_ctype_table.o(.text)
    _printf_char_common                      0x0800616b   Thumb Code    32  _printf_char_common.o(.text)
    _strtoul                                 0x08006191   Thumb Code   158  _strtoul.o(.text)
    ferror                                   0x0800622f   Thumb Code     8  ferror.o(.text)
    __user_setup_stackheap                   0x08006237   Thumb Code    74  sys_stackheap_outer.o(.text)
    __rt_locale                              0x08006281   Thumb Code     8  rt_locale_intlibspace.o(.text)
    _chval                                   0x08006289   Thumb Code    28  _chval.o(.text)
    exit                                     0x080062a5   Thumb Code    12  exit.o(.text)
    strcmp                                   0x080062b1   Thumb Code   128  strcmpv7m.o(.text)
    _get_lc_ctype                            0x08006331   Thumb Code    44  lc_ctype_c.o(locale$$code)
    __aeabi_d2f                              0x0800635d   Thumb Code     0  d2f.o(x$fpl$d2f)
    _d2f                                     0x0800635d   Thumb Code    98  d2f.o(x$fpl$d2f)
    __aeabi_ddiv                             0x080063c1   Thumb Code     0  ddiv.o(x$fpl$ddiv)
    _ddiv                                    0x080063c1   Thumb Code   552  ddiv.o(x$fpl$ddiv)
    __aeabi_d2iz                             0x08006671   Thumb Code     0  dfix.o(x$fpl$dfix)
    _dfix                                    0x08006671   Thumb Code    94  dfix.o(x$fpl$dfix)
    __aeabi_i2d                              0x080066cf   Thumb Code     0  dflt_clz.o(x$fpl$dflt)
    _dflt                                    0x080066cf   Thumb Code    46  dflt_clz.o(x$fpl$dflt)
    __aeabi_dmul                             0x080066fd   Thumb Code     0  dmul.o(x$fpl$dmul)
    _dmul                                    0x080066fd   Thumb Code   332  dmul.o(x$fpl$dmul)
    __fpl_dnaninf                            0x08006851   Thumb Code   156  dnaninf.o(x$fpl$dnaninf)
    __fpl_dretinf                            0x080068ed   Thumb Code    12  dretinf.o(x$fpl$dretinf)
    __aeabi_f2d                              0x080068f9   Thumb Code     0  f2d.o(x$fpl$f2d)
    _f2d                                     0x080068f9   Thumb Code    86  f2d.o(x$fpl$f2d)
    __aeabi_fadd                             0x08006951   Thumb Code     0  faddsub_clz.o(x$fpl$fadd)
    _fadd                                    0x08006951   Thumb Code   196  faddsub_clz.o(x$fpl$fadd)
    __aeabi_fdiv                             0x08006a15   Thumb Code     0  fdiv.o(x$fpl$fdiv)
    _fdiv                                    0x08006a15   Thumb Code   384  fdiv.o(x$fpl$fdiv)
    __aeabi_f2iz                             0x08006b99   Thumb Code     0  ffix.o(x$fpl$ffix)
    _ffix                                    0x08006b99   Thumb Code    54  ffix.o(x$fpl$ffix)
    __aeabi_f2uiz                            0x08006bd1   Thumb Code     0  ffixu.o(x$fpl$ffixu)
    _ffixu                                   0x08006bd1   Thumb Code    62  ffixu.o(x$fpl$ffixu)
    __aeabi_i2f                              0x08006c11   Thumb Code     0  fflt_clz.o(x$fpl$fflt)
    _fflt                                    0x08006c11   Thumb Code    48  fflt_clz.o(x$fpl$fflt)
    __aeabi_ui2f                             0x08006c41   Thumb Code     0  fflt_clz.o(x$fpl$ffltu)
    _ffltu                                   0x08006c41   Thumb Code    38  fflt_clz.o(x$fpl$ffltu)
    __aeabi_fmul                             0x08006c69   Thumb Code     0  fmul.o(x$fpl$fmul)
    _fmul                                    0x08006c69   Thumb Code   258  fmul.o(x$fpl$fmul)
    __fpl_fnaninf                            0x08006d6b   Thumb Code   140  fnaninf.o(x$fpl$fnaninf)
    __fpl_fretinf                            0x08006df7   Thumb Code    10  fretinf.o(x$fpl$fretinf)
    __aeabi_frsub                            0x08006e01   Thumb Code     0  faddsub_clz.o(x$fpl$frsb)
    _frsb                                    0x08006e01   Thumb Code    20  faddsub_clz.o(x$fpl$frsb)
    __aeabi_fsub                             0x08006e15   Thumb Code     0  faddsub_clz.o(x$fpl$fsub)
    _fsub                                    0x08006e15   Thumb Code   234  faddsub_clz.o(x$fpl$fsub)
    __I$use$fp                               0x08006efe   Number         0  usenofp.o(x$fpl$usenofp)
    asc2_0806                                0x08006efe   Data         552  oled.o(.constdata)
    asc2_1206                                0x08007126   Data        1140  oled.o(.constdata)
    asc2_1608                                0x0800759a   Data        1520  oled.o(.constdata)
    asc2_2412                                0x08007b8a   Data        3420  oled.o(.constdata)
    Hzk1                                     0x080088e6   Data         352  oled.o(.constdata)
    Hzk2                                     0x08008a46   Data          72  oled.o(.constdata)
    Hzk3                                     0x08008a8e   Data         128  oled.o(.constdata)
    Hzk4                                     0x08008b0e   Data         512  oled.o(.constdata)
    Region$$Table$$Base                      0x08008d10   Number         0  anon$$obj.o(Region$$Table)
    Region$$Table$$Limit                     0x08008d30   Number         0  anon$$obj.o(Region$$Table)
    __ctype                                  0x08008d3d   Data           0  lc_ctype_c.o(locale$$data)
    key                                      0x20000000   Data           4  main.o(.data)
    program                                  0x20000004   Data           4  main.o(.data)
    Encoder1                                 0x20000008   Data           4  main.o(.data)
    Encoder2                                 0x2000000c   Data           4  main.o(.data)
    Encoder3                                 0x20000010   Data           4  main.o(.data)
    Encoder4                                 0x20000014   Data           4  main.o(.data)
    Adc_Key                                  0x20000018   Data           1  main.o(.data)
    usart_flag                               0x2000001c   Data           4  main.o(.data)
    usart_flag2                              0x20000020   Data           4  main.o(.data)
    Bias                                     0x20000024   Data           4  main.o(.data)
    Last_Bias                                0x20000028   Data           4  main.o(.data)
    Delta_Bias                               0x2000002c   Data           4  main.o(.data)
    Delta_Delta_Bias                         0x20000030   Data           4  main.o(.data)
    Pre_Delta_Bias                           0x20000034   Data           4  main.o(.data)
    Balance_KP                               0x20000038   Data           4  main.o(.data)
    Balance_Ki                               0x2000003c   Data           4  main.o(.data)
    Balance_KD                               0x20000040   Data           4  main.o(.data)
    KL                                       0x20000044   Data           4  main.o(.data)
    angle_1_flag                             0x20000048   Data           4  main.o(.data)
    ii                                       0x2000004c   Data           4  main.o(.data)
    iii                                      0x20000050   Data           4  main.o(.data)
    iiii                                     0x20000054   Data           4  main.o(.data)
    Goal_value                               0x20000058   Data           4  main.o(.data)
    angle_1                                  0x2000005c   Data           4  main.o(.data)
    angle_2                                  0x20000060   Data           4  main.o(.data)
    angle_3                                  0x20000064   Data           4  main.o(.data)
    RX_CNT                                   0x20000068   Data           1  main.o(.data)
    x                                        0x2000006c   Data           4  main.o(.data)
    y                                        0x20000070   Data           4  main.o(.data)
    r                                        0x20000074   Data           4  main.o(.data)
    length                                   0x20000078   Data           4  main.o(.data)
    biaoju                                   0x2000007c   Data           4  main.o(.data)
    baju                                     0x20000080   Data           4  main.o(.data)
    yaim                                     0x20000084   Data           4  main.o(.data)
    pwm1                                     0x20000088   Data           4  main.o(.data)
    pwm2                                     0x2000008c   Data           4  main.o(.data)
    pwm3                                     0x20000090   Data           4  main.o(.data)
    pwm4                                     0x20000094   Data           4  main.o(.data)
    a                                        0x20000098   Data           4  main.o(.data)
    pitch                                    0x2000009c   Data           4  main.o(.data)
    roll                                     0x200000a0   Data           4  main.o(.data)
    yaw                                      0x200000a4   Data           4  main.o(.data)
    mode                                     0x200000a8   Data           4  main.o(.data)
    AIM_1                                    0x200000ac   Data           4  main.o(.data)
    AIM_2                                    0x200000b0   Data           4  main.o(.data)
    AIM_3                                    0x200000b4   Data           4  main.o(.data)
    AIM_4                                    0x200000b8   Data           4  main.o(.data)
    AIM_max                                  0x200000bc   Data           4  main.o(.data)
    PS2_LX                                   0x200000c0   Data           4  main.o(.data)
    PS2_LY                                   0x200000c4   Data           4  main.o(.data)
    PS2_RX                                   0x200000c8   Data           4  main.o(.data)
    PS2_RY                                   0x200000cc   Data           4  main.o(.data)
    PS2_KEY                                  0x200000d0   Data           4  main.o(.data)
    PS2_KEY2                                 0x200000d4   Data           4  main.o(.data)
    TURN                                     0x200000d8   Data           4  main.o(.data)
    sum                                      0x200000dc   Data           4  main.o(.data)
    j                                        0x200000e0   Data           1  main.o(.data)
    servo_num                                0x200000e4   Data           4  main.o(.data)
    servo_angle                              0x200000e8   Data           4  main.o(.data)
    qian                                     0x200000ec   Data           4  main.o(.data)
    zuo                                      0x200000f0   Data           4  main.o(.data)
    you                                      0x200000f4   Data           4  main.o(.data)
    SystemCoreClock                          0x200000f8   Data           4  system_stm32f10x.o(.data)
    AHBPrescTable                            0x200000fc   Data          16  system_stm32f10x.o(.data)
    Velocity_KP                              0x20000110   Data           4  control.o(.data)
    Velocity_KI                              0x20000114   Data           4  control.o(.data)
    i                                        0x20000170   Data           1  show.o(.data)
    temp                                     0x20000171   Data           1  show.o(.data)
    Send_Cout                                0x20000172   Data           1  show.o(.data)
    Vol                                      0x20000174   Data           4  show.o(.data)
    Handkey                                  0x20000178   Data           2  pstwo.o(.data)
    Comd                                     0x2000017a   Data           2  pstwo.o(.data)
    MASK                                     0x2000017c   Data          32  pstwo.o(.data)
    USART2_RX_STA                            0x200001a8   Data           2  usart.o(.data)
    USART3_RX_STA                            0x200001aa   Data           2  usart.o(.data)
    USART4_RX_STA                            0x200001ac   Data           2  usart.o(.data)
    USART5_RX_STA                            0x200001ae   Data           2  usart.o(.data)
    __stdout                                 0x200001b0   Data           4  usart.o(.data)
    OLED_sprintf_str                         0x200001c8   Data          20  main.o(.bss)
    RX_BUF                                   0x200001dc   Data          15  main.o(.bss)
    YOU                                      0x200001eb   Data          30  main.o(.bss)
    ZUO                                      0x20000209   Data          30  main.o(.bss)
    QIAN                                     0x20000227   Data          30  main.o(.bss)
    ADC_Value                                0x20000248   Data          12  main.o(.bss)
    OLED_GRAM                                0x20000254   Data        1152  oled.o(.bss)
    DataScope_OutPut_Buffer                  0x200006d4   Data          42  datascope_dp.o(.bss)
    Data                                     0x200006fe   Data           9  pstwo.o(.bss)
    ADCConvertedValue                        0x20000708   Data          60  bsp_adc.o(.bss)
    USART2_RX_BUF                            0x20000744   Data         200  usart.o(.bss)
    USART3_RX_BUF                            0x2000080c   Data         200  usart.o(.bss)
    USART4_RX_BUF                            0x200008d4   Data         200  usart.o(.bss)
    USART5_RX_BUF                            0x2000099c   Data         200  usart.o(.bss)
    USART2_TX_BUF                            0x20000a64   Data         200  usart.o(.bss)
    __libspace_start                         0x20000b2c   Data          96  libspace.o(.bss)
    __temporary_stack_top$libspace           0x20000b8c   Data           0  libspace.o(.bss)



==============================================================================

Memory Map of the image

  Image Entry point : 0x08000131

  Load Region LR_IROM1 (Base: 0x08000000, Size: 0x00009008, Max: 0x00080000, ABSOLUTE, COMPRESSED[0x00008eac])

    Execution Region ER_IROM1 (Base: 0x08000000, Size: 0x00008e40, Max: 0x00080000, ABSOLUTE)

    Base Addr    Size         Type   Attr      Idx    E Section Name        Object

    0x08000000   0x00000130   Data   RO          567    RESET               startup_stm32f10x_hd.o
    0x08000130   0x00000008   Code   RO          719  * !!!main             c_w.l(__main.o)
    0x08000138   0x00000034   Code   RO         1069    !!!scatter          c_w.l(__scatter.o)
    0x0800016c   0x0000005a   Code   RO         1067    !!dczerorl2         c_w.l(__dczerorl2.o)
    0x080001c6   0x00000002   PAD
    0x080001c8   0x0000001c   Code   RO         1071    !!handler_zi        c_w.l(__scatter_zi.o)
    0x080001e4   0x00000000   Code   RO          708    .ARM.Collect$$_printf_percent$$00000000  c_w.l(_printf_percent.o)
    0x080001e4   0x00000006   Code   RO          707    .ARM.Collect$$_printf_percent$$00000009  c_w.l(_printf_d.o)
    0x080001ea   0x00000006   Code   RO          706    .ARM.Collect$$_printf_percent$$00000013  c_w.l(_printf_c.o)
    0x080001f0   0x00000004   Code   RO          815    .ARM.Collect$$_printf_percent$$00000017  c_w.l(_printf_percent_end.o)
    0x080001f4   0x00000002   Code   RO          933    .ARM.Collect$$libinit$$00000000  c_w.l(libinit.o)
    0x080001f6   0x00000000   Code   RO          947    .ARM.Collect$$libinit$$00000002  c_w.l(libinit2.o)
    0x080001f6   0x00000000   Code   RO          949    .ARM.Collect$$libinit$$00000004  c_w.l(libinit2.o)
    0x080001f6   0x00000000   Code   RO          952    .ARM.Collect$$libinit$$0000000A  c_w.l(libinit2.o)
    0x080001f6   0x00000000   Code   RO          954    .ARM.Collect$$libinit$$0000000C  c_w.l(libinit2.o)
    0x080001f6   0x00000000   Code   RO          956    .ARM.Collect$$libinit$$0000000E  c_w.l(libinit2.o)
    0x080001f6   0x00000006   Code   RO          957    .ARM.Collect$$libinit$$0000000F  c_w.l(libinit2.o)
    0x080001fc   0x00000000   Code   RO          959    .ARM.Collect$$libinit$$00000011  c_w.l(libinit2.o)
    0x080001fc   0x0000000c   Code   RO          960    .ARM.Collect$$libinit$$00000012  c_w.l(libinit2.o)
    0x08000208   0x00000000   Code   RO          961    .ARM.Collect$$libinit$$00000013  c_w.l(libinit2.o)
    0x08000208   0x00000000   Code   RO          963    .ARM.Collect$$libinit$$00000015  c_w.l(libinit2.o)
    0x08000208   0x00000000   Code   RO          965    .ARM.Collect$$libinit$$00000017  c_w.l(libinit2.o)
    0x08000208   0x00000000   Code   RO          967    .ARM.Collect$$libinit$$00000019  c_w.l(libinit2.o)
    0x08000208   0x00000000   Code   RO          969    .ARM.Collect$$libinit$$0000001B  c_w.l(libinit2.o)
    0x08000208   0x00000000   Code   RO          971    .ARM.Collect$$libinit$$0000001D  c_w.l(libinit2.o)
    0x08000208   0x00000000   Code   RO          973    .ARM.Collect$$libinit$$0000001F  c_w.l(libinit2.o)
    0x08000208   0x00000000   Code   RO          975    .ARM.Collect$$libinit$$00000021  c_w.l(libinit2.o)
    0x08000208   0x00000000   Code   RO          977    .ARM.Collect$$libinit$$00000023  c_w.l(libinit2.o)
    0x08000208   0x00000000   Code   RO          979    .ARM.Collect$$libinit$$00000025  c_w.l(libinit2.o)
    0x08000208   0x00000000   Code   RO          983    .ARM.Collect$$libinit$$0000002C  c_w.l(libinit2.o)
    0x08000208   0x00000000   Code   RO          985    .ARM.Collect$$libinit$$0000002E  c_w.l(libinit2.o)
    0x08000208   0x00000000   Code   RO          987    .ARM.Collect$$libinit$$00000030  c_w.l(libinit2.o)
    0x08000208   0x00000000   Code   RO          989    .ARM.Collect$$libinit$$00000032  c_w.l(libinit2.o)
    0x08000208   0x00000002   Code   RO          990    .ARM.Collect$$libinit$$00000033  c_w.l(libinit2.o)
    0x0800020a   0x00000002   Code   RO         1020    .ARM.Collect$$libshutdown$$00000000  c_w.l(libshutdown.o)
    0x0800020c   0x00000000   Code   RO         1035    .ARM.Collect$$libshutdown$$00000003  c_w.l(libshutdown2.o)
    0x0800020c   0x00000000   Code   RO         1038    .ARM.Collect$$libshutdown$$00000006  c_w.l(libshutdown2.o)
    0x0800020c   0x00000000   Code   RO         1041    .ARM.Collect$$libshutdown$$00000009  c_w.l(libshutdown2.o)
    0x0800020c   0x00000000   Code   RO         1043    .ARM.Collect$$libshutdown$$0000000B  c_w.l(libshutdown2.o)
    0x0800020c   0x00000000   Code   RO         1046    .ARM.Collect$$libshutdown$$0000000E  c_w.l(libshutdown2.o)
    0x0800020c   0x00000002   Code   RO         1047    .ARM.Collect$$libshutdown$$0000000F  c_w.l(libshutdown2.o)
    0x0800020e   0x00000000   Code   RO          799    .ARM.Collect$$rtentry$$00000000  c_w.l(__rtentry.o)
    0x0800020e   0x00000000   Code   RO          874    .ARM.Collect$$rtentry$$00000002  c_w.l(__rtentry2.o)
    0x0800020e   0x00000006   Code   RO          886    .ARM.Collect$$rtentry$$00000004  c_w.l(__rtentry4.o)
    0x08000214   0x00000000   Code   RO          876    .ARM.Collect$$rtentry$$00000009  c_w.l(__rtentry2.o)
    0x08000214   0x00000004   Code   RO          877    .ARM.Collect$$rtentry$$0000000A  c_w.l(__rtentry2.o)
    0x08000218   0x00000000   Code   RO          879    .ARM.Collect$$rtentry$$0000000C  c_w.l(__rtentry2.o)
    0x08000218   0x00000008   Code   RO          880    .ARM.Collect$$rtentry$$0000000D  c_w.l(__rtentry2.o)
    0x08000220   0x00000002   Code   RO          938    .ARM.Collect$$rtexit$$00000000  c_w.l(rtexit.o)
    0x08000222   0x00000000   Code   RO          994    .ARM.Collect$$rtexit$$00000002  c_w.l(rtexit2.o)
    0x08000222   0x00000004   Code   RO          995    .ARM.Collect$$rtexit$$00000003  c_w.l(rtexit2.o)
    0x08000226   0x00000006   Code   RO          996    .ARM.Collect$$rtexit$$00000004  c_w.l(rtexit2.o)
    0x0800022c   0x0000000c   Code   RO          515    .emb_text           sys.o
    0x08000238   0x00000ba0   Code   RO            1    .text               main.o
    0x08000dd8   0x0000001a   Code   RO          178    .text               stm32f10x_it.o
    0x08000df2   0x00000002   PAD
    0x08000df4   0x000001e0   Code   RO          219    .text               system_stm32f10x.o
    0x08000fd4   0x000000d8   Code   RO          237    .text               led.o
    0x080010ac   0x000000bc   Code   RO          253    .text               key.o
    0x08001168   0x000003f8   Code   RO          266    .text               timer.o
    0x08001560   0x00000974   Code   RO          278    .text               oled.o
    0x08001ed4   0x00000154   Code   RO          304    .text               datascope_dp.o
    0x08002028   0x0000035c   Code   RO          322    .text               encoder.o
    0x08002384   0x000005b8   Code   RO          334    .text               control.o
    0x0800293c   0x00000378   Code   RO          349    .text               show.o
    0x08002cb4   0x00000498   Code   RO          459    .text               pstwo.o
    0x0800314c   0x000001fc   Code   RO          478    .text               bsp_adc.o
    0x08003348   0x000000b0   Code   RO          501    .text               delay.o
    0x080033f8   0x000002bc   Code   RO          516    .text               sys.o
    0x080036b4   0x00000684   Code   RO          532    .text               usart.o
    0x08003d38   0x00000040   Code   RO          568    .text               startup_stm32f10x_hd.o
    0x08003d78   0x000000dc   Code   RO          572    .text               misc.o
    0x08003e54   0x0000035c   Code   RO          584    .text               stm32f10x_gpio.o
    0x080041b0   0x000003a4   Code   RO          596    .text               stm32f10x_rcc.o
    0x08004554   0x00000e1a   Code   RO          610    .text               stm32f10x_tim.o
    0x0800536e   0x00000002   PAD
    0x08005370   0x00000408   Code   RO          622    .text               stm32f10x_usart.o
    0x08005778   0x0000044e   Code   RO          634    .text               stm32f10x_adc.o
    0x08005bc6   0x00000002   PAD
    0x08005bc8   0x00000254   Code   RO          646    .text               stm32f10x_dma.o
    0x08005e1c   0x00000002   Code   RO          672    .text               c_w.l(use_no_semi_2.o)
    0x08005e1e   0x00000002   PAD
    0x08005e20   0x00000018   Code   RO          678    .text               c_w.l(noretval__2printf.o)
    0x08005e38   0x00000068   Code   RO          680    .text               c_w.l(__printf.o)
    0x08005ea0   0x00000052   Code   RO          682    .text               c_w.l(_printf_str.o)
    0x08005ef2   0x00000002   PAD
    0x08005ef4   0x00000078   Code   RO          684    .text               c_w.l(_printf_dec.o)
    0x08005f6c   0x0000001a   Code   RO          709    .text               c_w.l(atoi.o)
    0x08005f86   0x0000003e   Code   RO          713    .text               c_w.l(strlen.o)
    0x08005fc4   0x00000006   Code   RO          717    .text               c_w.l(heapauxi.o)
    0x08005fca   0x00000002   Code   RO          797    .text               c_w.l(use_no_semi.o)
    0x08005fcc   0x00000008   Code   RO          803    .text               c_w.l(rt_errno_addr_intlibspace.o)
    0x08005fd4   0x000000b2   Code   RO          809    .text               c_w.l(_printf_intcommon.o)
    0x08006086   0x0000002c   Code   RO          811    .text               c_w.l(_printf_char.o)
    0x080060b2   0x00000002   PAD
    0x080060b4   0x00000024   Code   RO          813    .text               c_w.l(_printf_char_file.o)
    0x080060d8   0x00000070   Code   RO          816    .text               c_w.l(strtol.o)
    0x08006148   0x00000008   Code   RO          870    .text               c_w.l(libspace.o)
    0x08006150   0x00000010   Code   RO          888    .text               c_w.l(rt_ctype_table.o)
    0x08006160   0x00000030   Code   RO          894    .text               c_w.l(_printf_char_common.o)
    0x08006190   0x0000009e   Code   RO          896    .text               c_w.l(_strtoul.o)
    0x0800622e   0x00000008   Code   RO          898    .text               c_w.l(ferror.o)
    0x08006236   0x0000004a   Code   RO          910    .text               c_w.l(sys_stackheap_outer.o)
    0x08006280   0x00000008   Code   RO          917    .text               c_w.l(rt_locale_intlibspace.o)
    0x08006288   0x0000001c   Code   RO          921    .text               c_w.l(_chval.o)
    0x080062a4   0x0000000c   Code   RO          926    .text               c_w.l(exit.o)
    0x080062b0   0x00000080   Code   RO          944    .text               c_w.l(strcmpv7m.o)
    0x08006330   0x0000002c   Code   RO          924    locale$$code        c_w.l(lc_ctype_c.o)
    0x0800635c   0x00000062   Code   RO          721    x$fpl$d2f           fz_ws.l(d2f.o)
    0x080063be   0x00000002   PAD
    0x080063c0   0x000002b0   Code   RO          730    x$fpl$ddiv          fz_ws.l(ddiv.o)
    0x08006670   0x0000005e   Code   RO          733    x$fpl$dfix          fz_ws.l(dfix.o)
    0x080066ce   0x0000002e   Code   RO          738    x$fpl$dflt          fz_ws.l(dflt_clz.o)
    0x080066fc   0x00000154   Code   RO          743    x$fpl$dmul          fz_ws.l(dmul.o)
    0x08006850   0x0000009c   Code   RO          820    x$fpl$dnaninf       fz_ws.l(dnaninf.o)
    0x080068ec   0x0000000c   Code   RO          822    x$fpl$dretinf       fz_ws.l(dretinf.o)
    0x080068f8   0x00000056   Code   RO          745    x$fpl$f2d           fz_ws.l(f2d.o)
    0x0800694e   0x00000002   PAD
    0x08006950   0x000000c4   Code   RO          747    x$fpl$fadd          fz_ws.l(faddsub_clz.o)
    0x08006a14   0x00000184   Code   RO          754    x$fpl$fdiv          fz_ws.l(fdiv.o)
    0x08006b98   0x00000036   Code   RO          759    x$fpl$ffix          fz_ws.l(ffix.o)
    0x08006bce   0x00000002   PAD
    0x08006bd0   0x0000003e   Code   RO          763    x$fpl$ffixu         fz_ws.l(ffixu.o)
    0x08006c0e   0x00000002   PAD
    0x08006c10   0x00000030   Code   RO          768    x$fpl$fflt          fz_ws.l(fflt_clz.o)
    0x08006c40   0x00000026   Code   RO          767    x$fpl$ffltu         fz_ws.l(fflt_clz.o)
    0x08006c66   0x00000002   PAD
    0x08006c68   0x00000102   Code   RO          775    x$fpl$fmul          fz_ws.l(fmul.o)
    0x08006d6a   0x0000008c   Code   RO          826    x$fpl$fnaninf       fz_ws.l(fnaninf.o)
    0x08006df6   0x0000000a   Code   RO          828    x$fpl$fretinf       fz_ws.l(fretinf.o)
    0x08006e00   0x00000014   Code   RO          748    x$fpl$frsb          fz_ws.l(faddsub_clz.o)
    0x08006e14   0x000000ea   Code   RO          749    x$fpl$fsub          fz_ws.l(faddsub_clz.o)
    0x08006efe   0x00000000   Code   RO          832    x$fpl$usenofp       fz_ws.l(usenofp.o)
    0x08006efe   0x00001e10   Data   RO          280    .constdata          oled.o
    0x08008d0e   0x00000002   PAD
    0x08008d10   0x00000020   Data   RO         1065    Region$$Table       anon$$obj.o
    0x08008d30   0x00000110   Data   RO          923    locale$$data        c_w.l(lc_ctype_c.o)


    Execution Region RW_IRAM1 (Base: 0x20000000, Size: 0x00001190, Max: 0x00010000, ABSOLUTE, COMPRESSED[0x0000006c])

    Base Addr    Size         Type   Attr      Idx    E Section Name        Object

    0x20000000   0x000000f8   Data   RW            3    .data               main.o
    0x200000f8   0x00000014   Data   RW          220    .data               system_stm32f10x.o
    0x2000010c   0x00000001   Data   RW          254    .data               key.o
    0x2000010d   0x00000003   PAD
    0x20000110   0x00000060   Data   RW          335    .data               control.o
    0x20000170   0x00000008   Data   RW          350    .data               show.o
    0x20000178   0x00000028   Data   RW          461    .data               pstwo.o
    0x200001a0   0x00000001   Data   RW          480    .data               bsp_adc.o
    0x200001a1   0x00000001   PAD
    0x200001a2   0x00000004   Data   RW          502    .data               delay.o
    0x200001a6   0x00000002   PAD
    0x200001a8   0x0000000c   Data   RW          534    .data               usart.o
    0x200001b4   0x00000014   Data   RW          597    .data               stm32f10x_rcc.o
    0x200001c8   0x0000008c   Zero   RW            2    .bss                main.o
    0x20000254   0x00000480   Zero   RW          279    .bss                oled.o
    0x200006d4   0x0000002a   Zero   RW          305    .bss                datascope_dp.o
    0x200006fe   0x00000009   Zero   RW          460    .bss                pstwo.o
    0x20000707   0x00000001   PAD
    0x20000708   0x0000003c   Zero   RW          479    .bss                bsp_adc.o
    0x20000744   0x000003e8   Zero   RW          533    .bss                usart.o
    0x20000b2c   0x00000060   Zero   RW          871    .bss                c_w.l(libspace.o)
    0x20000b8c   0x00000004   PAD
    0x20000b90   0x00000200   Zero   RW          566    HEAP                startup_stm32f10x_hd.o
    0x20000d90   0x00000400   Zero   RW          565    STACK               startup_stm32f10x_hd.o


==============================================================================

Image component sizes


      Code (inc. data)   RO Data    RW Data    ZI Data      Debug   Object Name

       508         20          0          1         60       1904   bsp_adc.o
      1464        148          0         96          0       3992   control.o
       340         30          0          0         42       2042   datascope_dp.o
       176          8          0          4          0       1059   delay.o
       860         32          0          0          0       2451   encoder.o
       188         10          0          1          0        808   key.o
       216         14          0          0          0        852   led.o
      2976        486          0        248        140     276990   main.o
       220         22          0          0          0       1833   misc.o
      2420         64       7696          0       1152       8188   oled.o
      1176         48          0         40          9       4344   pstwo.o
       888         64          0          8          0       3437   show.o
        64         26        304          0       1536        800   startup_stm32f10x_hd.o
      1102         26          0          0          0      10865   stm32f10x_adc.o
       596          8          0          0          0       4358   stm32f10x_dma.o
       860         38          0          0          0       5677   stm32f10x_gpio.o
        26          0          0          0          0       1194   stm32f10x_it.o
       932         36          0         20          0       8860   stm32f10x_rcc.o
      3610         88          0          0          0      22160   stm32f10x_tim.o
      1032         22          0          0          0       8400   stm32f10x_usart.o
       712         44          0          0          0       2803   sys.o
       480         38          0         20          0       1787   system_stm32f10x.o
      1016         44          0          0          0       3149   timer.o
      1668        104          0         12       1000       5970   usart.o

    ----------------------------------------------------------------------
     23536       1420       8034        456       3940     383923   Object Totals
         0          0         32          0          0          0   (incl. Generated)
         6          0          2          6          1          0   (incl. Padding)

    ----------------------------------------------------------------------

      Code (inc. data)   RO Data    RW Data    ZI Data      Debug   Library Member Name

        90          0          0          0          0          0   __dczerorl2.o
         8          0          0          0          0         68   __main.o
       104          0          0          0          0         84   __printf.o
         0          0          0          0          0          0   __rtentry.o
        12          0          0          0          0          0   __rtentry2.o
         6          0          0          0          0          0   __rtentry4.o
        52          8          0          0          0          0   __scatter.o
        28          0          0          0          0          0   __scatter_zi.o
        28          0          0          0          0         68   _chval.o
         6          0          0          0          0          0   _printf_c.o
        44          0          0          0          0        108   _printf_char.o
        48          6          0          0          0         96   _printf_char_common.o
        36          4          0          0          0         80   _printf_char_file.o
         6          0          0          0          0          0   _printf_d.o
       120         16          0          0          0         92   _printf_dec.o
       178          0          0          0          0         88   _printf_intcommon.o
         0          0          0          0          0          0   _printf_percent.o
         4          0          0          0          0          0   _printf_percent_end.o
        82          0          0          0          0         80   _printf_str.o
       158          0          0          0          0         92   _strtoul.o
        26          0          0          0          0         80   atoi.o
        12          0          0          0          0         72   exit.o
         8          0          0          0          0         68   ferror.o
         6          0          0          0          0        152   heapauxi.o
        44         10        272          0          0         76   lc_ctype_c.o
         2          0          0          0          0          0   libinit.o
        20          0          0          0          0          0   libinit2.o
         2          0          0          0          0          0   libshutdown.o
         2          0          0          0          0          0   libshutdown2.o
         8          4          0          0         96         68   libspace.o
        24          4          0          0          0         84   noretval__2printf.o
        16          4          0          0          0         76   rt_ctype_table.o
         8          4          0          0          0         68   rt_errno_addr_intlibspace.o
         8          4          0          0          0         68   rt_locale_intlibspace.o
         2          0          0          0          0          0   rtexit.o
        10          0          0          0          0          0   rtexit2.o
       128          0          0          0          0         68   strcmpv7m.o
        62          0          0          0          0         76   strlen.o
       112          0          0          0          0         88   strtol.o
        74          0          0          0          0         80   sys_stackheap_outer.o
         2          0          0          0          0         68   use_no_semi.o
         2          0          0          0          0         68   use_no_semi_2.o
        98          4          0          0          0         92   d2f.o
       688        140          0          0          0        208   ddiv.o
        94          4          0          0          0         92   dfix.o
        46          0          0          0          0         68   dflt_clz.o
       340         12          0          0          0        104   dmul.o
       156          4          0          0          0         92   dnaninf.o
        12          0          0          0          0         68   dretinf.o
        86          4          0          0          0         84   f2d.o
       450          8          0          0          0        236   faddsub_clz.o
       388         76          0          0          0         96   fdiv.o
        54          4          0          0          0         84   ffix.o
        62          4          0          0          0         84   ffixu.o
        86          0          0          0          0        136   fflt_clz.o
       258          4          0          0          0         84   fmul.o
       140          4          0          0          0         84   fnaninf.o
        10          0          0          0          0         68   fretinf.o
         0          0          0          0          0          0   usenofp.o

    ----------------------------------------------------------------------
      4574        332        272          0        100       3796   Library Totals
        18          0          0          0          4          0   (incl. Padding)

    ----------------------------------------------------------------------

      Code (inc. data)   RO Data    RW Data    ZI Data      Debug   Library Name

      1588         64        272          0         96       2116   c_w.l
      2968        268          0          0          0       1680   fz_ws.l

    ----------------------------------------------------------------------
      4574        332        272          0        100       3796   Library Totals

    ----------------------------------------------------------------------

==============================================================================


      Code (inc. data)   RO Data    RW Data    ZI Data      Debug   

     28110       1752       8306        456       4040     383399   Grand Totals
     28110       1752       8306        108       4040     383399   ELF Image Totals (compressed)
     28110       1752       8306        108          0          0   ROM Totals

==============================================================================

    Total RO  Size (Code + RO Data)                36416 (  35.56kB)
    Total RW  Size (RW Data + ZI Data)              4496 (   4.39kB)
    Total ROM Size (Code + RO Data + RW Data)      36524 (  35.67kB)

==============================================================================

