<html>
<body>
<pre>
<h1>礦ision Build Log</h1>
<h2>Tool Versions:</h2>
IDE-Version: μVision V5.25.3.0
Copyright (C) 2018 ARM Ltd and ARM Germany GmbH. All rights reserved.
License Information: kkk 1344081134@qq.com, 酷酷酷, LIC=FQQDY-IV09M-SE3H0-BI6GB-2GW9W-HB722
 
Tool Versions:
Toolchain:       MDK-ARM Professional  Version: 5.18
Toolchain Path:  C:\Keil5\ARM\ARMCC\Bin
C Compiler:      Armcc.exe V5.06 update 1 (build 61)
Assembler:       Armasm.exe V5.06 update 1 (build 61)
Linker/Locator:  ArmLink.exe V5.06 update 1 (build 61)
Library Manager: ArmAr.exe V5.06 update 1 (build 61)
Hex Converter:   FromElf.exe V5.06 update 1 (build 61)
CPU DLL:         SARMCM3.DLL V5.18
Dialog DLL:      DCM.DLL V1.13.6.0
Target DLL:      STLink\ST-LINKIII-KEIL_SWO.dll V2.0.18.0
Dialog DLL:      TCM.DLL V1.14.8.0
 
<h2>Project:</h2>
E:\Demo\工训赛-物流小车\程序\程序添加板间串口通讯的读写\510舵机板\USER\OLED.uvprojx
Project File Date:  04/11/2021

<h2>Output:</h2>
*** Using Compiler 'V5.06 update 1 (build 61)', folder: 'C:\Keil5\ARM\ARMCC\Bin'
Build target 'Target 1'
compiling main.c...
..\HARDWARE\OLED\oled.h(55): warning:  #1-D: last line of file ends without a newline
  #endif
..\HARDWARE\OLED\bmp.h(140): warning:  #1-D: last line of file ends without a newline
  #endif
main.c(46): warning:  #223-D: function "uart3_init" declared implicitly
  	uart3_init(115200);		//openmv
main.c: 3 warnings, 0 errors
linking...
Program Size: Code=12598 RO-data=6690 RW-data=2144 ZI-data=3632  
FromELF: creating hex file...
"..\OBJ\OLED.axf" - 0 Error(s), 3 Warning(s).

<h2>Software Packages used:</h2>

Package Vendor: Keil
                http://www.keil.com/pack/Keil.STM32F1xx_DFP.1.0.5.pack
                Keil.STM32F1xx_DFP.1.0.5
                STMicroelectronics STM32F1 Series Device Support, Drivers and Examples

<h2>Collection of Component include folders:</h2>
  .\RTE\_Target_1
  C:\Keil5\ARM\PACK\Keil\STM32F1xx_DFP\1.0.5\Device\Include

<h2>Collection of Component Files used:</h2>
Build Time Elapsed:  00:00:02
</pre>
</body>
</html>
