<html>
<body>
<pre>
<h1>礦ision Build Log</h1>
<h2>Tool Versions:</h2>
IDE-Version: μVision V5.14.0.0
Copyright (C) 2015 ARM Ltd and ARM Germany GmbH. All rights reserved.
License Information: EWRWE Administrator, WER, LIC=ZB445-GKZ4Z-V1YP8-3SA3M-ST458-ZM3F8
 
Tool Versions:
Toolchain:       MDK-ARM Standard  Version: 5.14.0.0
Toolchain Path:  C:\Keil_v5\ARM\ARMCC\Bin
C Compiler:      Armcc.exe V5.05 update 1 (build 106)
Assembler:       Armasm.exe V5.05 update 1 (build 106)
Linker/Locator:  ArmLink.exe V5.05 update 1 (build 106)
Library Manager: ArmAr.exe V5.05 update 1 (build 106)
Hex Converter:   FromElf.exe V5.05 update 1 (build 106)
CPU DLL:         SARMCM3.DLL V5.14.0.0
Dialog DLL:      DCM.DLL V1.13.1.0
Target DLL:      STLink\ST-LINKIII-KEIL_SWO.dll V2.0.14.0_KEIL
Dialog DLL:      TCM.DLL V1.14.4.0
 
<h2>Project:</h2>
E:\stm32项目\工训赛-物流小车\程序\参考\MPU-6050资料\04-程序源码\中景园电子MPU6050配合0.96OLED显示屏STM32F103C8T6_SPI例程\USER\OLED.uvprojx
Project File Date:  03/09/2019

<h2>Output:</h2>
Build target 'Target 1'
compiling core_cm3.c...
assembling startup_stm32f10x_hd.s...
compiling oled.c...
..\HARDWARE\OLED\oledfont.h(362): warning:  #1-D: last line of file ends without a newline
  #endif
..\HARDWARE\OLED\oled.c(135): warning:  #186-D: pointless comparison of unsigned integer with zero
        if((x1<0)||(x2>128)||(y1<0)||(y2>64)||(x1>x2)||(y1>y2))return;
..\HARDWARE\OLED\oled.c(135): warning:  #186-D: pointless comparison of unsigned integer with zero
        if((x1<0)||(x2>128)||(y1<0)||(y2>64)||(x1>x2)||(y1>y2))return;
..\HARDWARE\OLED\oled.c(134): warning:  #177-D: variable "y0" was declared but never referenced
        u8 i,k,k1,k2,y0;
..\HARDWARE\OLED\oled.c: 4 warnings, 0 errors
compiling MPU6050.c...
compiling mpuiic.c...
compiling inv_mpu_dmp_motion_driver.c...
compiling inv_mpu.c...
compiling parameter.c...
..\HARDWARE\MPU6050\parameter.c(220): warning:  #940-D: missing return statement at end of non-void function "Gyroscope_Adjust1"
  }
..\HARDWARE\MPU6050\parameter.c(253): warning:  #940-D: missing return statement at end of non-void function "Acceleration_Adjust1"
  }
..\HARDWARE\MPU6050\parameter.c: 2 warnings, 0 errors
compiling misc.c...
compiling stm32f10x_adc.c...
compiling stm32f10x_bkp.c...
compiling stm32f10x_can.c...
compiling stm32f10x_cec.c...
compiling stm32f10x_crc.c...
compiling stm32f10x_dac.c...
compiling stm32f10x_dbgmcu.c...
compiling stm32f10x_dma.c...
compiling stm32f10x_exti.c...
compiling stm32f10x_flash.c...
compiling stm32f10x_fsmc.c...
compiling stm32f10x_gpio.c...
compiling stm32f10x_i2c.c...
compiling stm32f10x_iwdg.c...
compiling stm32f10x_pwr.c...
compiling stm32f10x_rcc.c...
compiling stm32f10x_rtc.c...
compiling stm32f10x_sdio.c...
compiling stm32f10x_spi.c...
compiling stm32f10x_tim.c...
compiling stm32f10x_usart.c...
compiling stm32f10x_wwdg.c...
compiling delay.c...
compiling sys.c...
compiling usart.c...
compiling stm32f10x_it.c...
compiling system_stm32f10x.c...
compiling main.c...
linking...
Program Size: Code=24598 RO-data=9898 RW-data=144 ZI-data=3000  
FromELF: creating hex file...
"..\Object\OLED.axf" - 0 Error(s), 6 Warning(s).

<h2>Collection of Component include folders:</h2>
  E:\stm32项目\工训赛-物流小车\程序\参考\MPU-6050资料\04-程序源码\中景园电子MPU6050配合0.96OLED显示屏STM32F103C8T6_SPI例程\USER\RTE
  C:\Keil_v5\ARM\PACK\Keil\STM32F1xx_DFP\1.1.0\Device\Include

<h2>Collection of Component Files used:</h2>
</pre>
</body>
</html>
