<html>
<body>
<pre>
<h1>礦ision Build Log</h1>
<h2>Tool Versions:</h2>
IDE-Version: μVision V5.14.0.0
Copyright (C) 2015 ARM Ltd and ARM Germany GmbH. All rights reserved.
License Information: WU YILIN, NCEPU, LIC=P6FSB-2IUBD-IL4CB-290XG-FC8LK-Y9JBN
 
Tool Versions:
Toolchain:       MDK-ARM Professional  Version: 5.14.0.0
Toolchain Path:  E:\MDK5\Keil_v5\ARM\ARMCC\Bin
C Compiler:      Armcc.exe V5.05 update 1 (build 106)
Assembler:       Armasm.exe V5.05 update 1 (build 106)
Linker/Locator:  ArmLink.exe V5.05 update 1 (build 106)
Library Manager: ArmAr.exe V5.05 update 1 (build 106)
Hex Converter:   FromElf.exe V5.05 update 1 (build 106)
CPU DLL:         SARMCM3.DLL V5.14.0.0
Dialog DLL:      DARMSTM.DLL V1.65.0.0
Target DLL:      Segger\JL2CM3.dll V2.99.13.0
Dialog DLL:      TARMSTM.DLL V1.64.0.0
 
<h2>Project:</h2>
D:\4，程序源码\工巡赛\舵机\USER\PWM.uvprojx
Project File Date:  11/16/2019

<h2>Output:</h2>
Build target 'PWM'
compiling main.c...
main.c(40): warning:  #177-D: variable "problem_temp" was declared but never referenced
        u8 problem_temp = 0;                                    /* 临时变量 K1修改 K0确定后赋值给全局problem */
main.c: 1 warning, 0 errors
linking...
Program Size: Code=17658 RO-data=6434 RW-data=5372 ZI-data=3220  
FromELF: creating hex file...
"..\OBJ\PWM.axf" - 0 Error(s), 1 Warning(s).

<h2>Collection of Component include folders:</h2>
  D:\4，程序源码\工巡赛\舵机\USER\RTE
  E:\MDK5\Keil_v5\ARM\PACK\Keil\STM32F1xx_DFP\1.0.5\Device\Include

<h2>Collection of Component Files used:</h2>
</pre>
</body>
</html>
