<html>
<body>
<pre>
<h1>礦ision Build Log</h1>
<h2>Tool Versions:</h2>
IDE-Version: μVision V5.14.0.0
Copyright (C) 2015 ARM Ltd and ARM Germany GmbH. All rights reserved.
License Information: D D, D, LIC=VGXJJ-UVW7Y-VE0HA-1YCQ8-K6DJL-Z1QC8
 
Tool Versions:
Toolchain:       MDK-ARM Standard  Version: 5.14.0.0
Toolchain Path:  C:\SoftWarePath\MDK5\ARM\ARMCC\Bin
C Compiler:      Armcc.exe V5.05 update 1 (build 106)
Assembler:       Armasm.exe V5.05 update 1 (build 106)
Linker/Locator:  ArmLink.exe V5.05 update 1 (build 106)
Library Manager: ArmAr.exe V5.05 update 1 (build 106)
Hex Converter:   FromElf.exe V5.05 update 1 (build 106)
CPU DLL:         SARMCM3.DLL V5.14.0.0
Dialog DLL:      DCM.DLL V1.13.1.0
Target DLL:      STLink\ST-LINKIII-KEIL_SWO.dll V2.0.14.0_KEIL
Dialog DLL:      TCM.DLL V1.14.4.0
 
<h2>Project:</h2>
E:\店铺\产品\产品资料\3.串口直输红外循迹模块\3.参考程序\STM32模块数据读取程序\USER\CAR.uvprojx
Project File Date:  03/24/2021

<h2>Output:</h2>
Build target 'CAR'
compiling main.c...
main.c(35): warning:  #223-D: function "memset" declared implicitly
                        memset(USART3_RX_BUF, 0, sizeof(USART3_RX_BUF));//将获取到数组数据清零
main.c: 1 warning, 0 errors
compiling mstrack.c...
linking...
Program Size: Code=4500 RO-data=560 RW-data=56 ZI-data=3032  
FromELF: creating hex file...
"..\OBJ\LED.axf" - 0 Error(s), 1 Warning(s).

<h2>Collection of Component include folders:</h2>
  E:\店铺\产品\产品资料\3.串口直输红外循迹模块\3.参考程序\STM32模块数据读取程序\USER\RTE
  C:\SoftWarePath\MDK5\ARM\PACK\Keil\STM32F1xx_DFP\1.0.5\Device\Include

<h2>Collection of Component Files used:</h2>
</pre>
</body>
</html>
